device=AMD Custom GPU 0405 (RADV VANGOGH) actualX=1024 actualInv=1024
vendor=1002 device=163f api=4211018 driver=105263203 type=1
PASS upload format=4 scale=1 pixels=1024 bufferToImage=1 imageCopy=0 blit=0 host_us=841
ZERO_DEPTH canonicalizations=0 generation=0
PASS upload format=4 scale=1 pixels=1024 bufferToImage=1 imageCopy=0 blit=0 host_us=154
ZERO_DEPTH canonicalizations=0 generation=1
PASS upload format=4 scale=1 pixels=1024 bufferToImage=1 imageCopy=0 blit=0 host_us=199
ZERO_DEPTH canonicalizations=0 generation=2
PASS upload format=4 scale=1 pixels=1024 bufferToImage=1 imageCopy=0 blit=0 host_us=123
ZERO_DEPTH canonicalizations=0 generation=3
PASS upload format=4 scale=1 pixels=1024 bufferToImage=1 imageCopy=0 blit=0 host_us=100
ZERO_DEPTH canonicalizations=0 generation=4
PASS upload format=4 scale=1 pixels=1024 bufferToImage=1 imageCopy=0 blit=0 host_us=101
ZERO_DEPTH canonicalizations=0 generation=5
PASS upload format=4 scale=1 pixels=1024 bufferToImage=1 imageCopy=0 blit=0 host_us=100
ZERO_DEPTH canonicalizations=0 generation=6
PASS upload format=4 scale=1 pixels=1024 bufferToImage=1 imageCopy=0 blit=0 host_us=103
ZERO_DEPTH canonicalizations=0 generation=7
PASS upload format=4 scale=1 pixels=1024 bufferToImage=1 imageCopy=0 blit=0 host_us=101
ZERO_DEPTH canonicalizations=0 generation=8
PASS upload format=4 scale=1 pixels=1024 bufferToImage=1 imageCopy=0 blit=0 host_us=101
ZERO_DEPTH canonicalizations=0 generation=9
PASS upload format=4 scale=1 pixels=1024 bufferToImage=1 imageCopy=0 blit=0 host_us=93
ZERO_DEPTH canonicalizations=0 generation=10
PASS upload format=4 scale=1 pixels=1024 bufferToImage=1 imageCopy=0 blit=0 host_us=101
ZERO_DEPTH canonicalizations=0 generation=11
PASS upload format=4 scale=1 pixels=1024 bufferToImage=1 imageCopy=0 blit=0 host_us=105
ZERO_DEPTH canonicalizations=0 generation=12
PASS upload format=4 scale=1 pixels=1024 bufferToImage=1 imageCopy=0 blit=0 host_us=100
ZERO_DEPTH canonicalizations=0 generation=13
PASS upload format=4 scale=1 pixels=1024 bufferToImage=1 imageCopy=0 blit=0 host_us=109
ZERO_DEPTH canonicalizations=0 generation=14
PASS upload format=4 scale=1 pixels=1024 bufferToImage=1 imageCopy=0 blit=0 host_us=115
ZERO_DEPTH canonicalizations=0 generation=15
PASS upload format=4 scale=1 pixels=1024 bufferToImage=1 imageCopy=0 blit=0 host_us=101
ZERO_DEPTH canonicalizations=0 generation=16
PASS upload format=4 scale=1 pixels=1024 bufferToImage=1 imageCopy=0 blit=0 host_us=100
ZERO_DEPTH canonicalizations=0 generation=17
PASS upload format=4 scale=1 pixels=1024 bufferToImage=1 imageCopy=0 blit=0 host_us=99
ZERO_DEPTH canonicalizations=0 generation=18
PASS upload format=4 scale=1 pixels=1024 bufferToImage=1 imageCopy=0 blit=0 host_us=112
ZERO_DEPTH canonicalizations=0 generation=19
PASS upload format=4 scale=1 pixels=1024 bufferToImage=1 imageCopy=0 blit=0 host_us=103
ZERO_DEPTH canonicalizations=0 generation=20
PASS upload format=4 scale=1 pixels=1024 bufferToImage=1 imageCopy=0 blit=0 host_us=103
ZERO_DEPTH canonicalizations=0 generation=21
PASS upload format=4 scale=1 pixels=1024 bufferToImage=1 imageCopy=0 blit=0 host_us=109
ZERO_DEPTH canonicalizations=0 generation=22
PASS upload format=4 scale=1 pixels=1024 bufferToImage=1 imageCopy=0 blit=0 host_us=95
ZERO_DEPTH canonicalizations=0 generation=23
PASS upload format=4 scale=1 pixels=1024 bufferToImage=1 imageCopy=0 blit=0 host_us=141
ZERO_DEPTH canonicalizations=0 generation=24
PASS upload format=4 scale=1 pixels=1024 bufferToImage=1 imageCopy=0 blit=0 host_us=100
ZERO_DEPTH canonicalizations=0 generation=25
PASS upload format=4 scale=1 pixels=1024 bufferToImage=1 imageCopy=0 blit=0 host_us=109
ZERO_DEPTH canonicalizations=0 generation=26
PASS upload format=4 scale=1 pixels=1024 bufferToImage=1 imageCopy=0 blit=0 host_us=104
ZERO_DEPTH canonicalizations=0 generation=27
PASS upload format=4 scale=1 pixels=1024 bufferToImage=1 imageCopy=0 blit=0 host_us=103
ZERO_DEPTH canonicalizations=0 generation=28
PASS upload format=4 scale=1 pixels=1024 bufferToImage=1 imageCopy=0 blit=0 host_us=111
ZERO_DEPTH canonicalizations=0 generation=29
PASS upload format=4 scale=1 pixels=1024 bufferToImage=1 imageCopy=0 blit=0 host_us=102
ZERO_DEPTH canonicalizations=0 generation=30
PASS upload format=4 scale=1 pixels=1024 bufferToImage=1 imageCopy=0 blit=0 host_us=131
ZERO_DEPTH canonicalizations=0 generation=31
PASS upload format=4 scale=2 pixels=4096 bufferToImage=1 imageCopy=0 blit=1 host_us=538
ZERO_DEPTH canonicalizations=0 generation=0
PASS upload format=4 scale=2 pixels=4096 bufferToImage=1 imageCopy=0 blit=1 host_us=117
ZERO_DEPTH canonicalizations=0 generation=1
PASS upload format=4 scale=2 pixels=4096 bufferToImage=1 imageCopy=0 blit=1 host_us=145
ZERO_DEPTH canonicalizations=0 generation=2
PASS upload format=4 scale=2 pixels=4096 bufferToImage=1 imageCopy=0 blit=1 host_us=264
ZERO_DEPTH canonicalizations=0 generation=3
PASS upload format=4 scale=2 pixels=4096 bufferToImage=1 imageCopy=0 blit=1 host_us=126
ZERO_DEPTH canonicalizations=0 generation=4
PASS upload format=4 scale=2 pixels=4096 bufferToImage=1 imageCopy=0 blit=1 host_us=119
ZERO_DEPTH canonicalizations=0 generation=5
PASS upload format=4 scale=2 pixels=4096 bufferToImage=1 imageCopy=0 blit=1 host_us=123
ZERO_DEPTH canonicalizations=0 generation=6
PASS upload format=4 scale=2 pixels=4096 bufferToImage=1 imageCopy=0 blit=1 host_us=124
ZERO_DEPTH canonicalizations=0 generation=7
PASS upload format=4 scale=2 pixels=4096 bufferToImage=1 imageCopy=0 blit=1 host_us=119
ZERO_DEPTH canonicalizations=0 generation=8
PASS upload format=4 scale=2 pixels=4096 bufferToImage=1 imageCopy=0 blit=1 host_us=119
ZERO_DEPTH canonicalizations=0 generation=9
PASS upload format=4 scale=2 pixels=4096 bufferToImage=1 imageCopy=0 blit=1 host_us=118
ZERO_DEPTH canonicalizations=0 generation=10
PASS upload format=4 scale=2 pixels=4096 bufferToImage=1 imageCopy=0 blit=1 host_us=120
ZERO_DEPTH canonicalizations=0 generation=11
PASS upload format=4 scale=2 pixels=4096 bufferToImage=1 imageCopy=0 blit=1 host_us=119
ZERO_DEPTH canonicalizations=0 generation=12
PASS upload format=4 scale=2 pixels=4096 bufferToImage=1 imageCopy=0 blit=1 host_us=120
ZERO_DEPTH canonicalizations=0 generation=13
PASS upload format=4 scale=2 pixels=4096 bufferToImage=1 imageCopy=0 blit=1 host_us=116
ZERO_DEPTH canonicalizations=0 generation=14
PASS upload format=4 scale=2 pixels=4096 bufferToImage=1 imageCopy=0 blit=1 host_us=126
ZERO_DEPTH canonicalizations=0 generation=15
PASS upload format=4 scale=2 pixels=4096 bufferToImage=1 imageCopy=0 blit=1 host_us=119
ZERO_DEPTH canonicalizations=0 generation=16
PASS upload format=4 scale=2 pixels=4096 bufferToImage=1 imageCopy=0 blit=1 host_us=125
ZERO_DEPTH canonicalizations=0 generation=17
PASS upload format=4 scale=2 pixels=4096 bufferToImage=1 imageCopy=0 blit=1 host_us=120
ZERO_DEPTH canonicalizations=0 generation=18
PASS upload format=4 scale=2 pixels=4096 bufferToImage=1 imageCopy=0 blit=1 host_us=118
ZERO_DEPTH canonicalizations=0 generation=19
PASS upload format=4 scale=2 pixels=4096 bufferToImage=1 imageCopy=0 blit=1 host_us=119
ZERO_DEPTH canonicalizations=0 generation=20
PASS upload format=4 scale=2 pixels=4096 bufferToImage=1 imageCopy=0 blit=1 host_us=118
ZERO_DEPTH canonicalizations=0 generation=21
PASS upload format=4 scale=2 pixels=4096 bufferToImage=1 imageCopy=0 blit=1 host_us=119
ZERO_DEPTH canonicalizations=0 generation=22
PASS upload format=4 scale=2 pixels=4096 bufferToImage=1 imageCopy=0 blit=1 host_us=119
ZERO_DEPTH canonicalizations=0 generation=23
PASS upload format=4 scale=2 pixels=4096 bufferToImage=1 imageCopy=0 blit=1 host_us=125
ZERO_DEPTH canonicalizations=0 generation=24
PASS upload format=4 scale=2 pixels=4096 bufferToImage=1 imageCopy=0 blit=1 host_us=121
ZERO_DEPTH canonicalizations=0 generation=25
PASS upload format=4 scale=2 pixels=4096 bufferToImage=1 imageCopy=0 blit=1 host_us=119
ZERO_DEPTH canonicalizations=0 generation=26
PASS upload format=4 scale=2 pixels=4096 bufferToImage=1 imageCopy=0 blit=1 host_us=132
ZERO_DEPTH canonicalizations=0 generation=27
PASS upload format=4 scale=2 pixels=4096 bufferToImage=1 imageCopy=0 blit=1 host_us=119
ZERO_DEPTH canonicalizations=0 generation=28
PASS upload format=4 scale=2 pixels=4096 bufferToImage=1 imageCopy=0 blit=1 host_us=124
ZERO_DEPTH canonicalizations=0 generation=29
PASS upload format=4 scale=2 pixels=4096 bufferToImage=1 imageCopy=0 blit=1 host_us=118
ZERO_DEPTH canonicalizations=0 generation=30
PASS upload format=4 scale=2 pixels=4096 bufferToImage=1 imageCopy=0 blit=1 host_us=138
ZERO_DEPTH canonicalizations=0 generation=31
PASS upload format=37 scale=1 pixels=1024 bufferToImage=1 imageCopy=0 blit=0 host_us=152
ZERO_DEPTH canonicalizations=0 generation=0
PASS upload format=37 scale=1 pixels=1024 bufferToImage=1 imageCopy=0 blit=0 host_us=134
ZERO_DEPTH canonicalizations=0 generation=1
PASS upload format=37 scale=1 pixels=1024 bufferToImage=1 imageCopy=0 blit=0 host_us=106
ZERO_DEPTH canonicalizations=0 generation=2
PASS upload format=37 scale=1 pixels=1024 bufferToImage=1 imageCopy=0 blit=0 host_us=101
ZERO_DEPTH canonicalizations=0 generation=3
PASS upload format=37 scale=1 pixels=1024 bufferToImage=1 imageCopy=0 blit=0 host_us=111
ZERO_DEPTH canonicalizations=0 generation=4
PASS upload format=37 scale=1 pixels=1024 bufferToImage=1 imageCopy=0 blit=0 host_us=140
ZERO_DEPTH canonicalizations=0 generation=5
PASS upload format=37 scale=1 pixels=1024 bufferToImage=1 imageCopy=0 blit=0 host_us=114
ZERO_DEPTH canonicalizations=0 generation=6
PASS upload format=37 scale=1 pixels=1024 bufferToImage=1 imageCopy=0 blit=0 host_us=99
ZERO_DEPTH canonicalizations=0 generation=7
PASS upload format=37 scale=1 pixels=1024 bufferToImage=1 imageCopy=0 blit=0 host_us=89
ZERO_DEPTH canonicalizations=0 generation=8
PASS upload format=37 scale=1 pixels=1024 bufferToImage=1 imageCopy=0 blit=0 host_us=108
ZERO_DEPTH canonicalizations=0 generation=9
PASS upload format=37 scale=1 pixels=1024 bufferToImage=1 imageCopy=0 blit=0 host_us=98
ZERO_DEPTH canonicalizations=0 generation=10
PASS upload format=37 scale=1 pixels=1024 bufferToImage=1 imageCopy=0 blit=0 host_us=105
ZERO_DEPTH canonicalizations=0 generation=11
PASS upload format=37 scale=1 pixels=1024 bufferToImage=1 imageCopy=0 blit=0 host_us=110
ZERO_DEPTH canonicalizations=0 generation=12
PASS upload format=37 scale=1 pixels=1024 bufferToImage=1 imageCopy=0 blit=0 host_us=141
ZERO_DEPTH canonicalizations=0 generation=13
PASS upload format=37 scale=1 pixels=1024 bufferToImage=1 imageCopy=0 blit=0 host_us=124
ZERO_DEPTH canonicalizations=0 generation=14
PASS upload format=37 scale=1 pixels=1024 bufferToImage=1 imageCopy=0 blit=0 host_us=141
ZERO_DEPTH canonicalizations=0 generation=15
PASS upload format=37 scale=1 pixels=1024 bufferToImage=1 imageCopy=0 blit=0 host_us=124
ZERO_DEPTH canonicalizations=0 generation=16
PASS upload format=37 scale=1 pixels=1024 bufferToImage=1 imageCopy=0 blit=0 host_us=106
ZERO_DEPTH canonicalizations=0 generation=17
PASS upload format=37 scale=1 pixels=1024 bufferToImage=1 imageCopy=0 blit=0 host_us=99
ZERO_DEPTH canonicalizations=0 generation=18
PASS upload format=37 scale=1 pixels=1024 bufferToImage=1 imageCopy=0 blit=0 host_us=99
ZERO_DEPTH canonicalizations=0 generation=19
PASS upload format=37 scale=1 pixels=1024 bufferToImage=1 imageCopy=0 blit=0 host_us=100
ZERO_DEPTH canonicalizations=0 generation=20
PASS upload format=37 scale=1 pixels=1024 bufferToImage=1 imageCopy=0 blit=0 host_us=105
ZERO_DEPTH canonicalizations=0 generation=21
PASS upload format=37 scale=1 pixels=1024 bufferToImage=1 imageCopy=0 blit=0 host_us=111
ZERO_DEPTH canonicalizations=0 generation=22
PASS upload format=37 scale=1 pixels=1024 bufferToImage=1 imageCopy=0 blit=0 host_us=139
ZERO_DEPTH canonicalizations=0 generation=23
PASS upload format=37 scale=1 pixels=1024 bufferToImage=1 imageCopy=0 blit=0 host_us=148
ZERO_DEPTH canonicalizations=0 generation=24
PASS upload format=37 scale=1 pixels=1024 bufferToImage=1 imageCopy=0 blit=0 host_us=115
ZERO_DEPTH canonicalizations=0 generation=25
PASS upload format=37 scale=1 pixels=1024 bufferToImage=1 imageCopy=0 blit=0 host_us=106
ZERO_DEPTH canonicalizations=0 generation=26
PASS upload format=37 scale=1 pixels=1024 bufferToImage=1 imageCopy=0 blit=0 host_us=100
ZERO_DEPTH canonicalizations=0 generation=27
PASS upload format=37 scale=1 pixels=1024 bufferToImage=1 imageCopy=0 blit=0 host_us=100
ZERO_DEPTH canonicalizations=0 generation=28
PASS upload format=37 scale=1 pixels=1024 bufferToImage=1 imageCopy=0 blit=0 host_us=103
ZERO_DEPTH canonicalizations=0 generation=29
PASS upload format=37 scale=1 pixels=1024 bufferToImage=1 imageCopy=0 blit=0 host_us=142
ZERO_DEPTH canonicalizations=0 generation=30
PASS upload format=37 scale=1 pixels=1024 bufferToImage=1 imageCopy=0 blit=0 host_us=101
ZERO_DEPTH canonicalizations=0 generation=31
PASS upload format=37 scale=2 pixels=4096 bufferToImage=1 imageCopy=0 blit=1 host_us=121
ZERO_DEPTH canonicalizations=0 generation=0
PASS upload format=37 scale=2 pixels=4096 bufferToImage=1 imageCopy=0 blit=1 host_us=111
ZERO_DEPTH canonicalizations=0 generation=1
PASS upload format=37 scale=2 pixels=4096 bufferToImage=1 imageCopy=0 blit=1 host_us=209
ZERO_DEPTH canonicalizations=0 generation=2
PASS upload format=37 scale=2 pixels=4096 bufferToImage=1 imageCopy=0 blit=1 host_us=138
ZERO_DEPTH canonicalizations=0 generation=3
PASS upload format=37 scale=2 pixels=4096 bufferToImage=1 imageCopy=0 blit=1 host_us=175
ZERO_DEPTH canonicalizations=0 generation=4
PASS upload format=37 scale=2 pixels=4096 bufferToImage=1 imageCopy=0 blit=1 host_us=129
ZERO_DEPTH canonicalizations=0 generation=5
PASS upload format=37 scale=2 pixels=4096 bufferToImage=1 imageCopy=0 blit=1 host_us=183
ZERO_DEPTH canonicalizations=0 generation=6
PASS upload format=37 scale=2 pixels=4096 bufferToImage=1 imageCopy=0 blit=1 host_us=163
ZERO_DEPTH canonicalizations=0 generation=7
PASS upload format=37 scale=2 pixels=4096 bufferToImage=1 imageCopy=0 blit=1 host_us=140
ZERO_DEPTH canonicalizations=0 generation=8
PASS upload format=37 scale=2 pixels=4096 bufferToImage=1 imageCopy=0 blit=1 host_us=150
ZERO_DEPTH canonicalizations=0 generation=9
PASS upload format=37 scale=2 pixels=4096 bufferToImage=1 imageCopy=0 blit=1 host_us=211
ZERO_DEPTH canonicalizations=0 generation=10
PASS upload format=37 scale=2 pixels=4096 bufferToImage=1 imageCopy=0 blit=1 host_us=177
ZERO_DEPTH canonicalizations=0 generation=11
PASS upload format=37 scale=2 pixels=4096 bufferToImage=1 imageCopy=0 blit=1 host_us=160
ZERO_DEPTH canonicalizations=0 generation=12
PASS upload format=37 scale=2 pixels=4096 bufferToImage=1 imageCopy=0 blit=1 host_us=130
ZERO_DEPTH canonicalizations=0 generation=13
PASS upload format=37 scale=2 pixels=4096 bufferToImage=1 imageCopy=0 blit=1 host_us=122
ZERO_DEPTH canonicalizations=0 generation=14
PASS upload format=37 scale=2 pixels=4096 bufferToImage=1 imageCopy=0 blit=1 host_us=118
ZERO_DEPTH canonicalizations=0 generation=15
PASS upload format=37 scale=2 pixels=4096 bufferToImage=1 imageCopy=0 blit=1 host_us=121
ZERO_DEPTH canonicalizations=0 generation=16
PASS upload format=37 scale=2 pixels=4096 bufferToImage=1 imageCopy=0 blit=1 host_us=156
ZERO_DEPTH canonicalizations=0 generation=17
PASS upload format=37 scale=2 pixels=4096 bufferToImage=1 imageCopy=0 blit=1 host_us=127
ZERO_DEPTH canonicalizations=0 generation=18
PASS upload format=37 scale=2 pixels=4096 bufferToImage=1 imageCopy=0 blit=1 host_us=121
ZERO_DEPTH canonicalizations=0 generation=19
PASS upload format=37 scale=2 pixels=4096 bufferToImage=1 imageCopy=0 blit=1 host_us=211
ZERO_DEPTH canonicalizations=0 generation=20
PASS upload format=37 scale=2 pixels=4096 bufferToImage=1 imageCopy=0 blit=1 host_us=124
ZERO_DEPTH canonicalizations=0 generation=21
PASS upload format=37 scale=2 pixels=4096 bufferToImage=1 imageCopy=0 blit=1 host_us=119
ZERO_DEPTH canonicalizations=0 generation=22
PASS upload format=37 scale=2 pixels=4096 bufferToImage=1 imageCopy=0 blit=1 host_us=119
ZERO_DEPTH canonicalizations=0 generation=23
PASS upload format=37 scale=2 pixels=4096 bufferToImage=1 imageCopy=0 blit=1 host_us=212
ZERO_DEPTH canonicalizations=0 generation=24
PASS upload format=37 scale=2 pixels=4096 bufferToImage=1 imageCopy=0 blit=1 host_us=119
ZERO_DEPTH canonicalizations=0 generation=25
PASS upload format=37 scale=2 pixels=4096 bufferToImage=1 imageCopy=0 blit=1 host_us=117
ZERO_DEPTH canonicalizations=0 generation=26
PASS upload format=37 scale=2 pixels=4096 bufferToImage=1 imageCopy=0 blit=1 host_us=121
ZERO_DEPTH canonicalizations=0 generation=27
PASS upload format=37 scale=2 pixels=4096 bufferToImage=1 imageCopy=0 blit=1 host_us=209
ZERO_DEPTH canonicalizations=0 generation=28
PASS upload format=37 scale=2 pixels=4096 bufferToImage=1 imageCopy=0 blit=1 host_us=131
ZERO_DEPTH canonicalizations=0 generation=29
PASS upload format=37 scale=2 pixels=4096 bufferToImage=1 imageCopy=0 blit=1 host_us=133
ZERO_DEPTH canonicalizations=0 generation=30
PASS upload format=37 scale=2 pixels=4096 bufferToImage=1 imageCopy=0 blit=1 host_us=121
ZERO_DEPTH canonicalizations=0 generation=31
PASS upload format=124 scale=1 pixels=1024 bufferToImage=1 imageCopy=0 blit=0 host_us=390
ZERO_DEPTH canonicalizations=0 generation=0
PASS upload format=124 scale=1 pixels=1024 bufferToImage=1 imageCopy=0 blit=0 host_us=110
ZERO_DEPTH canonicalizations=0 generation=1
PASS upload format=124 scale=1 pixels=1024 bufferToImage=1 imageCopy=0 blit=0 host_us=113
ZERO_DEPTH canonicalizations=0 generation=2
PASS upload format=124 scale=1 pixels=1024 bufferToImage=1 imageCopy=0 blit=0 host_us=109
ZERO_DEPTH canonicalizations=0 generation=3
PASS upload format=124 scale=1 pixels=1024 bufferToImage=1 imageCopy=0 blit=0 host_us=107
ZERO_DEPTH canonicalizations=0 generation=4
PASS upload format=124 scale=1 pixels=1024 bufferToImage=1 imageCopy=0 blit=0 host_us=108
ZERO_DEPTH canonicalizations=0 generation=5
PASS upload format=124 scale=1 pixels=1024 bufferToImage=1 imageCopy=0 blit=0 host_us=112
ZERO_DEPTH canonicalizations=0 generation=6
PASS upload format=124 scale=1 pixels=1024 bufferToImage=1 imageCopy=0 blit=0 host_us=108
ZERO_DEPTH canonicalizations=0 generation=7
PASS upload format=124 scale=1 pixels=1024 bufferToImage=1 imageCopy=0 blit=0 host_us=99
ZERO_DEPTH canonicalizations=0 generation=8
PASS upload format=124 scale=1 pixels=1024 bufferToImage=1 imageCopy=0 blit=0 host_us=110
ZERO_DEPTH canonicalizations=0 generation=9
PASS upload format=124 scale=1 pixels=1024 bufferToImage=1 imageCopy=0 blit=0 host_us=107
ZERO_DEPTH canonicalizations=0 generation=10
PASS upload format=124 scale=1 pixels=1024 bufferToImage=1 imageCopy=0 blit=0 host_us=165
ZERO_DEPTH canonicalizations=0 generation=11
PASS upload format=124 scale=1 pixels=1024 bufferToImage=1 imageCopy=0 blit=0 host_us=171
ZERO_DEPTH canonicalizations=0 generation=12
PASS upload format=124 scale=1 pixels=1024 bufferToImage=1 imageCopy=0 blit=0 host_us=136
ZERO_DEPTH canonicalizations=0 generation=13
PASS upload format=124 scale=1 pixels=1024 bufferToImage=1 imageCopy=0 blit=0 host_us=138
ZERO_DEPTH canonicalizations=0 generation=14
PASS upload format=124 scale=1 pixels=1024 bufferToImage=1 imageCopy=0 blit=0 host_us=132
ZERO_DEPTH canonicalizations=0 generation=15
PASS upload format=124 scale=1 pixels=1024 bufferToImage=1 imageCopy=0 blit=0 host_us=106
ZERO_DEPTH canonicalizations=0 generation=16
PASS upload format=124 scale=1 pixels=1024 bufferToImage=1 imageCopy=0 blit=0 host_us=103
ZERO_DEPTH canonicalizations=0 generation=17
PASS upload format=124 scale=1 pixels=1024 bufferToImage=1 imageCopy=0 blit=0 host_us=163
ZERO_DEPTH canonicalizations=0 generation=18
PASS upload format=124 scale=1 pixels=1024 bufferToImage=1 imageCopy=0 blit=0 host_us=140
ZERO_DEPTH canonicalizations=0 generation=19
PASS upload format=124 scale=1 pixels=1024 bufferToImage=1 imageCopy=0 blit=0 host_us=132
ZERO_DEPTH canonicalizations=0 generation=20
PASS upload format=124 scale=1 pixels=1024 bufferToImage=1 imageCopy=0 blit=0 host_us=107
ZERO_DEPTH canonicalizations=0 generation=21
PASS upload format=124 scale=1 pixels=1024 bufferToImage=1 imageCopy=0 blit=0 host_us=109
ZERO_DEPTH canonicalizations=0 generation=22
PASS upload format=124 scale=1 pixels=1024 bufferToImage=1 imageCopy=0 blit=0 host_us=158
ZERO_DEPTH canonicalizations=0 generation=23
PASS upload format=124 scale=1 pixels=1024 bufferToImage=1 imageCopy=0 blit=0 host_us=143
ZERO_DEPTH canonicalizations=0 generation=24
PASS upload format=124 scale=1 pixels=1024 bufferToImage=1 imageCopy=0 blit=0 host_us=140
ZERO_DEPTH canonicalizations=0 generation=25
PASS upload format=124 scale=1 pixels=1024 bufferToImage=1 imageCopy=0 blit=0 host_us=104
ZERO_DEPTH canonicalizations=0 generation=26
PASS upload format=124 scale=1 pixels=1024 bufferToImage=1 imageCopy=0 blit=0 host_us=101
ZERO_DEPTH canonicalizations=0 generation=27
PASS upload format=124 scale=1 pixels=1024 bufferToImage=1 imageCopy=0 blit=0 host_us=104
ZERO_DEPTH canonicalizations=0 generation=28
PASS upload format=124 scale=1 pixels=1024 bufferToImage=1 imageCopy=0 blit=0 host_us=151
ZERO_DEPTH canonicalizations=0 generation=29
PASS upload format=124 scale=1 pixels=1024 bufferToImage=1 imageCopy=0 blit=0 host_us=163
ZERO_DEPTH canonicalizations=0 generation=30
PASS upload format=124 scale=1 pixels=1024 bufferToImage=1 imageCopy=0 blit=0 host_us=163
ZERO_DEPTH canonicalizations=0 generation=31
PASS upload format=124 scale=2 pixels=4096 bufferToImage=1 imageCopy=0 blit=1 host_us=481
ZERO_DEPTH canonicalizations=0 generation=0
PASS upload format=124 scale=2 pixels=4096 bufferToImage=1 imageCopy=0 blit=1 host_us=273
ZERO_DEPTH canonicalizations=0 generation=1
PASS upload format=124 scale=2 pixels=4096 bufferToImage=1 imageCopy=0 blit=1 host_us=214
ZERO_DEPTH canonicalizations=0 generation=2
PASS upload format=124 scale=2 pixels=4096 bufferToImage=1 imageCopy=0 blit=1 host_us=170
ZERO_DEPTH canonicalizations=0 generation=3
PASS upload format=124 scale=2 pixels=4096 bufferToImage=1 imageCopy=0 blit=1 host_us=184
ZERO_DEPTH canonicalizations=0 generation=4
PASS upload format=124 scale=2 pixels=4096 bufferToImage=1 imageCopy=0 blit=1 host_us=309
ZERO_DEPTH canonicalizations=0 generation=5
PASS upload format=124 scale=2 pixels=4096 bufferToImage=1 imageCopy=0 blit=1 host_us=154
ZERO_DEPTH canonicalizations=0 generation=6
PASS upload format=124 scale=2 pixels=4096 bufferToImage=1 imageCopy=0 blit=1 host_us=127
ZERO_DEPTH canonicalizations=0 generation=7
PASS upload format=124 scale=2 pixels=4096 bufferToImage=1 imageCopy=0 blit=1 host_us=127
ZERO_DEPTH canonicalizations=0 generation=8
PASS upload format=124 scale=2 pixels=4096 bufferToImage=1 imageCopy=0 blit=1 host_us=129
ZERO_DEPTH canonicalizations=0 generation=9
PASS upload format=124 scale=2 pixels=4096 bufferToImage=1 imageCopy=0 blit=1 host_us=123
ZERO_DEPTH canonicalizations=0 generation=10
PASS upload format=124 scale=2 pixels=4096 bufferToImage=1 imageCopy=0 blit=1 host_us=122
ZERO_DEPTH canonicalizations=0 generation=11
PASS upload format=124 scale=2 pixels=4096 bufferToImage=1 imageCopy=0 blit=1 host_us=118
ZERO_DEPTH canonicalizations=0 generation=12
PASS upload format=124 scale=2 pixels=4096 bufferToImage=1 imageCopy=0 blit=1 host_us=132
ZERO_DEPTH canonicalizations=0 generation=13
PASS upload format=124 scale=2 pixels=4096 bufferToImage=1 imageCopy=0 blit=1 host_us=159
ZERO_DEPTH canonicalizations=0 generation=14
PASS upload format=124 scale=2 pixels=4096 bufferToImage=1 imageCopy=0 blit=1 host_us=130
ZERO_DEPTH canonicalizations=0 generation=15
PASS upload format=124 scale=2 pixels=4096 bufferToImage=1 imageCopy=0 blit=1 host_us=118
ZERO_DEPTH canonicalizations=0 generation=16
PASS upload format=124 scale=2 pixels=4096 bufferToImage=1 imageCopy=0 blit=1 host_us=124
ZERO_DEPTH canonicalizations=0 generation=17
PASS upload format=124 scale=2 pixels=4096 bufferToImage=1 imageCopy=0 blit=1 host_us=175
ZERO_DEPTH canonicalizations=0 generation=18
PASS upload format=124 scale=2 pixels=4096 bufferToImage=1 imageCopy=0 blit=1 host_us=242
ZERO_DEPTH canonicalizations=0 generation=19
PASS upload format=124 scale=2 pixels=4096 bufferToImage=1 imageCopy=0 blit=1 host_us=365
ZERO_DEPTH canonicalizations=0 generation=20
PASS upload format=124 scale=2 pixels=4096 bufferToImage=1 imageCopy=0 blit=1 host_us=183
ZERO_DEPTH canonicalizations=0 generation=21
PASS upload format=124 scale=2 pixels=4096 bufferToImage=1 imageCopy=0 blit=1 host_us=157
ZERO_DEPTH canonicalizations=0 generation=22
PASS upload format=124 scale=2 pixels=4096 bufferToImage=1 imageCopy=0 blit=1 host_us=114
ZERO_DEPTH canonicalizations=0 generation=23
PASS upload format=124 scale=2 pixels=4096 bufferToImage=1 imageCopy=0 blit=1 host_us=154
ZERO_DEPTH canonicalizations=0 generation=24
PASS upload format=124 scale=2 pixels=4096 bufferToImage=1 imageCopy=0 blit=1 host_us=157
ZERO_DEPTH canonicalizations=0 generation=25
PASS upload format=124 scale=2 pixels=4096 bufferToImage=1 imageCopy=0 blit=1 host_us=126
ZERO_DEPTH canonicalizations=0 generation=26
PASS upload format=124 scale=2 pixels=4096 bufferToImage=1 imageCopy=0 blit=1 host_us=168
ZERO_DEPTH canonicalizations=0 generation=27
PASS upload format=124 scale=2 pixels=4096 bufferToImage=1 imageCopy=0 blit=1 host_us=245
ZERO_DEPTH canonicalizations=0 generation=28
PASS upload format=124 scale=2 pixels=4096 bufferToImage=1 imageCopy=0 blit=1 host_us=170
ZERO_DEPTH canonicalizations=0 generation=29
PASS upload format=124 scale=2 pixels=4096 bufferToImage=1 imageCopy=0 blit=1 host_us=120
ZERO_DEPTH canonicalizations=0 generation=30
PASS upload format=124 scale=2 pixels=4096 bufferToImage=1 imageCopy=0 blit=1 host_us=121
ZERO_DEPTH canonicalizations=0 generation=31
SKIP format=129 unsupported
PASS upload format=130 scale=1 pixels=1024 bufferToImage=1 imageCopy=0 blit=0 host_us=163566
ZERO_DEPTH canonicalizations=1 generation=0
PASS upload format=130 scale=1 pixels=1024 bufferToImage=1 imageCopy=0 blit=0 host_us=199
ZERO_DEPTH canonicalizations=0 generation=1
PASS upload format=130 scale=1 pixels=1024 bufferToImage=1 imageCopy=0 blit=0 host_us=146
ZERO_DEPTH canonicalizations=1 generation=2
PASS upload format=130 scale=1 pixels=1024 bufferToImage=1 imageCopy=0 blit=0 host_us=121
ZERO_DEPTH canonicalizations=0 generation=3
PASS upload format=130 scale=1 pixels=1024 bufferToImage=1 imageCopy=0 blit=0 host_us=126
ZERO_DEPTH canonicalizations=1 generation=4
PASS upload format=130 scale=1 pixels=1024 bufferToImage=1 imageCopy=0 blit=0 host_us=116
ZERO_DEPTH canonicalizations=0 generation=5
PASS upload format=130 scale=1 pixels=1024 bufferToImage=1 imageCopy=0 blit=0 host_us=120
ZERO_DEPTH canonicalizations=1 generation=6
PASS upload format=130 scale=1 pixels=1024 bufferToImage=1 imageCopy=0 blit=0 host_us=119
ZERO_DEPTH canonicalizations=0 generation=7
PASS upload format=130 scale=1 pixels=1024 bufferToImage=1 imageCopy=0 blit=0 host_us=123
ZERO_DEPTH canonicalizations=1 generation=8
PASS upload format=130 scale=1 pixels=1024 bufferToImage=1 imageCopy=0 blit=0 host_us=127
ZERO_DEPTH canonicalizations=0 generation=9
PASS upload format=130 scale=1 pixels=1024 bufferToImage=1 imageCopy=0 blit=0 host_us=112
ZERO_DEPTH canonicalizations=1 generation=10
PASS upload format=130 scale=1 pixels=1024 bufferToImage=1 imageCopy=0 blit=0 host_us=112
ZERO_DEPTH canonicalizations=0 generation=11
PASS upload format=130 scale=1 pixels=1024 bufferToImage=1 imageCopy=0 blit=0 host_us=114
ZERO_DEPTH canonicalizations=1 generation=12
PASS upload format=130 scale=1 pixels=1024 bufferToImage=1 imageCopy=0 blit=0 host_us=113
ZERO_DEPTH canonicalizations=0 generation=13
PASS upload format=130 scale=1 pixels=1024 bufferToImage=1 imageCopy=0 blit=0 host_us=112
ZERO_DEPTH canonicalizations=1 generation=14
PASS upload format=130 scale=1 pixels=1024 bufferToImage=1 imageCopy=0 blit=0 host_us=113
ZERO_DEPTH canonicalizations=0 generation=15
PASS upload format=130 scale=1 pixels=1024 bufferToImage=1 imageCopy=0 blit=0 host_us=139
ZERO_DEPTH canonicalizations=1 generation=16
PASS upload format=130 scale=1 pixels=1024 bufferToImage=1 imageCopy=0 blit=0 host_us=121
ZERO_DEPTH canonicalizations=0 generation=17
PASS upload format=130 scale=1 pixels=1024 bufferToImage=1 imageCopy=0 blit=0 host_us=115
ZERO_DEPTH canonicalizations=1 generation=18
PASS upload format=130 scale=1 pixels=1024 bufferToImage=1 imageCopy=0 blit=0 host_us=113
ZERO_DEPTH canonicalizations=0 generation=19
PASS upload format=130 scale=1 pixels=1024 bufferToImage=1 imageCopy=0 blit=0 host_us=131
ZERO_DEPTH canonicalizations=1 generation=20
PASS upload format=130 scale=1 pixels=1024 bufferToImage=1 imageCopy=0 blit=0 host_us=113
ZERO_DEPTH canonicalizations=0 generation=21
PASS upload format=130 scale=1 pixels=1024 bufferToImage=1 imageCopy=0 blit=0 host_us=119
ZERO_DEPTH canonicalizations=1 generation=22
PASS upload format=130 scale=1 pixels=1024 bufferToImage=1 imageCopy=0 blit=0 host_us=125
ZERO_DEPTH canonicalizations=0 generation=23
PASS upload format=130 scale=1 pixels=1024 bufferToImage=1 imageCopy=0 blit=0 host_us=112
ZERO_DEPTH canonicalizations=1 generation=24
PASS upload format=130 scale=1 pixels=1024 bufferToImage=1 imageCopy=0 blit=0 host_us=116
ZERO_DEPTH canonicalizations=0 generation=25
PASS upload format=130 scale=1 pixels=1024 bufferToImage=1 imageCopy=0 blit=0 host_us=121
ZERO_DEPTH canonicalizations=1 generation=26
PASS upload format=130 scale=1 pixels=1024 bufferToImage=1 imageCopy=0 blit=0 host_us=119
ZERO_DEPTH canonicalizations=0 generation=27
PASS upload format=130 scale=1 pixels=1024 bufferToImage=1 imageCopy=0 blit=0 host_us=126
ZERO_DEPTH canonicalizations=1 generation=28
PASS upload format=130 scale=1 pixels=1024 bufferToImage=1 imageCopy=0 blit=0 host_us=112
ZERO_DEPTH canonicalizations=0 generation=29
PASS upload format=130 scale=1 pixels=1024 bufferToImage=1 imageCopy=0 blit=0 host_us=113
ZERO_DEPTH canonicalizations=1 generation=30
PASS upload format=130 scale=1 pixels=1024 bufferToImage=1 imageCopy=0 blit=0 host_us=113
ZERO_DEPTH canonicalizations=0 generation=31
PASS upload format=130 scale=2 pixels=4096 bufferToImage=1 imageCopy=0 blit=0 host_us=141
ZERO_DEPTH canonicalizations=4 generation=0
PASS upload format=130 scale=2 pixels=4096 bufferToImage=1 imageCopy=0 blit=0 host_us=201
ZERO_DEPTH canonicalizations=0 generation=1
PASS upload format=130 scale=2 pixels=4096 bufferToImage=1 imageCopy=0 blit=0 host_us=194
ZERO_DEPTH canonicalizations=4 generation=2
PASS upload format=130 scale=2 pixels=4096 bufferToImage=1 imageCopy=0 blit=0 host_us=283
ZERO_DEPTH canonicalizations=0 generation=3
PASS upload format=130 scale=2 pixels=4096 bufferToImage=1 imageCopy=0 blit=0 host_us=215
ZERO_DEPTH canonicalizations=4 generation=4
PASS upload format=130 scale=2 pixels=4096 bufferToImage=1 imageCopy=0 blit=0 host_us=214
ZERO_DEPTH canonicalizations=0 generation=5
PASS upload format=130 scale=2 pixels=4096 bufferToImage=1 imageCopy=0 blit=0 host_us=204
ZERO_DEPTH canonicalizations=4 generation=6
PASS upload format=130 scale=2 pixels=4096 bufferToImage=1 imageCopy=0 blit=0 host_us=194
ZERO_DEPTH canonicalizations=0 generation=7
PASS upload format=130 scale=2 pixels=4096 bufferToImage=1 imageCopy=0 blit=0 host_us=227
ZERO_DEPTH canonicalizations=4 generation=8
PASS upload format=130 scale=2 pixels=4096 bufferToImage=1 imageCopy=0 blit=0 host_us=214
ZERO_DEPTH canonicalizations=0 generation=9
PASS upload format=130 scale=2 pixels=4096 bufferToImage=1 imageCopy=0 blit=0 host_us=329
ZERO_DEPTH canonicalizations=4 generation=10
PASS upload format=130 scale=2 pixels=4096 bufferToImage=1 imageCopy=0 blit=0 host_us=248
ZERO_DEPTH canonicalizations=0 generation=11
PASS upload format=130 scale=2 pixels=4096 bufferToImage=1 imageCopy=0 blit=0 host_us=266
ZERO_DEPTH canonicalizations=4 generation=12
PASS upload format=130 scale=2 pixels=4096 bufferToImage=1 imageCopy=0 blit=0 host_us=278
ZERO_DEPTH canonicalizations=0 generation=13
PASS upload format=130 scale=2 pixels=4096 bufferToImage=1 imageCopy=0 blit=0 host_us=244
ZERO_DEPTH canonicalizations=4 generation=14
PASS upload format=130 scale=2 pixels=4096 bufferToImage=1 imageCopy=0 blit=0 host_us=261
ZERO_DEPTH canonicalizations=0 generation=15
PASS upload format=130 scale=2 pixels=4096 bufferToImage=1 imageCopy=0 blit=0 host_us=263
ZERO_DEPTH canonicalizations=4 generation=16
PASS upload format=130 scale=2 pixels=4096 bufferToImage=1 imageCopy=0 blit=0 host_us=271
ZERO_DEPTH canonicalizations=0 generation=17
PASS upload format=130 scale=2 pixels=4096 bufferToImage=1 imageCopy=0 blit=0 host_us=380
ZERO_DEPTH canonicalizations=4 generation=18
PASS upload format=130 scale=2 pixels=4096 bufferToImage=1 imageCopy=0 blit=0 host_us=266
ZERO_DEPTH canonicalizations=0 generation=19
PASS upload format=130 scale=2 pixels=4096 bufferToImage=1 imageCopy=0 blit=0 host_us=268
ZERO_DEPTH canonicalizations=4 generation=20
PASS upload format=130 scale=2 pixels=4096 bufferToImage=1 imageCopy=0 blit=0 host_us=375
ZERO_DEPTH canonicalizations=0 generation=21
PASS upload format=130 scale=2 pixels=4096 bufferToImage=1 imageCopy=0 blit=0 host_us=272
ZERO_DEPTH canonicalizations=4 generation=22
PASS upload format=130 scale=2 pixels=4096 bufferToImage=1 imageCopy=0 blit=0 host_us=261
ZERO_DEPTH canonicalizations=0 generation=23
PASS upload format=130 scale=2 pixels=4096 bufferToImage=1 imageCopy=0 blit=0 host_us=410
ZERO_DEPTH canonicalizations=4 generation=24
PASS upload format=130 scale=2 pixels=4096 bufferToImage=1 imageCopy=0 blit=0 host_us=270
ZERO_DEPTH canonicalizations=0 generation=25
PASS upload format=130 scale=2 pixels=4096 bufferToImage=1 imageCopy=0 blit=0 host_us=268
ZERO_DEPTH canonicalizations=4 generation=26
PASS upload format=130 scale=2 pixels=4096 bufferToImage=1 imageCopy=0 blit=0 host_us=377
ZERO_DEPTH canonicalizations=0 generation=27
PASS upload format=130 scale=2 pixels=4096 bufferToImage=1 imageCopy=0 blit=0 host_us=277
ZERO_DEPTH canonicalizations=4 generation=28
PASS upload format=130 scale=2 pixels=4096 bufferToImage=1 imageCopy=0 blit=0 host_us=288
ZERO_DEPTH canonicalizations=0 generation=29
PASS upload format=130 scale=2 pixels=4096 bufferToImage=1 imageCopy=0 blit=0 host_us=407
ZERO_DEPTH canonicalizations=4 generation=30
PASS upload format=130 scale=2 pixels=4096 bufferToImage=1 imageCopy=0 blit=0 host_us=247
ZERO_DEPTH canonicalizations=0 generation=31
RESULT validation=unavailable errors=0
