device=AMD Custom GPU 0405 (RADV VANGOGH) actualX=1024 actualInv=1024
vendor=1002 device=163f api=4211018 driver=105263203 type=1
PASS format=129 unpack scale=1 pixels=1024 deviceX=1024 inv=1024
PASS format=129 unpack scale=2 pixels=4096 deviceX=1024 inv=1024
PASS format=129 pack scale=1 pixels=1024 deviceX=1024 inv=1024
PASS format=129 pack scale=2 pixels=1024 deviceX=1024 inv=1024
PASS format=130 unpack scale=1 pixels=1024 deviceX=1024 inv=1024
PASS format=130 unpack scale=2 pixels=4096 deviceX=1024 inv=1024
PASS format=130 pack scale=1 pixels=1024 deviceX=1024 inv=1024
PASS format=130 pack scale=2 pixels=1024 deviceX=1024 inv=1024
PASS format=129 unpack scale=1 pixels=1024 deviceX=256 inv=1024
PASS format=129 unpack scale=2 pixels=4096 deviceX=256 inv=1024
PASS format=129 pack scale=1 pixels=1024 deviceX=256 inv=1024
PASS format=129 pack scale=2 pixels=1024 deviceX=256 inv=1024
PASS format=130 unpack scale=1 pixels=1024 deviceX=256 inv=1024
PASS format=130 unpack scale=2 pixels=4096 deviceX=256 inv=1024
PASS format=130 pack scale=1 pixels=1024 deviceX=256 inv=1024
PASS format=130 pack scale=2 pixels=1024 deviceX=256 inv=1024
PASS format=129 unpack scale=1 pixels=1024 deviceX=256 inv=128
PASS format=129 unpack scale=2 pixels=4096 deviceX=256 inv=128
PASS format=129 pack scale=1 pixels=1024 deviceX=256 inv=128
PASS format=129 pack scale=2 pixels=1024 deviceX=256 inv=128
PASS format=130 unpack scale=1 pixels=1024 deviceX=256 inv=128
PASS format=130 unpack scale=2 pixels=4096 deviceX=256 inv=128
PASS format=130 pack scale=1 pixels=1024 deviceX=256 inv=128
PASS format=130 pack scale=2 pixels=1024 deviceX=256 inv=128
PASS format=129 unpack scale=1 pixels=1000 deviceX=192 inv=1024
PASS format=129 unpack scale=2 pixels=4000 deviceX=192 inv=1024
PASS format=129 pack scale=1 pixels=1000 deviceX=192 inv=1024
PASS format=129 pack scale=2 pixels=1000 deviceX=192 inv=1024
PASS format=130 unpack scale=1 pixels=1000 deviceX=192 inv=1024
PASS format=130 unpack scale=2 pixels=4000 deviceX=192 inv=1024
PASS format=130 pack scale=1 pixels=1000 deviceX=192 inv=1024
PASS format=130 pack scale=2 pixels=1000 deviceX=192 inv=1024
PASS unswizzle 32x32 bytes=4096 guard=256 rejected-without-descriptor=5
PASS unswizzle 16x32 bytes=2048 guard=256 rejected-without-descriptor=5
PASS unswizzle 32x16 bytes=2048 guard=256 rejected-without-descriptor=5
PASS unswizzle 1x1 bytes=4 guard=256 rejected-without-descriptor=5
PASS unswizzle 2x4 bytes=32 guard=256 rejected-without-descriptor=5
RESULT validation=unavailable errors=0
PASS 32 actual adapter dispatches
