compile 0
TAP version 14
# random seed: R02Sd9b05200e4c2f16b78416e6b65a0d926
1..20
# Start of mcpx-apu tests
# Start of sample-memory tests
ok 1 /mcpx-apu/sample-memory/real-mapping-replaced-between-words
ok 2 /mcpx-apu/sample-memory/real-ram-mono
ok 3 /mcpx-apu/sample-memory/real-ram-stereo
ok 4 /mcpx-apu/sample-memory/decoded-mono-ram
ok 5 /mcpx-apu/sample-memory/decoded-mono-sge-crossing
ok 6 /mcpx-apu/sample-memory/decoded-stereo-ram
ok 7 /mcpx-apu/sample-memory/decoded-stereo-sge-crossing
ok 8 /mcpx-apu/sample-memory/mmio-payload
ok 9 /mcpx-apu/sample-memory/threaded-mapping-replaced
ok 10 /mcpx-apu/sample-memory/threaded-table-base-change
ok 11 /mcpx-apu/sample-memory/threaded-descriptor-change
ok 12 /mcpx-apu/sample-memory/owned-ram-retirement
ok 13 /mcpx-apu/sample-memory/owned-ram-resize
# slow test /mcpx-apu/sample-memory/owned-ram-resize executed in 0.57 secs
ok 14 /mcpx-apu/sample-memory/shared-descriptor
ok 15 /mcpx-apu/sample-memory/callback-page-reuse
ok 16 /mcpx-apu/sample-memory/32-bit-payload-address
ok 17 /mcpx-apu/sample-memory/partial-word-mapping
ok 18 /mcpx-apu/sample-memory/unmapped-payload
ok 19 /mcpx-apu/sample-memory/empty-marker-cleanup
ok 20 /mcpx-apu/sample-memory/descriptor-only-marker-cleanup
# End of sample-memory tests
# End of mcpx-apu tests

