PASS QMP readiness retries a timed-out handshake
PASS QMP readiness stops at the configured deadline
PASS QMP readiness preserves caller cancellation
PASS HTTP defaults to a remotely reachable bind address
PASS preflight validates exact executable hash
PASS artifact checks reject blank screenshots when requested
PASS artifact checks support thresholded image regions
PASS workspace lease excludes a second owner and can be reacquired
PASS recovery requires released ownership before archiving durable results
PASS recovery retains durable retry intent and excludes cleanup failure
PASS package archival retries transient file locks
PASS watchdog trips only after consecutive failed probes
PASS preview is single-flight and run-scoped
PASS preview failure is backed off instead of repeatedly capturing
PASS large evidence tail is bounded and ranges remain 64 bit
PASS watchdog cancellation is not an unresponsive verdict
PASS Win32 INPUT layout matches pointer width
PASS transfer started while idle marks the next active run
PASS diagnostic recipes reject ambiguous RenderDoc capture semantics
PASS perf clock selection is explicit and opt-in
PASS job package validates diagnostic references and ignores runtime package property
PASS quit is accepted only as the final plan step
PASS diagnostic tool catalog reports an explicit missing executable
PASS QMP monitor and external recipes validate bounded configuration
PASS benchmark intervention remains visible in final summary
PASS native input failure cannot qualify a comparison
PASS workstation rendering risk flags lock display sleep and battery saver
PASS runner publishes host telemetry while idle
PASS queue holds incomplete and changing packages before claim
PASS automation exit codes distinguish success failure and queue blockage
PASS terminal display loss leaves the engine authoritative
PASS engine failure survives terminal display loss
PASS terminal error reporting preserves the original failure
PASS missing terminal fallback cannot terminate the runner
PASS diagnostic timeout archives failure and continues the queue
PASS one-shot runner processes at most one queued package
PASS advertised HTTP address never reports wildcard when an override is supplied
PASS system telemetry produces baseline process and memory values
PASS runner completes a queued QMP job and retains its evidence
PASS release identity is available to the CLI and evidence
Failures: 0
