device=llvmpipe (LLVM 19.1.7, 256 bits) actualX=1024 actualInv=1024
vendor=10005 device=0000 api=4211036 driver=109056002 type=4
PASS retained format=124 GPU-readback-owned-bytes/padding/eviction/full-rebind-no-upload
PASS retained format=124 partial-guest-write/reject-reuse/dirty-page-supersedes
Vulkan surface readback map failed: -5
Vulkan surface readback invalidate failed: -5
PASS retained format=124 failed-map/failed-invalidate/no-publication/recovery
PASS retained format=124 newer-producer-blocks/flush-releases-image-and-reference
PASS retained format=124 prune12-to10/reset-flush-destroys-all
PASS retained format=129 GPU-readback-owned-bytes/padding/eviction/full-rebind-no-upload
PASS retained format=129 partial-guest-write/reject-reuse/dirty-page-supersedes
Vulkan surface readback map failed: -5
Vulkan surface readback invalidate failed: -5
PASS retained format=129 failed-map/failed-invalidate/no-publication/recovery
PASS retained format=129 newer-producer-blocks/flush-releases-image-and-reference
PASS retained format=129 prune12-to10/reset-flush-destroys-all
PASS retained format=130 GPU-readback-owned-bytes/padding/eviction/full-rebind-no-upload
PASS retained format=130 partial-guest-write/reject-reuse/dirty-page-supersedes
Vulkan surface readback map failed: -5
Vulkan surface readback invalidate failed: -5
PASS retained format=130 failed-map/failed-invalidate/no-publication/recovery
PASS retained format=130 newer-producer-blocks/flush-releases-image-and-reference
PASS retained format=130 prune12-to10/reset-flush-destroys-all
RESULT validation=enabled errors=0
