ninja: Entering directory `build-probe'
[1/1231] Generating qemu-version.h with a custom command (wrapped by meson to capture output)
[2/1231] Generating xemu-version-macro.h with a custom command (wrapped by meson to capture output)
[3/1231] Compiling C object libqemuutil.a.p/meson-generated_.._qapi_qapi-emit-events.c.o
[4/1231] Compiling C object libqemuutil.a.p/meson-generated_.._qapi_qapi-builtin-types.c.o
[5/1231] Compiling C object libqemuutil.a.p/meson-generated_.._qapi_qapi-commands.c.o
[6/1231] Compiling C object libqemuutil.a.p/meson-generated_.._qapi_qapi-types.c.o
[7/1231] Compiling C object libqemuutil.a.p/meson-generated_.._qapi_qapi-visit.c.o
[8/1231] Compiling C object libqemuutil.a.p/meson-generated_.._qapi_qapi-events.c.o
[9/1231] Compiling C object libqemuutil.a.p/meson-generated_.._qapi_qapi-types-authz.c.o
[10/1231] Compiling C object libqemuutil.a.p/meson-generated_.._qapi_qapi-init-commands.c.o
[11/1231] Compiling C object libqemuutil.a.p/meson-generated_.._qapi_qapi-events-authz.c.o
[12/1231] Compiling C object libqemuutil.a.p/meson-generated_.._qapi_qapi-commands-authz.c.o
[13/1231] Compiling C object libqemuutil.a.p/meson-generated_.._qapi_qapi-builtin-visit.c.o
[14/1231] Compiling C object libqemuutil.a.p/meson-generated_.._qapi_qapi-types-block.c.o
[15/1231] Compiling C object libqemuutil.a.p/meson-generated_.._qapi_qapi-visit-authz.c.o
[16/1231] Compiling C object libqemuutil.a.p/meson-generated_.._qapi_qapi-events-block.c.o
[17/1231] Compiling C object libqemuutil.a.p/meson-generated_.._qapi_qapi-introspect.c.o
[18/1231] Compiling C object libqemuutil.a.p/meson-generated_.._qapi_qapi-visit-block.c.o
[19/1231] Compiling C object libqemuutil.a.p/meson-generated_.._qapi_qapi-commands-block.c.o
[20/1231] Compiling C object libqemuutil.a.p/meson-generated_.._qapi_qapi-types-block-export.c.o
[21/1231] Compiling C object libqemuutil.a.p/meson-generated_.._qapi_qapi-events-block-core.c.o
[22/1231] Compiling C object libqemuutil.a.p/meson-generated_.._qapi_qapi-events-block-export.c.o
[23/1231] Compiling C object libqemuutil.a.p/meson-generated_.._qapi_qapi-events-char.c.o
[24/1231] Compiling C object libqemuutil.a.p/meson-generated_.._qapi_qapi-visit-block-export.c.o
[25/1231] Compiling C object libqemuutil.a.p/meson-generated_.._qapi_qapi-types-char.c.o
[26/1231] Compiling C object libqemuutil.a.p/meson-generated_.._qapi_qapi-types-block-core.c.o
[27/1231] Compiling C object libqemuutil.a.p/meson-generated_.._qapi_qapi-commands-block-export.c.o
[28/1231] Compiling C object libqemuutil.a.p/meson-generated_.._qapi_qapi-events-common.c.o
[29/1231] Compiling C object libqemuutil.a.p/meson-generated_.._qapi_qapi-types-common.c.o
[30/1231] Compiling C object libqemuutil.a.p/meson-generated_.._qapi_qapi-visit-common.c.o
[31/1231] Compiling C object libqemuutil.a.p/meson-generated_.._qapi_qapi-commands-common.c.o
[32/1231] Compiling C object libqemuutil.a.p/meson-generated_.._qapi_qapi-types-compat.c.o
[33/1231] Compiling C object libqemuutil.a.p/meson-generated_.._qapi_qapi-visit-compat.c.o
[34/1231] Compiling C object libqemuutil.a.p/meson-generated_.._qapi_qapi-events-compat.c.o
[35/1231] Compiling C object libqemuutil.a.p/meson-generated_.._qapi_qapi-commands-char.c.o
[36/1231] Compiling C object libqemuutil.a.p/meson-generated_.._qapi_qapi-commands-compat.c.o
[37/1231] Compiling C object libqemuutil.a.p/meson-generated_.._qapi_qapi-visit-char.c.o
[38/1231] Compiling C object libqemuutil.a.p/meson-generated_.._qapi_qapi-types-control.c.o
[39/1231] Compiling C object libqemuutil.a.p/meson-generated_.._qapi_qapi-events-control.c.o
[40/1231] Compiling C object libqemuutil.a.p/meson-generated_.._qapi_qapi-visit-control.c.o
[41/1231] Compiling C object libqemuutil.a.p/meson-generated_.._qapi_qapi-commands-block-core.c.o
[42/1231] Compiling C object libqemuutil.a.p/meson-generated_.._qapi_qapi-types-crypto.c.o
[43/1231] Compiling C object libqemuutil.a.p/meson-generated_.._qapi_qapi-events-crypto.c.o
[44/1231] Compiling C object libqemuutil.a.p/meson-generated_.._qapi_qapi-commands-control.c.o
[45/1231] Compiling C object libqemuutil.a.p/meson-generated_.._qapi_qapi-commands-crypto.c.o
[46/1231] Compiling C object libqemuutil.a.p/meson-generated_.._qapi_qapi-types-cxl.c.o
[47/1231] Compiling C object libqemuutil.a.p/meson-generated_.._qapi_qapi-events-cxl.c.o
[48/1231] Compiling C object libqemuutil.a.p/meson-generated_.._qapi_qapi-types-dump.c.o
[49/1231] Compiling C object libqemuutil.a.p/meson-generated_.._qapi_qapi-visit-dump.c.o
[50/1231] Compiling C object libqemuutil.a.p/meson-generated_.._qapi_qapi-visit-cxl.c.o
[51/1231] Compiling C object libqemuutil.a.p/meson-generated_.._qapi_qapi-types-ebpf.c.o
[52/1231] Compiling C object libqemuutil.a.p/meson-generated_.._qapi_qapi-events-dump.c.o
[53/1231] Compiling C object libqemuutil.a.p/meson-generated_.._qapi_qapi-commands-cxl.c.o
[54/1231] Compiling C object libqemuutil.a.p/meson-generated_.._qapi_qapi-commands-dump.c.o
[55/1231] Compiling C object libqemuutil.a.p/meson-generated_.._qapi_qapi-visit-ebpf.c.o
[56/1231] Compiling C object libqemuutil.a.p/meson-generated_.._qapi_qapi-events-ebpf.c.o
[57/1231] Compiling C object libqemuutil.a.p/meson-generated_.._qapi_qapi-commands-ebpf.c.o
[58/1231] Compiling C object libqemuutil.a.p/meson-generated_.._qapi_qapi-types-error.c.o
[59/1231] Compiling C object libqemuutil.a.p/meson-generated_.._qapi_qapi-visit-crypto.c.o
[60/1231] Compiling C object libqemuutil.a.p/meson-generated_.._qapi_qapi-visit-error.c.o
[61/1231] Compiling C object libqemuutil.a.p/meson-generated_.._qapi_qapi-events-error.c.o
[62/1231] Compiling C object libqemuutil.a.p/meson-generated_.._qapi_qapi-commands-error.c.o
[63/1231] Compiling C object libqemuutil.a.p/meson-generated_.._qapi_qapi-events-introspect.c.o
[64/1231] Compiling C object libqemuutil.a.p/meson-generated_.._qapi_qapi-types-introspect.c.o
[65/1231] Compiling C object libqemuutil.a.p/meson-generated_.._qapi_qapi-commands-introspect.c.o
[66/1231] Compiling C object libqemuutil.a.p/meson-generated_.._qapi_qapi-types-job.c.o
[67/1231] Compiling C object libqemuutil.a.p/meson-generated_.._qapi_qapi-events-job.c.o
[68/1231] Compiling C object libqemuutil.a.p/meson-generated_.._qapi_qapi-visit-job.c.o
[69/1231] Compiling C object libqemuutil.a.p/meson-generated_.._qapi_qapi-types-machine-common.c.o
[70/1231] Compiling C object libqemuutil.a.p/meson-generated_.._qapi_qapi-events-machine-common.c.o
[71/1231] Compiling C object libqemuutil.a.p/meson-generated_.._qapi_qapi-visit-machine-common.c.o
[72/1231] Compiling C object libqemuutil.a.p/meson-generated_.._qapi_qapi-commands-machine-common.c.o
[73/1231] Compiling C object libqemuutil.a.p/meson-generated_.._qapi_qapi-visit-introspect.c.o
[74/1231] Compiling C object libqemuutil.a.p/meson-generated_.._qapi_qapi-commands-job.c.o
[75/1231] Compiling C object libqemuutil.a.p/meson-generated_.._qapi_qapi-types-machine-s390x.c.o
[76/1231] Compiling C object libqemuutil.a.p/meson-generated_.._qapi_qapi-events-machine.c.o
[77/1231] Compiling C object libqemuutil.a.p/meson-generated_.._qapi_qapi-visit-machine-s390x.c.o
[78/1231] Compiling C object libqemuutil.a.p/meson-generated_.._qapi_qapi-events-machine-s390x.c.o
[79/1231] Compiling C object libqemuutil.a.p/meson-generated_.._qapi_qapi-types-machine.c.o
[80/1231] Compiling C object libqemuutil.a.p/meson-generated_.._qapi_qapi-commands-machine-s390x.c.o
[81/1231] Compiling C object libqemuutil.a.p/meson-generated_.._qapi_qapi-types-migration.c.o
[82/1231] Compiling C object libqemuutil.a.p/meson-generated_.._qapi_qapi-events-migration.c.o
[83/1231] Compiling C object libqemuutil.a.p/meson-generated_.._qapi_qapi-types-misc.c.o
[84/1231] Compiling C object libqemuutil.a.p/meson-generated_.._qapi_qapi-events-misc.c.o
[85/1231] Compiling C object libqemuutil.a.p/meson-generated_.._qapi_qapi-visit-misc.c.o
[86/1231] Compiling C object libqemuutil.a.p/meson-generated_.._qapi_qapi-types-net.c.o
[87/1231] Compiling C object libqemuutil.a.p/meson-generated_.._qapi_qapi-commands-machine.c.o
[88/1231] Compiling C object libqemuutil.a.p/meson-generated_.._qapi_qapi-commands-migration.c.o
[89/1231] Compiling C object libqemuutil.a.p/meson-generated_.._qapi_qapi-commands-misc.c.o
[90/1231] Compiling C object libqemuutil.a.p/meson-generated_.._qapi_qapi-types-pragma.c.o
[91/1231] Compiling C object libqemuutil.a.p/meson-generated_.._qapi_qapi-visit-migration.c.o
[92/1231] Compiling C object libqemuutil.a.p/meson-generated_.._qapi_qapi-visit-pragma.c.o
[93/1231] Compiling C object libqemuutil.a.p/meson-generated_.._qapi_qapi-events-net.c.o
[94/1231] Compiling C object libqemuutil.a.p/meson-generated_.._qapi_qapi-visit-machine.c.o
[95/1231] Compiling C object libqemuutil.a.p/meson-generated_.._qapi_qapi-events-pragma.c.o
[96/1231] Compiling C object libqemuutil.a.p/meson-generated_.._qapi_qapi-commands-net.c.o
[97/1231] Compiling C object libqemuutil.a.p/meson-generated_.._qapi_qapi-commands-pragma.c.o
[98/1231] Compiling C object libqemuutil.a.p/meson-generated_.._qapi_qapi-types-replay.c.o
[99/1231] Compiling C object libqemuutil.a.p/meson-generated_.._qapi_qapi-events-qom.c.o
[100/1231] Compiling C object libqemuutil.a.p/meson-generated_.._qapi_qapi-visit-replay.c.o
[101/1231] Compiling C object libqemuutil.a.p/meson-generated_.._qapi_qapi-visit-net.c.o
[102/1231] Compiling C object libqemuutil.a.p/meson-generated_.._qapi_qapi-types-qom.c.o
[103/1231] Compiling C object libqemuutil.a.p/meson-generated_.._qapi_qapi-events-replay.c.o
[104/1231] Compiling C object libqemuutil.a.p/meson-generated_.._qapi_qapi-types-run-state.c.o
[105/1231] Compiling C object libqemuutil.a.p/meson-generated_.._qapi_qapi-commands-replay.c.o
[106/1231] Compiling C object libqemuutil.a.p/meson-generated_.._qapi_qapi-commands-qom.c.o
[107/1231] Compiling C object libqemuutil.a.p/meson-generated_.._qapi_qapi-commands-run-state.c.o
[108/1231] Compiling C object libqemuutil.a.p/meson-generated_.._qapi_qapi-types-sockets.c.o
[109/1231] Compiling C object libqemuutil.a.p/meson-generated_.._qapi_qapi-events-sockets.c.o
[110/1231] Compiling C object libqemuutil.a.p/meson-generated_.._qapi_qapi-events-run-state.c.o
[111/1231] Compiling C object libqemuutil.a.p/meson-generated_.._qapi_qapi-visit-block-core.c.o
[112/1231] Compiling C object libqemuutil.a.p/meson-generated_.._qapi_qapi-visit-run-state.c.o
[113/1231] Compiling C object libqemuutil.a.p/meson-generated_.._qapi_qapi-commands-sockets.c.o
[114/1231] Compiling C object libqemuutil.a.p/meson-generated_.._qapi_qapi-events-stats.c.o
[115/1231] Compiling C object libqemuutil.a.p/meson-generated_.._qapi_qapi-types-stats.c.o
[116/1231] Compiling C object libqemuutil.a.p/meson-generated_.._qapi_qapi-types-trace.c.o
[117/1231] Compiling C object libqemuutil.a.p/meson-generated_.._qapi_qapi-visit-sockets.c.o
[118/1231] Compiling C object libqemuutil.a.p/meson-generated_.._qapi_qapi-visit-trace.c.o
[119/1231] Compiling C object libqemuutil.a.p/meson-generated_.._qapi_qapi-commands-stats.c.o
[120/1231] Compiling C object libqemuutil.a.p/meson-generated_.._qapi_qapi-events-trace.c.o
[121/1231] Compiling C object libqemuutil.a.p/meson-generated_.._qapi_qapi-commands-trace.c.o
[122/1231] Compiling C object libqemuutil.a.p/meson-generated_.._qapi_qapi-visit-stats.c.o
[123/1231] Compiling C object libqemuutil.a.p/meson-generated_.._qapi_qapi-types-vfio.c.o
[124/1231] Compiling C object libqemuutil.a.p/meson-generated_.._qapi_qapi-types-transaction.c.o
[125/1231] Compiling C object libqemuutil.a.p/meson-generated_.._qapi_qapi-events-transaction.c.o
[126/1231] Compiling C object libqemuutil.a.p/meson-generated_.._qapi_qapi-visit-qom.c.o
[127/1231] Compiling C object libqemuutil.a.p/meson-generated_.._qapi_qapi-commands-transaction.c.o
[128/1231] Compiling C object libqemuutil.a.p/meson-generated_.._qapi_qapi-visit-vfio.c.o
[129/1231] Compiling C object libqemuutil.a.p/meson-generated_.._qapi_qapi-events-vfio.c.o
[130/1231] Compiling C object libqemuutil.a.p/meson-generated_.._qapi_qapi-commands-vfio.c.o
[131/1231] Compiling C object libqemuutil.a.p/meson-generated_.._qapi_qapi-events-virtio.c.o
[132/1231] Compiling C object libqemuutil.a.p/meson-generated_.._qapi_qapi-visit-transaction.c.o
[133/1231] Compiling C object libqemuutil.a.p/meson-generated_.._qapi_qapi-types-virtio.c.o
[134/1231] Compiling C object libqemuutil.a.p/meson-generated_.._qapi_qapi-types-yank.c.o
[135/1231] Compiling C object libqemuutil.a.p/meson-generated_.._qapi_qapi-events-yank.c.o
[136/1231] Compiling C object libqemuutil.a.p/meson-generated_.._qapi_qapi-types-accelerator.c.o
[137/1231] Compiling C object libqemuutil.a.p/meson-generated_.._qapi_qapi-visit-yank.c.o
[138/1231] Compiling C object libqemuutil.a.p/meson-generated_.._qapi_qapi-commands-yank.c.o
[139/1231] Compiling C object libqemuutil.a.p/meson-generated_.._qapi_qapi-commands-virtio.c.o
[140/1231] Compiling C object libqemuutil.a.p/meson-generated_.._qapi_qapi-events-accelerator.c.o
[141/1231] Compiling C object libqemuutil.a.p/meson-generated_.._qapi_qapi-visit-accelerator.c.o
[142/1231] Compiling C object libqemuutil.a.p/meson-generated_.._qapi_qapi-commands-accelerator.c.o
[143/1231] Compiling C object libqemuutil.a.p/meson-generated_.._qapi_qapi-types-acpi.c.o
[144/1231] Compiling C object libqemuutil.a.p/meson-generated_.._qapi_qapi-types-acpi-hest.c.o
[145/1231] Compiling C object libqemuutil.a.p/meson-generated_.._qapi_qapi-visit-virtio.c.o
[146/1231] Compiling C object libqemuutil.a.p/meson-generated_.._qapi_qapi-events-acpi.c.o
[147/1231] Compiling C object libqemuutil.a.p/meson-generated_.._qapi_qapi-visit-acpi-hest.c.o
[148/1231] Compiling C object libqemuutil.a.p/meson-generated_.._qapi_qapi-commands-acpi.c.o
[149/1231] Compiling C object libqemuutil.a.p/meson-generated_.._qapi_qapi-visit-acpi.c.o
[150/1231] Compiling C object libqemuutil.a.p/meson-generated_.._qapi_qapi-events-acpi-hest.c.o
[151/1231] Compiling C object libqemuutil.a.p/meson-generated_.._qapi_qapi-commands-acpi-hest.c.o
[152/1231] Compiling C object libqemuutil.a.p/meson-generated_.._qapi_qapi-events-audio.c.o
[153/1231] Compiling C object libqemuutil.a.p/meson-generated_.._qapi_qapi-types-cryptodev.c.o
[154/1231] Compiling C object libqemuutil.a.p/meson-generated_.._qapi_qapi-commands-audio.c.o
[155/1231] Compiling C object libqemuutil.a.p/meson-generated_.._qapi_qapi-types-audio.c.o
[156/1231] Compiling C object libqemuutil.a.p/meson-generated_.._qapi_qapi-events-cryptodev.c.o
[157/1231] Compiling C object libqemuutil.a.p/meson-generated_.._qapi_qapi-visit-cryptodev.c.o
[158/1231] Compiling C object libqemuutil.a.p/meson-generated_.._qapi_qapi-commands-cryptodev.c.o
[159/1231] Compiling C object libqemuutil.a.p/meson-generated_.._qapi_qapi-types-qdev.c.o
[160/1231] Compiling C object libqemuutil.a.p/meson-generated_.._qapi_qapi-visit-qdev.c.o
[161/1231] Compiling C object libqemuutil.a.p/meson-generated_.._qapi_qapi-types-pci.c.o
[162/1231] Compiling C object libqemuutil.a.p/meson-generated_.._qapi_qapi-events-pci.c.o
[163/1231] Compiling C object libqemuutil.a.p/meson-generated_.._qapi_qapi-events-qdev.c.o
[164/1231] Compiling C object libqemuutil.a.p/meson-generated_.._qapi_qapi-commands-pci.c.o
[165/1231] Compiling C object libqemuutil.a.p/meson-generated_.._qapi_qapi-commands-qdev.c.o
[166/1231] Compiling C object libqemuutil.a.p/meson-generated_.._qapi_qapi-types-rocker.c.o
[167/1231] Compiling C object libqemuutil.a.p/meson-generated_.._qapi_qapi-visit-audio.c.o
[168/1231] Compiling C object libqemuutil.a.p/meson-generated_.._qapi_qapi-events-rocker.c.o
[169/1231] Compiling C object libqemuutil.a.p/meson-generated_.._qapi_qapi-visit-pci.c.o
[170/1231] Compiling C object libqemuutil.a.p/meson-generated_.._qapi_qapi-types-misc-arm.c.o
[171/1231] Compiling C object libqemuutil.a.p/meson-generated_.._qapi_qapi-events-misc-arm.c.o
[172/1231] Compiling C object libqemuutil.a.p/meson-generated_.._qapi_qapi-visit-misc-arm.c.o
[173/1231] Compiling C object libqemuutil.a.p/meson-generated_.._qapi_qapi-commands-rocker.c.o
[174/1231] Compiling C object libqemuutil.a.p/meson-generated_.._qapi_qapi-types-misc-i386.c.o
[175/1231] Compiling C object libqemuutil.a.p/meson-generated_.._qapi_qapi-commands-misc-arm.c.o
[176/1231] Compiling C object libqemuutil.a.p/meson-generated_.._qapi_qapi-visit-rocker.c.o
[177/1231] Compiling C object libqemuutil.a.p/meson-generated_.._qapi_qapi-events-misc-i386.c.o
[178/1231] Compiling C object libqemuutil.a.p/meson-generated_.._qapi_qapi-types-tpm.c.o
[179/1231] Compiling C object libqemuutil.a.p/meson-generated_.._qapi_qapi-visit-tpm.c.o
[180/1231] Compiling C object libqemuutil.a.p/meson-generated_.._qapi_qapi-events-tpm.c.o
[181/1231] Compiling C object libqemuutil.a.p/meson-generated_.._qapi_qapi-commands-tpm.c.o
[182/1231] Compiling C object libqemuutil.a.p/meson-generated_.._qapi_qapi-types-uefi.c.o
[183/1231] Compiling C object libqemuutil.a.p/meson-generated_.._qapi_qapi-visit-misc-i386.c.o
[184/1231] Compiling C object libqemuutil.a.p/meson-generated_.._qapi_qapi-events-uefi.c.o
[185/1231] Compiling C object libqemuutil.a.p/meson-generated_.._qapi_qapi-commands-uefi.c.o
[186/1231] Compiling C object libqemuutil.a.p/meson-generated_.._qapi_qapi-visit-uefi.c.o
[187/1231] Compiling C object libqemuutil.a.p/meson-generated_.._qapi_qapi-events-ui.c.o
[188/1231] Compiling C object libqemuutil.a.p/meson-generated_.._qapi_qapi-commands-misc-i386.c.o
[189/1231] Compiling C object libqemuutil.a.p/meson-generated_.._trace_trace-root.c.o
[190/1231] Compiling C object libqemuutil.a.p/meson-generated_.._trace_trace-crypto.c.o
[191/1231] Compiling C object libqemuutil.a.p/meson-generated_.._qapi_qapi-types-ui.c.o
[192/1231] Compiling C object libqemuutil.a.p/meson-generated_.._trace_trace-qapi.c.o
[193/1231] Compiling C object libqemuutil.a.p/meson-generated_.._trace_trace-qom.c.o
[194/1231] Compiling C object libqemuutil.a.p/meson-generated_.._trace_trace-monitor.c.o
[195/1231] Compiling C object libqemuutil.a.p/meson-generated_.._trace_trace-util.c.o
[196/1231] Compiling C object libqemuutil.a.p/meson-generated_.._trace_trace-authz.c.o
[197/1231] Compiling C object libqemuutil.a.p/meson-generated_.._trace_trace-gdbstub.c.o
[198/1231] Compiling C object libqemuutil.a.p/meson-generated_.._trace_trace-block.c.o
[199/1231] Compiling C object libqemuutil.a.p/meson-generated_.._qapi_qapi-commands-ui.c.o
[200/1231] Compiling C object libqemuutil.a.p/meson-generated_.._trace_trace-io.c.o
[201/1231] Compiling C object libqemuutil.a.p/meson-generated_.._trace_trace-chardev.c.o
[202/1231] Compiling C object libqemuutil.a.p/meson-generated_.._trace_trace-accel_hvf.c.o
[203/1231] Compiling C object libqemuutil.a.p/meson-generated_.._trace_trace-scsi.c.o
[204/1231] Compiling C object libqemuutil.a.p/meson-generated_.._trace_trace-nbd.c.o
[205/1231] Compiling C object libqemuutil.a.p/meson-generated_.._trace_trace-accel_kvm.c.o
[206/1231] Compiling C object libqemuutil.a.p/meson-generated_.._trace_trace-accel_mshv.c.o
[207/1231] Compiling C object libqemuutil.a.p/meson-generated_.._trace_trace-audio.c.o
[208/1231] Compiling C object libqemuutil.a.p/meson-generated_.._trace_trace-backends.c.o
[209/1231] Compiling C object libqemuutil.a.p/meson-generated_.._trace_trace-ebpf.c.o
[210/1231] Compiling C object libqemuutil.a.p/meson-generated_.._trace_trace-backends_tpm.c.o
[211/1231] Compiling C object libqemuutil.a.p/meson-generated_.._trace_trace-hw_9pfs.c.o
[212/1231] Compiling C object libqemuutil.a.p/meson-generated_.._trace_trace-hw_adc.c.o
[213/1231] Compiling C object libqemuutil.a.p/meson-generated_.._trace_trace-hw_acpi.c.o
[214/1231] Compiling C object libqemuutil.a.p/meson-generated_.._trace_trace-hw_alpha.c.o
[215/1231] Compiling C object libqemuutil.a.p/meson-generated_.._trace_trace-hw_arm.c.o
[216/1231] Compiling C object libqemuutil.a.p/meson-generated_.._qapi_qapi-visit-ui.c.o
[217/1231] Compiling C object libqemuutil.a.p/meson-generated_.._trace_trace-hw_audio.c.o
[218/1231] Compiling C object libqemuutil.a.p/meson-generated_.._trace_trace-hw_block.c.o
[219/1231] Compiling C object libqemuutil.a.p/meson-generated_.._trace_trace-hw_char.c.o
[220/1231] Compiling C object libqemuutil.a.p/meson-generated_.._trace_trace-hw_dma.c.o
[221/1231] Compiling C object libqemuutil.a.p/meson-generated_.._trace_trace-hw_fsi.c.o
[222/1231] Compiling C object libqemuutil.a.p/meson-generated_.._trace_trace-hw_display.c.o
[223/1231] Compiling C object libqemuutil.a.p/meson-generated_.._trace_trace-hw_hyperv.c.o
[224/1231] Compiling C object libqemuutil.a.p/meson-generated_.._trace_trace-hw_i386_xen.c.o
[225/1231] Compiling C object libqemuutil.a.p/meson-generated_.._trace_trace-hw_i2c.c.o
[226/1231] Compiling C object libqemuutil.a.p/meson-generated_.._trace_trace-hw_i386_kvm.c.o
[227/1231] Compiling C object libqemuutil.a.p/meson-generated_.._trace_trace-hw_i386.c.o
[228/1231] Compiling C object libqemuutil.a.p/meson-generated_.._trace_trace-hw_ide.c.o
[229/1231] Compiling C object libqemuutil.a.p/meson-generated_.._trace_trace-hw_isa.c.o
[230/1231] Compiling C object libqemuutil.a.p/meson-generated_.._trace_trace-hw_input.c.o
[231/1231] Compiling C object libqemuutil.a.p/meson-generated_.._trace_trace-hw_intc.c.o
[232/1231] Compiling C object libqemuutil.a.p/meson-generated_.._trace_trace-hw_mem.c.o
[233/1231] Compiling C object libqemuutil.a.p/meson-generated_.._trace_trace-hw_mips.c.o
[234/1231] Compiling C object libqemuutil.a.p/meson-generated_.._trace_trace-hw_misc_macio.c.o
[235/1231] Compiling C object libqemuutil.a.p/meson-generated_.._trace_trace-hw_misc.c.o
[236/1231] Compiling C object libqemuutil.a.p/meson-generated_.._trace_trace-hw_net_can.c.o
[237/1231] Compiling C object libqemuutil.a.p/meson-generated_.._trace_trace-hw_nubus.c.o
[238/1231] Compiling C object libqemuutil.a.p/meson-generated_.._trace_trace-hw_net.c.o
[239/1231] Compiling C object libqemuutil.a.p/meson-generated_.._trace_trace-hw_nvme.c.o
[240/1231] Compiling C object libqemuutil.a.p/meson-generated_.._trace_trace-hw_nvram.c.o
[241/1231] Compiling C object libqemuutil.a.p/meson-generated_.._trace_trace-hw_pci_host.c.o
[242/1231] Compiling C object libqemuutil.a.p/meson-generated_.._trace_trace-hw_pci.c.o
[243/1231] Compiling C object libqemuutil.a.p/meson-generated_.._trace_trace-hw_ppc.c.o
[244/1231] Compiling C object libqemuutil.a.p/meson-generated_.._trace_trace-hw_rtc.c.o
[245/1231] Compiling C object libqemuutil.a.p/meson-generated_.._trace_trace-hw_riscv.c.o
[246/1231] Compiling C object libqemuutil.a.p/meson-generated_.._trace_trace-hw_s390x.c.o
[247/1231] Compiling C object libqemuutil.a.p/meson-generated_.._trace_trace-hw_sh4.c.o
[248/1231] Compiling C object libqemuutil.a.p/meson-generated_.._trace_trace-hw_sensor.c.o
[249/1231] Compiling C object libqemuutil.a.p/meson-generated_.._trace_trace-hw_sd.c.o
[250/1231] Compiling C object libqemuutil.a.p/meson-generated_.._trace_trace-hw_scsi.c.o
[251/1231] Compiling C object libqemuutil.a.p/meson-generated_.._trace_trace-hw_sparc.c.o
[252/1231] Compiling C object libqemuutil.a.p/meson-generated_.._trace_trace-hw_sparc64.c.o
[253/1231] Compiling C object libqemuutil.a.p/meson-generated_.._trace_trace-hw_ssi.c.o
[254/1231] Compiling C object libqemuutil.a.p/meson-generated_.._trace_trace-hw_uefi.c.o
[255/1231] Compiling C object libqemuutil.a.p/meson-generated_.._trace_trace-hw_tpm.c.o
[256/1231] Compiling C object libqemuutil.a.p/meson-generated_.._trace_trace-hw_timer.c.o
[257/1231] Compiling C object libqemuutil.a.p/meson-generated_.._trace_trace-hw_ufs.c.o
[258/1231] Compiling C object libqemuutil.a.p/meson-generated_.._trace_trace-hw_vfio_user.c.o
[259/1231] Compiling C object libqemuutil.a.p/meson-generated_.._trace_trace-hw_vfio.c.o
[260/1231] Compiling C object libqemuutil.a.p/meson-generated_.._trace_trace-hw_usb.c.o
[261/1231] Compiling C object libqemuutil.a.p/meson-generated_.._trace_trace-hw_virtio.c.o
[262/1231] Compiling C object libqemuutil.a.p/meson-generated_.._trace_trace-hw_vmapple.c.o
[263/1231] Compiling C object libqemuutil.a.p/meson-generated_.._trace_trace-hw_gpio.c.o
[264/1231] Compiling C object libqemuutil.a.p/meson-generated_.._trace_trace-hw_watchdog.c.o
[265/1231] Compiling C object libqemuutil.a.p/meson-generated_.._trace_trace-hw_xen.c.o
[266/1231] Compiling C object libqemuutil.a.p/meson-generated_.._trace_trace-net.c.o
[267/1231] Compiling C object libqemuutil.a.p/meson-generated_.._trace_trace-replay.c.o
[268/1231] Compiling C object libqemuutil.a.p/meson-generated_.._trace_trace-system.c.o
[269/1231] Compiling C object libqemuutil.a.p/meson-generated_.._trace_trace-migration.c.o
[270/1231] Compiling C object libqemuutil.a.p/meson-generated_.._trace_trace-hw_remote.c.o
[271/1231] Compiling C object libqemuutil.a.p/meson-generated_.._trace_trace-hw_xbox_mcpx_apu.c.o
[272/1231] Compiling C object libqemuutil.a.p/meson-generated_.._trace_trace-hw_xbox_nv2a.c.o
[273/1231] Compiling C object libqemuutil.a.p/meson-generated_.._trace_trace-ui.c.o
[274/1231] Compiling C object libqemuutil.a.p/meson-generated_.._trace_trace-hw_xbox_mcpx_apu_dsp.c.o
[275/1231] Compiling C object libqemuutil.a.p/meson-generated_.._trace_trace-hw_xbox_mcpx_nvnet.c.o
[276/1231] Compiling C object libqemuutil.a.p/meson-generated_.._trace_trace-accel_tcg.c.o
[277/1231] Compiling C object libqemuutil.a.p/meson-generated_.._trace_trace-hw_core.c.o
[278/1231] Compiling C object libqemuutil.a.p/meson-generated_.._trace_trace-target_arm.c.o
[279/1231] Compiling C object libqemuutil.a.p/meson-generated_.._trace_trace-target_arm_hvf.c.o
[280/1231] Compiling C object libqemuutil.a.p/meson-generated_.._trace_trace-target_hppa.c.o
[281/1231] Compiling C object libqemuutil.a.p/meson-generated_.._trace_trace-target_i386.c.o
[282/1231] Compiling C object libqemuutil.a.p/meson-generated_.._trace_trace-target_i386_kvm.c.o
[283/1231] Compiling C object libqemuutil.a.p/meson-generated_.._trace_trace-target_loongarch.c.o
[284/1231] Compiling C object libqemuutil.a.p/meson-generated_.._trace_trace-target_mips_tcg.c.o
[285/1231] Compiling C object libqemuutil.a.p/meson-generated_.._trace_trace-target_ppc.c.o
[286/1231] Compiling C object libqemuutil.a.p/meson-generated_.._trace_trace-target_riscv.c.o
[287/1231] Compiling C object libqemuutil.a.p/meson-generated_.._trace_trace-target_s390x.c.o
[288/1231] Compiling C object libqemuutil.a.p/meson-generated_.._trace_trace-target_s390x_kvm.c.o
[289/1231] Compiling C object libqemuutil.a.p/meson-generated_.._trace_trace-target_sparc.c.o
[290/1231] Compiling C object libqemuutil.a.p/meson-generated_.._trace_trace-qapi_commands_authz_trace_events.c.o
[291/1231] Compiling C object libqemuutil.a.p/meson-generated_.._trace_trace-qapi_commands_block_trace_events.c.o
[292/1231] Compiling C object libqemuutil.a.p/meson-generated_.._trace_trace-qapi_commands_block_core_trace_events.c.o
[293/1231] Compiling C object libqemuutil.a.p/meson-generated_.._trace_trace-qapi_commands_block_export_trace_events.c.o
[294/1231] Compiling C object libqemuutil.a.p/meson-generated_.._trace_trace-qapi_commands_char_trace_events.c.o
[295/1231] Compiling C object libqemuutil.a.p/meson-generated_.._trace_trace-qapi_commands_compat_trace_events.c.o
[296/1231] Compiling C object libqemuutil.a.p/meson-generated_.._trace_trace-qapi_commands_common_trace_events.c.o
[297/1231] Compiling C object libqemuutil.a.p/meson-generated_.._trace_trace-qapi_commands_control_trace_events.c.o
[298/1231] Compiling C object libqemuutil.a.p/meson-generated_.._trace_trace-qapi_commands_cxl_trace_events.c.o
[299/1231] Compiling C object libqemuutil.a.p/meson-generated_.._trace_trace-qapi_commands_crypto_trace_events.c.o
[300/1231] Compiling C object libqemuutil.a.p/meson-generated_.._trace_trace-qapi_commands_dump_trace_events.c.o
[301/1231] Compiling C object libqemuutil.a.p/meson-generated_.._trace_trace-qapi_commands_ebpf_trace_events.c.o
[302/1231] Compiling C object libqemuutil.a.p/meson-generated_.._trace_trace-qapi_commands_job_trace_events.c.o
[303/1231] Compiling C object libqemuutil.a.p/meson-generated_.._trace_trace-qapi_commands_error_trace_events.c.o
[304/1231] Compiling C object libqemuutil.a.p/meson-generated_.._trace_trace-qapi_commands_introspect_trace_events.c.o
[305/1231] Compiling C object libqemuutil.a.p/meson-generated_.._trace_trace-qapi_commands_machine_common_trace_events.c.o
[306/1231] Compiling C object libqemuutil.a.p/meson-generated_.._trace_trace-qapi_commands_machine_s390x_trace_events.c.o
[307/1231] Compiling C object libqemuutil.a.p/meson-generated_.._trace_trace-qapi_commands_migration_trace_events.c.o
[308/1231] Compiling C object libqemuutil.a.p/meson-generated_.._trace_trace-qapi_commands_machine_trace_events.c.o
[309/1231] Compiling C object libqemuutil.a.p/meson-generated_.._trace_trace-qapi_commands_misc_trace_events.c.o
[310/1231] Compiling C object libqemuutil.a.p/meson-generated_.._trace_trace-qapi_commands_net_trace_events.c.o
[311/1231] Compiling C object libqemuutil.a.p/meson-generated_.._trace_trace-qapi_commands_pragma_trace_events.c.o
[312/1231] Compiling C object libqemuutil.a.p/meson-generated_.._trace_trace-qapi_commands_qom_trace_events.c.o
[313/1231] Compiling C object libqemuutil.a.p/meson-generated_.._trace_trace-qapi_commands_replay_trace_events.c.o
[314/1231] Compiling C object libqemuutil.a.p/meson-generated_.._trace_trace-qapi_commands_run_state_trace_events.c.o
[315/1231] Compiling C object libqemuutil.a.p/meson-generated_.._trace_trace-qapi_commands_stats_trace_events.c.o
[316/1231] Compiling C object libqemuutil.a.p/meson-generated_.._trace_trace-qapi_commands_sockets_trace_events.c.o
[317/1231] Compiling C object libqemuutil.a.p/meson-generated_.._trace_trace-qapi_commands_vfio_trace_events.c.o
[318/1231] Compiling C object libqemuutil.a.p/meson-generated_.._trace_trace-qapi_commands_trace_trace_events.c.o
[319/1231] Compiling C object libqemuutil.a.p/meson-generated_.._trace_trace-qapi_commands_virtio_trace_events.c.o
[320/1231] Compiling C object libqemuutil.a.p/meson-generated_.._trace_trace-qapi_commands_transaction_trace_events.c.o
[321/1231] Compiling C object libqemuutil.a.p/meson-generated_.._trace_trace-qapi_commands_yank_trace_events.c.o
[322/1231] Compiling C object libqemuutil.a.p/meson-generated_.._trace_trace-qapi_commands_accelerator_trace_events.c.o
[323/1231] Compiling C object libqemuutil.a.p/meson-generated_.._trace_trace-qapi_commands_acpi_trace_events.c.o
[324/1231] Compiling C object libqemuutil.a.p/meson-generated_.._trace_trace-qapi_commands_acpi_hest_trace_events.c.o
[325/1231] Compiling C object libqemuutil.a.p/meson-generated_.._trace_trace-qapi_commands_audio_trace_events.c.o
[326/1231] Compiling C object libqemuutil.a.p/meson-generated_.._trace_trace-qapi_commands_cryptodev_trace_events.c.o
[327/1231] Compiling C object libqemuutil.a.p/meson-generated_.._trace_trace-qapi_commands_qdev_trace_events.c.o
[328/1231] Compiling C object libqemuutil.a.p/meson-generated_.._trace_trace-qapi_commands_pci_trace_events.c.o
[329/1231] Compiling C object libqemuutil.a.p/meson-generated_.._trace_trace-qapi_commands_rocker_trace_events.c.o
[330/1231] Compiling C object libqemuutil.a.p/meson-generated_.._trace_trace-qapi_commands_tpm_trace_events.c.o
[331/1231] Compiling C object libqemuutil.a.p/meson-generated_.._trace_trace-qapi_commands_misc_arm_trace_events.c.o
[332/1231] Compiling C object libqemuutil.a.p/meson-generated_.._trace_trace-qapi_commands_misc_i386_trace_events.c.o
[333/1231] Compiling C object libqemuutil.a.p/meson-generated_.._trace_trace-qapi_commands_ui_trace_events.c.o
[334/1231] Compiling C object libqemuutil.a.p/meson-generated_.._trace_trace-qapi_commands_uefi_trace_events.c.o
[335/1231] Compiling C object libqemuutil.a.p/qapi_qapi-clone-visitor.c.o
[336/1231] Compiling C object libqemuutil.a.p/qapi_qapi-dealloc-visitor.c.o
[337/1231] Compiling C object libqemuutil.a.p/qapi_qapi-util.c.o
[338/1231] Compiling C object libqemuutil.a.p/qapi_opts-visitor.c.o
[339/1231] Compiling C object libqemuutil.a.p/qapi_qapi-forward-visitor.c.o
[340/1231] Compiling C object libqemuutil.a.p/qapi_qobject-output-visitor.c.o
[341/1231] Compiling C object libqemuutil.a.p/qapi_qapi-type-helpers.c.o
[342/1231] Compiling C object libqemuutil.a.p/qapi_string-input-visitor.c.o
[343/1231] Compiling C object libqemuutil.a.p/qapi_qapi-visit-core.c.o
[344/1231] Compiling C object libqemuutil.a.p/qapi_qmp-event.c.o
[345/1231] Compiling C object libqemuutil.a.p/qobject_qnull.c.o
[346/1231] Compiling C object libqemuutil.a.p/qapi_string-output-visitor.c.o
[347/1231] Compiling C object libqemuutil.a.p/qapi_qmp-registry.c.o
[348/1231] Compiling C object libqemuutil.a.p/qapi_qobject-input-visitor.c.o
[349/1231] Compiling C object libqemuutil.a.p/qapi_qmp-dispatch.c.o
[350/1231] Compiling C object libqemuutil.a.p/qobject_qstring.c.o
[351/1231] Compiling C object libqemuutil.a.p/qobject_qnum.c.o
[352/1231] Compiling C object libqemuutil.a.p/qobject_qbool.c.o
[353/1231] Compiling C object libqemuutil.a.p/qobject_qlit.c.o
[354/1231] Compiling C object libqemuutil.a.p/qobject_qobject.c.o
[355/1231] Compiling C object libqemuutil.a.p/qobject_qlist.c.o
[356/1231] Compiling C object libqemuutil.a.p/qobject_qjson.c.o
[357/1231] Compiling C object libqemuutil.a.p/qobject_json-lexer.c.o
[358/1231] Compiling C object libqemuutil.a.p/qobject_qdict.c.o
[359/1231] Compiling C object libqemuutil.a.p/qobject_json-streamer.c.o
[360/1231] Compiling C object libqemuutil.a.p/qobject_json-writer.c.o
[361/1231] Compiling C object libqemuutil.a.p/util_qemu-timer-common.c.o
[362/1231] Compiling C object libqemuutil.a.p/util_unicode.c.o
[363/1231] Compiling C object libqemuutil.a.p/util_osdep.c.o
[364/1231] Compiling C object libqemuutil.a.p/qobject_json-parser.c.o
[365/1231] Compiling C object libqemuutil.a.p/qobject_block-qdict.c.o
[366/1231] Compiling C object libqemuutil.a.p/util_fdmon-poll.c.o
[367/1231] Compiling C object libqemuutil.a.p/util_thread-context.c.o
[368/1231] Compiling C object libqemuutil.a.p/util_fdmon-epoll.c.o
[369/1231] Compiling C object libqemuutil.a.p/util_compatfd.c.o
[370/1231] Compiling C object libqemuutil.a.p/util_event_notifier-posix.c.o
[371/1231] Compiling C object libqemuutil.a.p/util_mmap-alloc.c.o
[372/1231] Compiling C object libqemuutil.a.p/util_drm.c.o
[373/1231] Compiling C object libqemuutil.a.p/util_memfd.c.o
[374/1231] Compiling C object libqemuutil.a.p/util_cutils.c.o
[375/1231] Compiling C object libqemuutil.a.p/util_defer-call.c.o
[376/1231] Compiling C object libqemuutil.a.p/util_aio-posix.c.o
[377/1231] Compiling C object libqemuutil.a.p/util_event.c.o
[378/1231] Compiling C object libqemuutil.a.p/util_path.c.o
[379/1231] Compiling C object libqemuutil.a.p/util_envlist.c.o
[380/1231] Compiling C object libqemuutil.a.p/util_module.c.o
[381/1231] Compiling C object libqemuutil.a.p/util_qemu-thread-posix.c.o
[382/1231] Compiling C object libqemuutil.a.p/util_oslib-posix.c.o
[383/1231] Compiling C object libqemuutil.a.p/util_cacheflush.c.o
[384/1231] Compiling C object libqemuutil.a.p/util_host-utils.c.o
[385/1231] Compiling C object libqemuutil.a.p/util_bitops.c.o
[386/1231] Compiling C object libqemuutil.a.p/util_fifo8.c.o
[387/1231] Compiling C object libqemuutil.a.p/util_error.c.o
[388/1231] Compiling C object libqemuutil.a.p/util_id.c.o
[389/1231] Compiling C object libqemuutil.a.p/util_notify.c.o
[390/1231] Compiling C object libqemuutil.a.p/util_qemu-print.c.o
[391/1231] Compiling C object libqemuutil.a.p/util_bitmap.c.o
[392/1231] Compiling C object libqemuutil.a.p/util_error-report.c.o
[393/1231] Compiling C object libqemuutil.a.p/util_qemu-progress.c.o
[394/1231] Compiling C object libqemuutil.a.p/util_qemu-config.c.o
[395/1231] Compiling C object libqemuutil.a.p/util_crc32c.c.o
[396/1231] Compiling C object libqemuutil.a.p/util_getauxval.c.o
[397/1231] Compiling C object libqemuutil.a.p/util_uuid.c.o
[398/1231] Compiling C object libqemuutil.a.p/util_keyval.c.o
[399/1231] Compiling C object libqemuutil.a.p/util_rcu.c.o
[400/1231] Compiling C object libqemuutil.a.p/util_range.c.o
[401/1231] Compiling C object libqemuutil.a.p/util_stats64.c.o
[402/1231] Compiling C object libqemuutil.a.p/util_log.c.o
[403/1231] Compiling C object libqemuutil.a.p/util_qdist.c.o
[404/1231] Compiling C object libqemuutil.a.p/util_reserved-region.c.o
[405/1231] Compiling C object libqemuutil.a.p/util_systemd.c.o
[406/1231] Compiling C object libqemuutil.a.p/util_transactions.c.o
[407/1231] Compiling C object libqemuutil.a.p/util_qemu-option.c.o
[408/1231] Compiling C object libqemuutil.a.p/util_int128.c.o
[409/1231] Compiling C object libqemuutil.a.p/util_qsp.c.o
[410/1231] Compiling C object libqemuutil.a.p/util_guest-random.c.o
[411/1231] Compiling C object libqemuutil.a.p/util_qht.c.o
[412/1231] Compiling C object libqemuutil.a.p/util_memalign.c.o
[413/1231] Compiling C object libqemuutil.a.p/util_crc-ccitt.c.o
[414/1231] Compiling C object libqemuutil.a.p/util_aiocb.c.o
[415/1231] Compiling C object libqemuutil.a.p/util_base64.c.o
[416/1231] Compiling C object libqemuutil.a.p/util_lockcnt.c.o
[417/1231] Compiling C object libqemuutil.a.p/util_userfaultfd.c.o
[418/1231] Compiling C object libqemuutil.a.p/util_interval-tree.c.o
[419/1231] Compiling C object libqemuutil.a.p/util_coroutine-ucontext.c.o
[420/1231] Compiling C object libqemuutil.a.p/util_qemu-coroutine-io.c.o
[421/1231] Compiling C object libqemuutil.a.p/util_main-loop.c.o
[422/1231] Compiling C object libqemuutil.a.p/util_qemu-coroutine.c.o
[423/1231] Compiling C object libqemuutil.a.p/util_async.c.o
[424/1231] Compiling C object libqemuutil.a.p/util_qemu-coroutine-lock.c.o
[425/1231] Compiling C object libqemuutil.a.p/util_thread-pool.c.o
[426/1231] Compiling C object libqemuutil.a.p/util_aio-wait.c.o
[427/1231] Compiling C object libqemuutil.a.p/util_buffer.c.o
[428/1231] Compiling C object libqemuutil.a.p/util_hexdump.c.o
[429/1231] Compiling C object libqemuutil.a.p/util_qemu-timer.c.o
[430/1231] Compiling C object libqemuutil.a.p/util_nvdimm-utils.c.o
[431/1231] Compiling C object libqemuutil.a.p/util_iova-tree.c.o
[432/1231] Compiling C object libqemuutil.a.p/util_block-helpers.c.o
[433/1231] Compiling C object libqemuutil.a.p/util_qemu-coroutine-sleep.c.o
[434/1231] Compiling C object libqemuutil.a.p/util_qemu-co-timeout.c.o
[435/1231] Compiling C object libqemuutil.a.p/util_qemu-co-shared-resource.c.o
[436/1231] Compiling C object libqemuutil.a.p/util_hbitmap.c.o
[437/1231] Compiling C object libqemuutil.a.p/util_iov.c.o
[438/1231] Compiling C object libqemuutil.a.p/util_qemu-sockets.c.o
[439/1231] Compiling C object libqemuutil.a.p/util_timed-average.c.o
[440/1231] Compiling C object libqemuutil.a.p/util_bufferiszero.c.o
[441/1231] Compiling C object libqemuutil.a.p/util_chardev_open.c.o
[442/1231] Compiling C object libqemuutil.a.p/util_readline.c.o
[443/1231] Compiling C object libqemuutil.a.p/util_filemonitor-inotify.c.o
[444/1231] Compiling C object libqemuutil.a.p/util_throttle.c.o
[445/1231] Compiling C object libqemuutil.a.p/util_cpuinfo-i386.c.o
[446/1231] Compiling C object libqemuutil.a.p/util_vhost-user-server.c.o
[447/1231] Compiling C object libqemuutil.a.p/util_yank.c.o
[448/1231] Compiling C object libqemuutil.a.p/util_sha1.c.o
[449/1231] Compiling C object libqemuutil.a.p/util_http.c.o
[450/1231] Compiling C object libqemuutil.a.p/crypto_init.c.o
[451/1231] Compiling C object libqemuutil.a.p/crypto_sm4.c.o
[452/1231] Compiling C object libqemuutil.a.p/crypto_random-platform.c.o
[453/1231] Compiling C object libqemuutil.a.p/stubs_cpu-get-clock.c.o
[454/1231] Compiling C object libqemuutil.a.p/util_vfio-helpers.c.o
[455/1231] Compiling C object libqemuutil.a.p/trace_qmp.c.o
[456/1231] Compiling C object libqemuutil.a.p/stubs_error-printf.c.o
[457/1231] Compiling C object libqemuutil.a.p/stubs_is-daemonized.c.o
[458/1231] Compiling C object libqemuutil.a.p/trace_control.c.o
[459/1231] Compiling C object libqemuutil.a.p/stubs_fdset.c.o
[460/1231] Compiling C object libqemuutil.a.p/stubs_iothread-lock.c.o
[461/1231] Compiling C object libqemuutil.a.p/stubs_monitor-core.c.o
[462/1231] Compiling C object libqemuutil.a.p/stubs_replay-mode.c.o
[463/1231] Compiling C object libqemuutil.a.p/stubs_trace-control.c.o
[464/1231] Compiling C object libqemuutil.a.p/stubs_blk-exp-close-all.c.o
[465/1231] Compiling C object libqemuutil.a.p/stubs_bdrv-next-monitor-owned.c.o
[466/1231] Compiling C object libqemuutil.a.p/stubs_blk-commit-all.c.o
[467/1231] Compiling C object libqemuutil.a.p/stubs_change-state-handler.c.o
[468/1231] Compiling C object libqemuutil.a.p/crypto_clmul.c.o
[469/1231] Compiling C object libqemuutil.a.p/stubs_get-vm-name.c.o
[470/1231] Compiling C object libqemuutil.a.p/stubs_blockdev-close-all-bdrv-states.c.o
[471/1231] Compiling C object libqemuutil.a.p/stubs_iothread-lock-block.c.o
[472/1231] Compiling C object libqemuutil.a.p/stubs_migr-blocker.c.o
[473/1231] Compiling C object libqemuutil.a.p/stubs_physmem.c.o
[474/1231] Compiling C object libqemuutil.a.p/stubs_runstate-check.c.o
[475/1231] Compiling C object libqemuutil.a.p/stubs_uuid.c.o
[476/1231] Compiling C object libqemuutil.a.p/stubs_ram-block.c.o
[477/1231] Compiling C object libqemuutil.a.p/stubs_replay-tools.c.o
[478/1231] Compiling C object libqemuutil.a.p/stubs_icount.c.o
[479/1231] Compiling C object libqemuutil.a.p/stubs_cpus-virtual-clock.c.o
[480/1231] Compiling C object libqemuutil.a.p/stubs_graph-lock.c.o
[481/1231] Compiling C object libqemuutil.a.p/stubs_qemu-timer-notify-cb.c.o
[482/1231] Compiling C object libqemuutil.a.p/stubs_vm-stop.c.o
[483/1231] Compiling C object libqemuutil.a.p/stubs_monitor-internal.c.o
[484/1231] Compiling C object libqemuutil.a.p/stubs_qtest.c.o
[485/1231] Compiling C object libqemuutil.a.p/stubs_vmstate.c.o
[486/1231] Compiling C object libqemuutil.a.p/stubs_qmp-command-available.c.o
[487/1231] Compiling C object libqemuutil.a.p/crypto_aes.c.o
[488/1231] Compiling C object libqemuutil.a.p/stubs_dump.c.o
[489/1231] Compiling C object libqemuutil.a.p/stubs_qmp-quit.c.o
[490/1231] Compiling C object libqemuutil.a.p/stubs_target-get-monitor-def.c.o
[491/1231] Compiling C object libqemuutil.a.p/stubs_igvm.c.o
[492/1231] Compiling C object libqemuutil.a.p/stubs_target-monitor-defs.c.o
[493/1231] Compiling C object libqemuutil.a.p/stubs_win32-kbd-hook.c.o
[494/1231] Compiling C object libqemuutil.a.p/stubs_cmos.c.o
[495/1231] Compiling C object libqemuutil.a.p/stubs_monitor-arm-gic.c.o
[496/1231] Compiling C object libqemuutil.a.p/stubs_fw_cfg.c.o
[497/1231] Compiling C object libqemuutil.a.p/stubs_monitor-i386-rtc.c.o
[498/1231] Compiling C object libqemuutil.a.p/stubs_monitor-i386-sev.c.o
[499/1231] Compiling C object libqemuutil.a.p/stubs_monitor-i386-sgx.c.o
[500/1231] Compiling C object libqemuutil.a.p/stubs_monitor-cpu.c.o
[501/1231] Compiling C object libqemuutil.a.p/stubs_monitor-i386-xen.c.o
[502/1231] Compiling C object libqemuutil.a.p/stubs_monitor-cpu-s390x.c.o
[503/1231] Compiling C object libqemuutil.a.p/stubs_xen-hw-stub.c.o
[504/1231] Compiling C object libqemuutil.a.p/stubs_monitor-cpu-s390x-kvm.c.o
[505/1231] Compiling C object libqemuutil.a.p/stubs_gdbstub.c.o
[506/1231] Compiling C object libqemuutil.a.p/stubs_replay.c.o
[507/1231] Compiling C object ui/thirdparty/libfatx.a.p/fatx_fatx.c.o
[508/1231] Compiling C object libqemuutil.a.p/stubs_hotplug-stubs.c.o
[509/1231] Compiling C object libqemuutil.a.p/stubs_sysbus.c.o
[510/1231] Linking static target ui/thirdparty/libfatx.a
[511/1231] Compiling C object hw/xbox/mcpx/apu/dsp/libdsp.a.p/dsp.c.o
[512/1231] Compiling C object libqom.a.p/qom_container.c.o
[513/1231] Compiling C object hw/xbox/mcpx/apu/dsp/libdsp.a.p/dsp_c.c.o
[514/1231] Linking static target libqemuutil.a
[515/1231] Compiling C object hw/xbox/mcpx/apu/dsp/libdsp.a.p/dsp_jit.c.o
[516/1231] Compiling C object hw/xbox/mcpx/apu/dsp/libdsp.a.p/dsp_dma.c.o
[517/1231] Compiling C object libqom.a.p/qom_qom-qobject.c.o
[518/1231] Generating block.syms with a custom command (wrapped by meson to capture output)
[519/1231] Generating qemu.syms with a custom command (wrapped by meson to capture output)
[520/1231] Compiling C object libevent-loop-base.a.p/event-loop-base.c.o
[521/1231] Compiling C object libauthz.a.p/authz_base.c.o
[522/1231] Compiling C object libqom.a.p/qom_object_interfaces.c.o
[523/1231] Compiling C object libauthz.a.p/authz_simple.c.o
[524/1231] Compiling C object libauthz.a.p/authz_list.c.o
[525/1231] Compiling C object libcrypto.a.p/crypto_akcipher.c.o
[526/1231] Compiling C object libcrypto.a.p/crypto_afsplit.c.o
[527/1231] Compiling C object libauthz.a.p/authz_listfile.c.o
[528/1231] Compiling C object libcrypto.a.p/crypto_block-qcow.c.o
[529/1231] Compiling C object libcrypto.a.p/crypto_cipher.c.o
[530/1231] Compiling C object libcrypto.a.p/crypto_hash.c.o
[531/1231] Compiling C object libcrypto.a.p/crypto_der.c.o
[532/1231] Compiling C object libcrypto.a.p/crypto_block.c.o
[533/1231] Compiling C object libcrypto.a.p/crypto_hmac.c.o
[534/1231] Compiling C object libcrypto.a.p/crypto_ivgen-essiv.c.o
[535/1231] Compiling C object libcrypto.a.p/crypto_ivgen-plain.c.o
[536/1231] Compiling C object libcrypto.a.p/crypto_ivgen-plain64.c.o
[537/1231] Compiling C object libcrypto.a.p/crypto_ivgen.c.o
[538/1231] Compiling C object libcrypto.a.p/crypto_pbkdf.c.o
[539/1231] Compiling C object libcrypto.a.p/crypto_block-luks.c.o
[540/1231] Compiling C object libcrypto.a.p/crypto_secret.c.o
[541/1231] Compiling C object libcrypto.a.p/crypto_tlscreds.c.o
[542/1231] Compiling C object libcrypto.a.p/crypto_tlscredsanon.c.o
[543/1231] Compiling C object libcrypto.a.p/crypto_secret_common.c.o
[544/1231] Compiling C object libcrypto.a.p/crypto_tlscredspsk.c.o
[545/1231] Compiling C object libcrypto.a.p/crypto_tlssession.c.o
[546/1231] Compiling C object libcrypto.a.p/crypto_hash-glib.c.o
[547/1231] Compiling C object libcrypto.a.p/crypto_tlscredsx509.c.o
[548/1231] Compiling C object libcrypto.a.p/crypto_rsakey.c.o
[549/1231] Compiling C object libcrypto.a.p/crypto_hmac-glib.c.o
[550/1231] Compiling C object libcrypto.a.p/crypto_pbkdf-stub.c.o
[551/1231] Compiling C object libqom.a.p/qom_object.c.o
[552/1231] Compiling C object libio.a.p/io_channel-buffer.c.o
[553/1231] Compiling C object libio.a.p/io_channel-null.c.o
[554/1231] Compiling C object libio.a.p/io_channel-util.c.o
[555/1231] Compiling C object libio.a.p/io_channel-file.c.o
[556/1231] Compiling C object libio.a.p/io_channel-command.c.o
[557/1231] Compiling C object libio.a.p/io_channel-watch.c.o
[558/1231] Compiling C object libio.a.p/io_channel-tls.c.o
[559/1231] Compiling C object libio.a.p/io_dns-resolver.c.o
[560/1231] Compiling C object libio.a.p/io_channel-socket.c.o
[561/1231] Compiling C object libio.a.p/io_net-listener.c.o
[562/1231] Compiling C object libio.a.p/io_task.c.o
[563/1231] Compiling C object libmigration.a.p/migration_migration-stats.c.o
[564/1231] Compiling C object libio.a.p/io_channel.c.o
[565/1231] Compiling C object libmigration.a.p/migration_page_cache.c.o
[566/1231] Compiling C object libio.a.p/io_channel-websock.c.o
[567/1231] Compiling C object libmigration.a.p/migration_yank_functions.c.o
[568/1231] Compiling C object libmigration.a.p/migration_vmstate-types.c.o
[569/1231] Compiling C object libmigration.a.p/migration_vmstate.c.o
[570/1231] Compiling C object libmigration.a.p/migration_qemu-file.c.o
[571/1231] Compiling C object libblock.a.p/blockjob.c.o
[572/1231] Compiling C object libmigration.a.p/migration_xbzrle.c.o
[573/1231] Compiling C object libblock.a.p/nbd_common.c.o
[574/1231] Compiling C object libblock.a.p/nbd_client-connection.c.o
[575/1231] Compiling C object libblock.a.p/meson-generated_.._block_block-gen.c.o
[576/1231] Compiling C object libblock.a.p/job.c.o
[577/1231] Compiling C object libblock.a.p/scsi_utils.c.o
[578/1231] Compiling C object libblock.a.p/scsi_pr-manager.c.o
[579/1231] Compiling C object libblock.a.p/block_aio_task.c.o
[580/1231] Compiling C object libblock.a.p/nbd_client.c.o
[581/1231] Compiling C object libblock.a.p/scsi_pr-manager-helper.c.o
[582/1231] Compiling C object libblock.a.p/block_amend.c.o
[583/1231] Compiling C object libblock.a.p/block_accounting.c.o
[584/1231] Compiling C object libblock.a.p/qemu-io-cmds.c.o
[585/1231] Compiling C object libblock.a.p/block_backup.c.o
[586/1231] Compiling C object libblock.a.p/block_blkverify.c.o
[587/1231] Compiling C object libblock.a.p/block_blklogwrites.c.o
[588/1231] Compiling C object libblock.a.p/block_blkdebug.c.o
[589/1231] Compiling C object libblock.a.p/block_commit.c.o
[590/1231] Compiling C object hw/xbox/mcpx/apu/dsp/interp/libdsp_cpu_interp.a.p/dsp_cpu.c.o
[591/1231] Compiling C object libblock.a.p/block_copy-on-read.c.o
[592/1231] Compiling C object libblock.a.p/block_copy-before-write.c.o
[593/1231] Compiling C object libblock.a.p/block_block-copy.c.o
[594/1231] Compiling C object libblock.a.p/block_create.c.o
[595/1231] Compiling C object libblock.a.p/block_filter-compress.c.o
[596/1231] Compiling C object libblock.a.p/block_graph-lock.c.o
[597/1231] Compiling C object libblock.a.p/block_crypto.c.o
[598/1231] Compiling C object libblock.a.p/block_dirty-bitmap.c.o
[599/1231] Compiling C object libblock.a.p/block_null.c.o
[600/1231] Compiling C object libblock.a.p/block_progress_meter.c.o
[601/1231] Compiling C object libblock.a.p/block_block-backend.c.o
[602/1231] Compiling C object libblock.a.p/block_preallocate.c.o
[603/1231] Compiling C object libblock.a.p/block.c.o
[604/1231] Compiling C object libblock.a.p/block_mirror.c.o
[605/1231] Compiling C object libblock.a.p/block_qapi.c.o
[606/1231] Compiling C object libblock.a.p/block_nbd.c.o
[607/1231] Compiling C object libblock.a.p/block_qcow2-cache.c.o
[608/1231] Compiling C object libblock.a.p/block_qcow2-bitmap.c.o
[609/1231] Compiling C object libblock.a.p/block_qcow2-threads.c.o
[610/1231] Compiling C object libblock.a.p/block_reqlist.c.o
[611/1231] Compiling C object libblock.a.p/block_io.c.o
[612/1231] Compiling C object libblock.a.p/block_qcow2-snapshot.c.o
[613/1231] Compiling C object libblock.a.p/block_quorum.c.o
[614/1231] Compiling C object libblock.a.p/block_raw-format.c.o
[615/1231] Compiling C object libblock.a.p/block_snapshot-access.c.o
[616/1231] Compiling C object libblock.a.p/block_throttle.c.o
[617/1231] Compiling C object libblock.a.p/block_write-threshold.c.o
[618/1231] Compiling C object libblock.a.p/block_snapshot.c.o
[619/1231] Compiling C object libblock.a.p/block_throttle-groups.c.o
[620/1231] Compiling C object libblock.a.p/block_qcow2-cluster.c.o
[621/1231] Compiling C object libblock.a.p/block_monitor_bitmap-qmp-cmds.c.o
[622/1231] Compiling C object libblock.a.p/block_stream.c.o
[623/1231] Compiling C object libblock.a.p/block_qcow2-refcount.c.o
[624/1231] Compiling C object libblock.a.p/block_qcow2.c.o
[625/1231] Compiling C object libblockdev.a.p/block_export_export.c.o
[626/1231] Compiling C object libblock.a.p/block_curl.c.o
[627/1231] Compiling C object libblock.a.p/block_nvme.c.o
[628/1231] Compiling C object libblockdev.a.p/job-qmp.c.o
[629/1231] Compiling C object libblockdev.a.p/blockdev-nbd.c.o
[630/1231] Compiling C object libblockdev.a.p/iothread.c.o
[631/1231] Compiling C object libblockdev.a.p/os-posix.c.o
[632/1231] Compiling C object libblock.a.p/block_file-posix.c.o
[633/1231] Compiling C object libqmp.a.p/qom_qom-qmp-cmds.c.o
[634/1231] Compiling C object libqmp.a.p/monitor_qmp-cmds-control.c.o
[635/1231] Compiling C object libqmp.a.p/monitor_qmp.c.o
[636/1231] Compiling C object libchardev.a.p/chardev_char-file.c.o
[637/1231] Compiling C object libchardev.a.p/chardev_char-fe.c.o
[638/1231] Compiling C object libchardev.a.p/chardev_char-io.c.o
[639/1231] Compiling C object libqmp.a.p/monitor_monitor.c.o
[640/1231] Compiling C object libchardev.a.p/chardev_char-null.c.o
[641/1231] Compiling C object libchardev.a.p/chardev_char-pipe.c.o
[642/1231] Compiling C object libchardev.a.p/chardev_char-hub.c.o
[643/1231] Compiling C object libchardev.a.p/chardev_char-ringbuf.c.o
[644/1231] Compiling C object libchardev.a.p/chardev_char-mux.c.o
[645/1231] Compiling C object libblockdev.a.p/blockdev.c.o
[646/1231] Compiling C object libchardev.a.p/chardev_char-serial.c.o
[647/1231] Compiling C object libchardev.a.p/chardev_char-stdio.c.o
[648/1231] Compiling C object libchardev.a.p/chardev_char-udp.c.o
[649/1231] Compiling C object libblockdev.a.p/nbd_server.c.o
[650/1231] Compiling C object libchardev.a.p/chardev_char-fd.c.o
[651/1231] Compiling C object libchardev.a.p/chardev_char-parallel.c.o
[652/1231] Compiling C object libchardev.a.p/chardev_char-pty.c.o
[653/1231] Compiling C object libhwcore.a.p/hw_core_resetcontainer.c.o
[654/1231] Compiling C object libhwcore.a.p/hw_core_vmstate-if.c.o
[655/1231] Compiling C object libhwcore.a.p/hw_core_bus.c.o
[656/1231] Compiling C object libhwcore.a.p/hw_core_resettable.c.o
[657/1231] Compiling C object libchardev.a.p/chardev_char-socket.c.o
[658/1231] Compiling C object libchardev.a.p/chardev_char.c.o
[659/1231] Compiling C object libhwcore.a.p/hw_core_irq.c.o
[660/1231] Compiling C object libsystem.a.p/trace_control-target.c.o
[661/1231] Compiling C object libhwcore.a.p/hw_core_qdev-clock.c.o
[662/1231] Compiling C object libhwcore.a.p/hw_core_clock.c.o
[663/1231] Compiling C object libhwcore.a.p/hw_core_qdev-properties.c.o
[664/1231] Compiling C object libhwcore.a.p/hw_core_qdev.c.o
[665/1231] Compiling C object libsystem.a.p/trace_trace-hmp-cmds.c.o
[666/1231] Compiling C object libsystem.a.p/qom_qom-hmp-cmds.c.o
[667/1231] Compiling C object libsystem.a.p/ui_clipboard.c.o
[668/1231] Compiling C object libsystem.a.p/ui_dmabuf.c.o
[669/1231] Compiling C object libsystem.a.p/ui_input-keymap.c.o
[670/1231] Compiling C object libsystem.a.p/ui_cursor.c.o
[671/1231] Compiling C object libsystem.a.p/ui_input-legacy.c.o
[672/1231] Compiling C object libsystem.a.p/ui_kbd-state.c.o
[673/1231] Compiling C object libsystem.a.p/ui_keymaps.c.o
[674/1231] Compiling C object libsystem.a.p/ui_input-barrier.c.o
[675/1231] Compiling C object libsystem.a.p/ui_qemu-pixman.c.o
[676/1231] Compiling C object libsystem.a.p/ui_input.c.o
[677/1231] Compiling C object libsystem.a.p/ui_ui-hmp-cmds.c.o
[678/1231] Compiling C object libsystem.a.p/ui_ui-qmp-cmds.c.o
[679/1231] Compiling C object libsystem.a.p/ui_xemu-input-topology.c.o
[680/1231] Compiling C object libsystem.a.p/ui_util.c.o
[681/1231] Compiling C object libsystem.a.p/ui_xemu-monitor.c.o
[682/1231] Compiling C object libsystem.a.p/ui_console.c.o
[683/1231] Compiling C object libsystem.a.p/ui_xemu-net.c.o
[684/1231] Compiling C object libsystem.a.p/ui_xemu-tweaks.c.o
[685/1231] Compiling C object libsystem.a.p/ui_xemu-gpu-launch.c.o
[686/1231] Compiling C object libsystem.a.p/ui_xemu-gpu-info.c.o
[687/1231] Compiling C object libsystem.a.p/ui_xemu-input.c.o
[688/1231] Compiling C object libsystem.a.p/ui_xemu-snapshots.c.o
[689/1231] Compiling C object libsystem.a.p/ui_xemu.c.o
[690/1231] Compiling C++ object libsystem.a.p/ui_xemu-thumbnail.cc.o
[691/1231] Compiling C++ object libsystem.a.p/ui_xui_animation.cc.o
[692/1231] Compiling C++ object libsystem.a.p/ui_xui_compat.cc.o
[693/1231] Compiling C++ object libsystem.a.p/ui_xemu-settings-migration.cc.o
[694/1231] Compiling C++ object libsystem.a.p/ui_xui_font-manager.cc.o
[695/1231] Compiling C++ object libsystem.a.p/ui_xui_actions.cc.o
[696/1231] Compiling C++ object libsystem.a.p/ui_xui_debug.cc.o
[697/1231] Compiling C++ object libsystem.a.p/ui_xui_gl-helpers.cc.o
[698/1231] Compiling C++ object libsystem.a.p/ui_xui_input-manager.cc.o
[699/1231] Compiling C++ object libsystem.a.p/ui_xui_main.cc.o
[700/1231] Compiling C++ object libsystem.a.p/ui_xui_menubar.cc.o
[701/1231] Compiling C++ object libsystem.a.p/ui_xui_monitor.cc.o
[702/1231] Compiling C++ object libsystem.a.p/ui_xui_misc.cc.o
[703/1231] Compiling C++ object libsystem.a.p/ui_xui_notifications.cc.o
[704/1231] Compiling C++ object libsystem.a.p/ui_xemu-settings.cc.o
[705/1231] Compiling C++ object libsystem.a.p/ui_xui_snapshot-manager.cc.o
[706/1231] Compiling C++ object libsystem.a.p/ui_xui_viewport-manager.cc.o
[707/1231] Compiling C object libsystem.a.p/ui_console-vc-stubs.c.o
[708/1231] Compiling C object libsystem.a.p/ui_spice-module.c.o
[709/1231] Compiling C++ object libsystem.a.p/ui_xui_scene-components.cc.o
[710/1231] Compiling C object libsystem.a.p/ui_udmabuf.c.o
[711/1231] Compiling C object libsystem.a.p/ui_input-linux.c.o
[712/1231] Compiling C object libsystem.a.p/ui_vnc-stubs.c.o
[713/1231] Compiling C++ object libsystem.a.p/ui_xui_main-menu.cc.o
[714/1231] Compiling C object libsystem.a.p/gdbstub_syscalls.c.o
[715/1231] Compiling C object libsystem.a.p/hw_acpi_ghes-stub.c.o
[716/1231] Compiling C object libsystem.a.p/hw_acpi_acpi_interface.c.o
[717/1231] Compiling C object libsystem.a.p/gdbstub_system.c.o
[718/1231] Compiling C object libsystem.a.p/hw_acpi_bios-linker-loader.c.o
[719/1231] Compiling C++ object libsystem.a.p/ui_xui_popup-menu.cc.o
[720/1231] Compiling C object libsystem.a.p/hw_acpi_utils.c.o
[721/1231] Compiling C object libsystem.a.p/hw_acpi_core.c.o
[722/1231] Compiling C++ object libsystem.a.p/ui_xui_welcome.cc.o
[723/1231] Compiling C object libsystem.a.p/gdbstub_gdbstub.c.o
[724/1231] Compiling C object libsystem.a.p/hw_acpi_cpu.c.o
[725/1231] Compiling C object libsystem.a.p/hw_acpi_cpu_hotplug.c.o
[726/1231] Compiling C object libsystem.a.p/hw_acpi_pci.c.o
[727/1231] Compiling C++ object libsystem.a.p/ui_xui_widgets.cc.o
[728/1231] Compiling C object libsystem.a.p/hw_acpi_nvdimm.c.o
[729/1231] Compiling C object libsystem.a.p/hw_acpi_memory_hotplug.c.o
[730/1231] Compiling C object libsystem.a.p/hw_acpi_cxl-stub.c.o
[731/1231] Compiling C object libsystem.a.p/hw_acpi_vmgenid.c.o
[732/1231] Compiling C object libsystem.a.p/hw_acpi_hmat.c.o
[733/1231] Compiling C object libsystem.a.p/hw_acpi_vmclock.c.o
[734/1231] Compiling C object libsystem.a.p/hw_acpi_pci-bridge.c.o
[735/1231] Compiling C object libsystem.a.p/hw_acpi_ipmi-stub.c.o
[736/1231] Compiling C object libsystem.a.p/hw_acpi_aml-build.c.o
[737/1231] Compiling C object libsystem.a.p/hw_acpi_viot.c.o
[738/1231] Compiling C object libsystem.a.p/hw_acpi_piix4.c.o
[739/1231] Compiling C object libsystem.a.p/hw_acpi_ghes_cper_stub.c.o
[740/1231] Compiling C object libsystem.a.p/hw_acpi_acpi-qmp-cmds.c.o
[741/1231] Compiling C object libsystem.a.p/hw_audio_model.c.o
[742/1231] Compiling C object libsystem.a.p/hw_acpi_erst.c.o
[743/1231] Compiling C object libsystem.a.p/hw_audio_pcspk.c.o
[744/1231] Compiling C object libsystem.a.p/hw_acpi_pcihp.c.o
[745/1231] Compiling C object libsystem.a.p/hw_block_cdrom.c.o
[746/1231] Compiling C object libsystem.a.p/hw_block_block.c.o
[747/1231] Compiling C object libsystem.a.p/hw_block_hd-geometry.c.o
[748/1231] Compiling C object libsystem.a.p/hw_char_parallel-isa.c.o
[749/1231] Compiling C object libsystem.a.p/hw_audio_ac97.c.o
[750/1231] Compiling C object libsystem.a.p/hw_char_serial-isa.c.o
[751/1231] Compiling C object libsystem.a.p/hw_core_generic-loader.c.o
[752/1231] Compiling C object libsystem.a.p/hw_core_fw-path-provider.c.o
[753/1231] Compiling C object libsystem.a.p/hw_core_cpu-system.c.o
[754/1231] Compiling C object libsystem.a.p/hw_core_hotplug.c.o
[755/1231] Compiling C object libsystem.a.p/hw_char_serial.c.o
[756/1231] Compiling C object libsystem.a.p/hw_core_gpio.c.o
[757/1231] Compiling C object libsystem.a.p/hw_block_pflash_cfi01.c.o
[758/1231] Compiling C object libsystem.a.p/hw_core_nmi.c.o
[759/1231] Compiling C object libsystem.a.p/hw_core_machine-hmp-cmds.c.o
[760/1231] Compiling C object libsystem.a.p/hw_core_null-machine.c.o
[761/1231] Compiling C object libsystem.a.p/hw_core_machine-qmp-cmds.c.o
[762/1231] Compiling C object libsystem.a.p/hw_core_qdev-fw.c.o
[763/1231] Compiling C object libsystem.a.p/hw_core_qdev-hotplug.c.o
[764/1231] Compiling C object libsystem.a.p/hw_core_reset.c.o
[765/1231] Compiling C object libsystem.a.p/hw_core_vm-change-state-handler.c.o
[766/1231] Compiling C object libsystem.a.p/hw_core_clock-vmstate.c.o
[767/1231] Compiling C object libsystem.a.p/hw_core_numa.c.o
[768/1231] Compiling C object libsystem.a.p/hw_core_sysbus.c.o
[769/1231] Compiling C object libsystem.a.p/hw_core_machine.c.o
[770/1231] Compiling C object libsystem.a.p/hw_core_qdev-properties-system.c.o
[771/1231] Compiling C object libsystem.a.p/hw_cxl_cxl-host-stubs.c.o
[772/1231] Compiling C object libsystem.a.p/hw_cpu_core.c.o
[773/1231] Compiling C object libsystem.a.p/hw_display_edid-region.c.o
[774/1231] Compiling C object libsystem.a.p/hw_display_ramfb-stubs.c.o
[775/1231] Compiling C++ object libsystem.a.p/ui_xui_reporting.cc.o
[776/1231] Compiling C object libsystem.a.p/hw_display_edid-generate.c.o
[777/1231] Compiling C object libsystem.a.p/hw_hyperv_hv-balloon-stub.c.o
[778/1231] Compiling C object libsystem.a.p/hw_core_loader.c.o
[779/1231] Compiling C object libsystem.a.p/hw_i2c_smbus_slave.c.o
[780/1231] Compiling C object libsystem.a.p/hw_display_acpi-vga.c.o
[781/1231] Compiling C object libsystem.a.p/hw_i2c_core.c.o
[782/1231] Compiling C object libsystem.a.p/hw_i2c_smbus_master.c.o
[783/1231] Compiling C object libsystem.a.p/hw_display_vga-pci.c.o
[784/1231] Compiling C object libsystem.a.p/hw_dma_i8257.c.o
[785/1231] Compiling C object libsystem.a.p/hw_i2c_smbus_eeprom.c.o
[786/1231] Compiling C object libsystem.a.p/hw_i2c_pm_smbus.c.o
[787/1231] Compiling C object libsystem.a.p/hw_ide_ide-bus.c.o
[788/1231] Compiling C object libsystem.a.p/hw_ide_cf.c.o
[789/1231] Compiling C object libsystem.a.p/hw_ide_ide-dev.c.o
[790/1231] Compiling C object libsystem.a.p/hw_ide_ioport.c.o
[791/1231] Compiling C object libsystem.a.p/hw_ide_piix.c.o
[792/1231] Compiling C object libsystem.a.p/hw_ide_atapi.c.o
[793/1231] Compiling C object libsystem.a.p/hw_input_hid.c.o
[794/1231] Compiling C object libsystem.a.p/hw_intc_intc.c.o
[795/1231] Compiling C object libsystem.a.p/hw_ide_pci.c.o
[796/1231] Compiling C object libsystem.a.p/hw_input_pckbd.c.o
[797/1231] Compiling C object libsystem.a.p/hw_intc_i8259_common.c.o
[798/1231] Compiling C object libsystem.a.p/hw_intc_kvm_irqcount.c.o
[799/1231] Compiling C object libsystem.a.p/hw_intc_ioapic_common.c.o
[800/1231] Compiling C object libsystem.a.p/hw_intc_i8259.c.o
[801/1231] Compiling C object libsystem.a.p/hw_display_vga.c.o
[802/1231] Compiling C object libsystem.a.p/hw_isa_apm.c.o
[803/1231] Compiling C object libsystem.a.p/hw_mem_cxl_type3_stubs.c.o
[804/1231] Compiling C object libsystem.a.p/hw_input_ps2.c.o
[805/1231] Compiling C object libsystem.a.p/hw_isa_isa-bus.c.o
[806/1231] Compiling C object libsystem.a.p/hw_isa_piix.c.o
[807/1231] Compiling C object libsystem.a.p/hw_net_rocker_qmp-norocker.c.o
[808/1231] Compiling C object libsystem.a.p/hw_net_vhost_net-stub.c.o
[809/1231] Compiling C object libsystem.a.p/hw_ide_core.c.o
[810/1231] Compiling C object libsystem.a.p/hw_misc_pci-testdev.c.o
[811/1231] Compiling C object libsystem.a.p/hw_mem_pc-dimm.c.o
[812/1231] Compiling C object libsystem.a.p/hw_misc_ivshmem-flat.c.o
[813/1231] Compiling C object libsystem.a.p/hw_mem_memory-device.c.o
[814/1231] Compiling C object libsystem.a.p/hw_nvram_fw_cfg-interface.c.o
[815/1231] Compiling C object libsystem.a.p/hw_net_rocker_rocker-hmp-cmds.c.o
[816/1231] Compiling C object libsystem.a.p/hw_pci_msi.c.o
[817/1231] Compiling C object libsystem.a.p/hw_pci_pci_host.c.o
[818/1231] Compiling C object libsystem.a.p/hw_pci_pci_bridge.c.o
[819/1231] Compiling C object libsystem.a.p/hw_pci_pci-hmp-cmds.c.o
[820/1231] Compiling C object libsystem.a.p/hw_pci_msix.c.o
[821/1231] Compiling C object libsystem.a.p/hw_pci_pci-qmp-cmds.c.o
[822/1231] Compiling C object libsystem.a.p/hw_nvram_fw_cfg.c.o
[823/1231] Compiling C object libsystem.a.p/hw_pci_slotid_cap.c.o
[824/1231] Compiling C object libsystem.a.p/hw_pci_pcie_sriov.c.o
[825/1231] Compiling C object libsystem.a.p/hw_pci-host_pam.c.o
[826/1231] Compiling C object libsystem.a.p/hw_pci_pcie_doe.c.o
[827/1231] Compiling C object libsystem.a.p/hw_pci-bridge_pci_expander_bridge_stubs.c.o
[828/1231] Compiling C object libsystem.a.p/hw_pci_shpc.c.o
[829/1231] Compiling C object libsystem.a.p/hw_pci_pcie_aer.c.o
[830/1231] Compiling C object libsystem.a.p/hw_scsi_emulation.c.o
[831/1231] Compiling C object libsystem.a.p/hw_smbios_smbios-stub.c.o
[832/1231] Compiling C object libsystem.a.p/hw_pci_pcie.c.o
[833/1231] Compiling C object libsystem.a.p/hw_pci-host_i440fx.c.o
[834/1231] Compiling C object libsystem.a.p/hw_uefi_hardware-info.c.o
[835/1231] Compiling C object libsystem.a.p/hw_timer_i8254_common.c.o
[836/1231] Compiling C object libsystem.a.p/hw_rtc_mc146818rtc.c.o
[837/1231] Compiling C object libsystem.a.p/hw_scsi_scsi-generic.c.o
[838/1231] Compiling C object libsystem.a.p/hw_timer_i8254.c.o
[839/1231] Compiling C object libsystem.a.p/hw_pci_pci.c.o
[840/1231] Compiling C object libsystem.a.p/hw_usb_combined-packet.c.o
[841/1231] Compiling C object libsystem.a.p/hw_usb_desc-msos.c.o
[842/1231] Compiling C object libsystem.a.p/hw_uefi_ovmf-log.c.o
[843/1231] Compiling C object libsystem.a.p/hw_scsi_scsi-bus.c.o
[844/1231] Compiling C object libsystem.a.p/hw_usb_bus.c.o
[845/1231] Compiling C object libsystem.a.p/hw_usb_libhw.c.o
[846/1231] Compiling C object libsystem.a.p/hw_usb_pcap.c.o
[847/1231] Compiling C object libsystem.a.p/hw_usb_core.c.o
[848/1231] Compiling C object libsystem.a.p/hw_usb_desc.c.o
[849/1231] Compiling C object libsystem.a.p/hw_scsi_scsi-disk.c.o
[850/1231] Compiling C object libsystem.a.p/hw_usb_imx-usb-phy.c.o
[851/1231] Compiling C object libsystem.a.p/hw_usb_hcd-ohci-pci.c.o
[852/1231] Compiling C object libsystem.a.p/hw_usb_dev-hid.c.o
[853/1231] Compiling C object libsystem.a.p/hw_usb_dev-wacom.c.o
[854/1231] Compiling C object libsystem.a.p/hw_usb_dev-storage-bot.c.o
[855/1231] Compiling C object libsystem.a.p/hw_usb_dev-hub.c.o
[856/1231] Compiling C object libsystem.a.p/hw_usb_hcd-uhci.c.o
[857/1231] Compiling C object libsystem.a.p/hw_usb_dev-storage-classic.c.o
[858/1231] Compiling C object libsystem.a.p/hw_usb_dev-storage.c.o
[859/1231] Compiling C object libsystem.a.p/hw_usb_dev-audio.c.o
[860/1231] Compiling C object libsystem.a.p/hw_usb_dev-network.c.o
[861/1231] Compiling C object libsystem.a.p/hw_usb_dev-serial.c.o
[862/1231] Compiling C object libsystem.a.p/hw_usb_u2f.c.o
[863/1231] Compiling C object libsystem.a.p/hw_usb_dev-uas.c.o
[864/1231] Compiling C object libsystem.a.p/hw_usb_hcd-ohci.c.o
[865/1231] Compiling C object libsystem.a.p/hw_vfio_iommufd-stubs.c.o
[866/1231] Compiling C object libsystem.a.p/hw_virtio_virtio-stub.c.o
[867/1231] Compiling C object libsystem.a.p/hw_usb_dev-smartcard-reader.c.o
[868/1231] Compiling C object libsystem.a.p/hw_virtio_vhost-stub.c.o
[869/1231] Compiling C object libsystem.a.p/hw_usb_u2f-passthru.c.o
[870/1231] Compiling C object libsystem.a.p/hw_virtio_virtio-acpi.c.o
[871/1231] Compiling C object libsystem.a.p/hw_watchdog_watchdog.c.o
[872/1231] Compiling C object libsystem.a.p/hw_virtio_virtio-md-stubs.c.o
[873/1231] Compiling C object libsystem.a.p/hw_watchdog_wdt_ib700.c.o
[874/1231] Compiling C object libsystem.a.p/hw_xen_xen_stubs.c.o
[875/1231] Compiling C object libsystem.a.p/hw_virtio_virtio-hmp-cmds.c.o
[876/1231] Compiling C object libsystem.a.p/audio_noaudio.c.o
[877/1231] Compiling C object libsystem.a.p/audio_wavaudio.c.o
[878/1231] Compiling C object libsystem.a.p/hw_usb_dev-mtp.c.o
[879/1231] Compiling C object libsystem.a.p/audio_wavcapture.c.o
[880/1231] Compiling C object libsystem.a.p/audio_audio-hmp-cmds.c.o
[881/1231] Compiling C object libsystem.a.p/chardev_char-hmp-cmds.c.o
[882/1231] Compiling C object libsystem.a.p/fsdev_qemu-fsdev-opts.c.o
[883/1231] Compiling C object libsystem.a.p/chardev_msmouse.c.o
[884/1231] Compiling C object libsystem.a.p/chardev_testdev.c.o
[885/1231] Compiling C object libsystem.a.p/fsdev_qemu-fsdev-throttle.c.o
[886/1231] Compiling C object libsystem.a.p/fsdev_qemu-fsdev-dummy.c.o
[887/1231] Compiling C object libsystem.a.p/chardev_wctablet.c.o
[888/1231] Compiling C object libsystem.a.p/audio_mixeng.c.o
[889/1231] Compiling C object libsystem.a.p/dump_dump-hmp-cmds.c.o
[890/1231] Compiling C object libsystem.a.p/block_block-ram-registrar.c.o
[891/1231] Compiling C object libsystem.a.p/block_blkreplay.c.o
[892/1231] Compiling C object libsystem.a.p/cpu-target.c.o
[893/1231] Compiling C object libsystem.a.p/block_qapi-system.c.o
[894/1231] Compiling C object libsystem.a.p/system_balloon.c.o
[895/1231] Compiling C object libsystem.a.p/system_datadir.c.o
[896/1231] Compiling C object libsystem.a.p/block_monitor_block-hmp-cmds.c.o
[897/1231] Compiling C object libsystem.a.p/system_bootdevice.c.o
[898/1231] Compiling C object libsystem.a.p/system_cpu-timers.c.o
[899/1231] Compiling C object libsystem.a.p/audio_audio.c.o
[900/1231] Compiling C object libsystem.a.p/system_exit-with-parent.c.o
[901/1231] Compiling C object libsystem.a.p/system_cpus.c.o
[902/1231] Compiling C object libsystem.a.p/dump_dump.c.o
[903/1231] Compiling C object libsystem.a.p/system_globals.c.o
[904/1231] Compiling C object libsystem.a.p/system_dma-helpers.c.o
[905/1231] Compiling C object libsystem.a.p/system_dirtylimit.c.o
[906/1231] Compiling C object libsystem.a.p/system_ioport.c.o
[907/1231] Compiling C object libsystem.a.p/system_ram-block-attributes.c.o
[908/1231] Compiling C object libsystem.a.p/system_memory_mapping.c.o
[909/1231] Compiling C object libsystem.a.p/system_runstate-action.c.o
[910/1231] Compiling C object libsystem.a.p/system_rtc.c.o
[911/1231] Compiling C object libsystem.a.p/system_runstate-hmp-cmds.c.o
[912/1231] Compiling C object libsystem.a.p/system_tpm-hmp-cmds.c.o
[913/1231] Compiling C object libsystem.a.p/system_watchpoint.c.o
[914/1231] Compiling C object libsystem.a.p/system_qdev-monitor.c.o
[915/1231] Compiling C object libsystem.a.p/system_device_tree-stub.c.o
[916/1231] Compiling C object libsystem.a.p/system_async-teardown.c.o
[917/1231] Compiling C object libsystem.a.p/system_qtest.c.o
[918/1231] Compiling C object libsystem.a.p/system_runstate.c.o
[919/1231] Compiling C object libsystem.a.p/target-info-qom.c.o
[920/1231] Compiling C object libsystem.a.p/system_vl.c.o
[921/1231] Compiling C object libsystem.a.p/backends_cryptodev-hmp-cmds.c.o
[922/1231] Compiling C object libsystem.a.p/backends_cryptodev-builtin.c.o
[923/1231] Compiling C object libsystem.a.p/backends_hostmem-ram.c.o
[924/1231] Compiling C object libsystem.a.p/backends_rng-builtin.c.o
[925/1231] Compiling C object libsystem.a.p/backends_confidential-guest-support.c.o
[926/1231] Compiling C object libsystem.a.p/backends_rng-egd.c.o
[927/1231] Compiling C object libsystem.a.p/backends_rng.c.o
[928/1231] Compiling C object libsystem.a.p/backends_cryptodev.c.o
[929/1231] Compiling C object libsystem.a.p/backends_hostmem.c.o
[930/1231] Compiling C object libsystem.a.p/backends_rng-random.c.o
[931/1231] Compiling C object libsystem.a.p/backends_host_iommu_device.c.o
[932/1231] Compiling C object libsystem.a.p/backends_hostmem-shm.c.o
[933/1231] Compiling C object libsystem.a.p/backends_spdm-socket.c.o
[934/1231] Compiling C object libsystem.a.p/backends_hostmem-memfd.c.o
[935/1231] Compiling C object libsystem.a.p/backends_hostmem-file.c.o
[936/1231] Compiling C object libsystem.a.p/disas_disas-mon.c.o
[937/1231] Compiling C object libsystem.a.p/migration_block-active.c.o
[938/1231] Compiling C object libsystem.a.p/migration_channel.c.o
[939/1231] Compiling C object libsystem.a.p/migration_channel-block.c.o
[940/1231] Compiling C object libsystem.a.p/migration_cpr-transfer.c.o
[941/1231] Compiling C object libsystem.a.p/system_memory.c.o
[942/1231] Compiling C object libsystem.a.p/migration_cpr.c.o
[943/1231] Compiling C object libsystem.a.p/migration_cpr-exec.c.o
[944/1231] Compiling C object libsystem.a.p/migration_cpu-throttle.c.o
[945/1231] Compiling C object libsystem.a.p/migration_block-dirty-bitmap.c.o
[946/1231] Compiling C object libsystem.a.p/migration_exec.c.o
[947/1231] Compiling C object libsystem.a.p/migration_fd.c.o
[948/1231] Compiling C object libsystem.a.p/migration_file.c.o
[949/1231] Compiling C object libsystem.a.p/migration_global_state.c.o
[950/1231] Compiling C object libsystem.a.p/migration_multifd-device-state.c.o
[951/1231] Compiling C object libsystem.a.p/migration_dirtyrate.c.o
[952/1231] Compiling C object libsystem.a.p/migration_migration-hmp-cmds.c.o
[953/1231] Compiling C object libsystem.a.p/migration_multifd-zlib.c.o
[954/1231] Compiling C object libsystem.a.p/migration_multifd-nocomp.c.o
[955/1231] Compiling C object libsystem.a.p/migration_multifd-zero-page.c.o
[956/1231] Compiling C object libsystem.a.p/migration_multifd.c.o
[957/1231] Compiling C object libsystem.a.p/migration_socket.c.o
[958/1231] Compiling C object libsystem.a.p/migration_options.c.o
[959/1231] Compiling C object libsystem.a.p/migration_tls.c.o
[960/1231] Compiling C object libsystem.a.p/migration_colo-stubs.c.o
[961/1231] Compiling C object libsystem.a.p/migration_threadinfo.c.o
[962/1231] Compiling C object libsystem.a.p/system_physmem.c.o
[963/1231] Compiling C object libsystem.a.p/migration_vfio-stub.c.o
[964/1231] Compiling C object libsystem.a.p/migration_postcopy-ram.c.o
[965/1231] Compiling C object libsystem.a.p/monitor_fds.c.o
[966/1231] Compiling C object libsystem.a.p/monitor_hmp-cmds.c.o
[967/1231] Compiling C object libsystem.a.p/migration_migration.c.o
[968/1231] Compiling C object libsystem.a.p/monitor_qemu-config-qmp.c.o
[969/1231] Compiling C object libsystem.a.p/monitor_qmp-cmds.c.o
[970/1231] Compiling C object libsystem.a.p/net_announce.c.o
[971/1231] Compiling C object libsystem.a.p/net_checksum.c.o
[972/1231] Compiling C object libsystem.a.p/net_dump.c.o
[973/1231] Compiling C object libsystem.a.p/net_dgram.c.o
[974/1231] Compiling C object libsystem.a.p/net_filter-buffer.c.o
[975/1231] Compiling C object libsystem.a.p/net_filter-mirror.c.o
[976/1231] Compiling C object libsystem.a.p/monitor_hmp.c.o
[977/1231] Compiling C object libsystem.a.p/net_eth.c.o
[978/1231] Compiling C object libsystem.a.p/net_hub.c.o
[979/1231] Compiling C object libsystem.a.p/net_filter.c.o
[980/1231] Compiling C object libsystem.a.p/net_net-hmp-cmds.c.o
[981/1231] Compiling C object libsystem.a.p/migration_savevm.c.o
[982/1231] Compiling C object libsystem.a.p/net_queue.c.o
[983/1231] Compiling C object libsystem.a.p/net_colo-stubs.c.o
[984/1231] Compiling C object libsystem.a.p/net_util.c.o
[985/1231] Compiling C object libsystem.a.p/net_stream_data.c.o
[986/1231] Compiling C object libsystem.a.p/net_stream.c.o
[987/1231] Compiling C object libsystem.a.p/migration_ram.c.o
[988/1231] Compiling C object libsystem.a.p/net_socket.c.o
[989/1231] Compiling C object libsystem.a.p/net_filter-replay.c.o
[990/1231] Compiling C object libsystem.a.p/net_pcap.c.o
[991/1231] Compiling C object libsystem.a.p/net_tap-linux.c.o
[992/1231] Compiling C object libsystem.a.p/replay_replay.c.o
[993/1231] Compiling C object libsystem.a.p/replay_replay-events.c.o
[994/1231] Compiling C object libsystem.a.p/replay_replay-internal.c.o
[995/1231] Compiling C object libsystem.a.p/replay_replay-time.c.o
[996/1231] Compiling C object libsystem.a.p/replay_replay-input.c.o
[997/1231] Compiling C object libsystem.a.p/net_slirp.c.o
[998/1231] Compiling C object libsystem.a.p/net_tap.c.o
[999/1231] Compiling C object libsystem.a.p/replay_replay-char.c.o
[1000/1231] Compiling C object libsystem.a.p/replay_replay-snapshot.c.o
[1001/1231] Compiling C object libsystem.a.p/replay_replay-audio.c.o
[1002/1231] Compiling C object libsystem.a.p/replay_replay-net.c.o
[1003/1231] Compiling C object libsystem.a.p/net_net.c.o
[1004/1231] Compiling C object libsystem.a.p/replay_replay-random.c.o
[1005/1231] Compiling C object libsystem.a.p/semihosting_stubs-system.c.o
[1006/1231] Compiling C object libsystem.a.p/semihosting_arm-compat-semi-stub.c.o
[1007/1231] Compiling C object libsystem.a.p/stats_stats-qmp-cmds.c.o
[1008/1231] Compiling C object libsystem.a.p/tcg_tcg-common.c.o
[1009/1231] Compiling C object libsystem.a.p/replay_replay-debugging.c.o
[1010/1231] Compiling C object libsystem.a.p/stats_stats-hmp-cmds.c.o
[1011/1231] Compiling C object libsystem.a.p/tcg_region.c.o
[1012/1231] Compiling C object libsystem.a.p/tcg_perf.c.o
[1013/1231] Compiling C object libsystem.a.p/accel_accel-system.c.o
[1014/1231] Compiling C object libsystem.a.p/tcg_tcg-op-fp.c.o
[1015/1231] Compiling C object libsystem.a.p/accel_accel-blocker.c.o
[1016/1231] Compiling C object libsystem.a.p/tcg_tcg-op-vec.c.o
[1017/1231] Compiling C object libsystem.a.p/accel_accel-qmp.c.o
[1018/1231] Compiling C object libsystem.a.p/accel_accel-irq.c.o
[1019/1231] Compiling C object libsystem.a.p/accel_tcg_cpu-exec-common.c.o
[1020/1231] Compiling C object libsystem.a.p/tcg_tcg-op-ldst.c.o
[1021/1231] Compiling C object libsystem.a.p/tcg_optimize.c.o
[1022/1231] Compiling C object libsystem.a.p/accel_tcg_tcg-runtime.c.o
[1023/1231] Compiling C object libsystem.a.p/accel_tcg_cpu-exec.c.o
[1024/1231] Compiling C object libsystem.a.p/accel_tcg_tcg-all.c.o
[1025/1231] Compiling C object libsystem.a.p/accel_tcg_tcg-stats.c.o
[1026/1231] Compiling C object libsystem.a.p/accel_tcg_tb-maint.c.o
[1027/1231] Compiling C object libsystem.a.p/tcg_tcg-op.c.o
[1028/1231] Compiling C object libsystem.a.p/accel_tcg_translate-all.c.o
[1029/1231] Compiling C object libsystem.a.p/accel_tcg_jump-cache-probe.c.o
[1030/1231] Compiling C object libsystem.a.p/tcg_tcg-op-gvec.c.o
[1031/1231] Compiling C object libsystem.a.p/accel_tcg_monitor.c.o
[1032/1231] Compiling C object libsystem.a.p/accel_tcg_tcg-accel-ops.c.o
[1033/1231] Compiling C object libsystem.a.p/accel_tcg_icount-common.c.o
[1034/1231] Compiling C object libsystem.a.p/accel_tcg_tcg-accel-ops-icount.c.o
[1035/1231] Compiling C object libsystem.a.p/accel_tcg_tcg-accel-ops-mttcg.c.o
[1036/1231] Compiling C object libsystem.a.p/accel_tcg_tcg-accel-ops-rr.c.o
[1037/1231] Compiling C object libsystem.a.p/accel_dummy-cpus.c.o
[1038/1231] Compiling C object libsystem.a.p/accel_tcg_watchpoint.c.o
[1039/1231] Compiling C object libsystem.a.p/accel_tcg_translator.c.o
[1040/1231] Compiling C object libsystem.a.p/ebpf_ebpf_rss-stub.c.o
[1041/1231] Compiling C object libcommon.a.p/page-vary-common.c.o
[1042/1231] Compiling C object libcommon.a.p/hw_core_machine-smp.c.o
[1043/1231] Compiling C object libcommon.a.p/hw_core_cpu-common.c.o
[1044/1231] Compiling C object libcommon.a.p/target-info.c.o
[1045/1231] Compiling C object libcommon.a.p/cpu-common.c.o
[1046/1231] Compiling C object libcommon.a.p/disas_disas-target.c.o
[1047/1231] Compiling C object libcommon.a.p/disas_disas-host.c.o
[1048/1231] Compiling C object libcommon.a.p/disas_objdump.c.o
[1049/1231] Compiling C object libcommon.a.p/disas_disas-common.c.o
[1050/1231] Compiling C object libcommon.a.p/semihosting_stubs-all.c.o
[1051/1231] Compiling C object libcommon.a.p/accel_accel-common.c.o
[1052/1231] Compiling C object libqemu-i386-softmmu.a.p/meson-generated_.._i386-softmmu-gdbstub-xml.c.o
[1053/1231] Compiling C object libqemu-i386-softmmu.a.p/target_i386_arch_dump.c.o
[1054/1231] Compiling C object libqemu-i386-softmmu.a.p/target_i386_arch_memory_mapping.c.o
[1055/1231] Compiling C object libsystem.a.p/hw_usb_host-libusb.c.o
[1056/1231] Compiling C object libqemu-i386-softmmu.a.p/target_i386_machine.c.o
[1057/1231] Compiling C object libqemu-i386-softmmu.a.p/target_i386_cpu-system.c.o
[1058/1231] Compiling C object libqemu-i386-softmmu.a.p/target_i386_cpu-apic.c.o
[1059/1231] Compiling C object libqemu-i386-softmmu.a.p/target_i386_monitor.c.o
[1060/1231] Compiling C object libqemu-i386-softmmu.a.p/target_i386_sev-system-stub.c.o
[1061/1231] Compiling C object libqemu-i386-softmmu.a.p/target_i386_kvm_hyperv-stub.c.o
[1062/1231] Compiling C object libqemu-i386-softmmu.a.p/target_i386_tcg_system_tcg-cpu.c.o
[1063/1231] Compiling C object libsystem.a.p/tcg_tcg.c.o
[1064/1231] Compiling C object libqemu-i386-softmmu.a.p/target_i386_tcg_system_excp_helper.c.o
[1065/1231] Compiling C object libqemu-i386-softmmu.a.p/target_i386_tcg_system_fpu_helper.c.o
[1066/1231] Compiling C object libsystem.a.p/accel_tcg_tcg-runtime-gvec.c.o
[1067/1231] Compiling C object libqemu-i386-softmmu.a.p/target_i386_tcg_system_smm_helper.c.o
[1068/1231] Compiling C object libqemu-i386-softmmu.a.p/hw_i386_fw_cfg.c.o
[1069/1231] Compiling C object libqemu-i386-softmmu.a.p/hw_i386_e820_memory_layout.c.o
[1070/1231] Compiling C object libqemu-i386-softmmu.a.p/target_i386_tcg_system_bpt_helper.c.o
[1071/1231] Compiling C object libqemu-i386-softmmu.a.p/target_i386_tcg_system_misc_helper.c.o
[1072/1231] Compiling C object libqemu-i386-softmmu.a.p/hw_i386_monitor.c.o
[1073/1231] Compiling C object libqemu-i386-softmmu.a.p/hw_i386_multiboot.c.o
[1074/1231] Compiling C object libqemu-i386-softmmu.a.p/hw_i386_x86-cpu.c.o
[1075/1231] Compiling C object libqemu-i386-softmmu.a.p/target_i386_tcg_system_seg_helper.c.o
[1076/1231] Compiling C object libqemu-i386-softmmu.a.p/target_i386_tcg_system_svm_helper.c.o
[1077/1231] Compiling C object libqemu-i386-softmmu.a.p/hw_i386_x86.c.o
[1078/1231] Compiling C object libqemu-i386-softmmu.a.p/hw_i386_x86-iommu-stub.c.o
[1079/1231] Compiling C object libqemu-i386-softmmu.a.p/hw_i386_amd_iommu-stub.c.o
[1080/1231] Compiling C object libsystem.a.p/accel_tcg_cputlb.c.o
[1081/1231] Compiling C object libqemu-i386-softmmu.a.p/hw_i386_vapic.c.o
[1082/1231] Compiling C object libqemu-i386-softmmu.a.p/hw_i386_sgx-stub.c.o
[1083/1231] Compiling C object libqemu-i386-softmmu.a.p/hw_i386_acpi-common.c.o
[1084/1231] Compiling C object libqemu-i386-softmmu.a.p/hw_i386_port92.c.o
[1085/1231] Compiling C object libqemu-i386-softmmu.a.p/hw_i386_pc_sysfw_ovmf-stubs.c.o
[1086/1231] Compiling C object libqemu-i386-softmmu.a.p/target-info-stub.c.o
[1087/1231] Compiling C object libqemu-i386-softmmu.a.p/hw_i386_pc_sysfw.c.o
[1088/1231] Compiling C object libqemu-i386-softmmu.a.p/hw_i386_x86-common.c.o
[1089/1231] Compiling C object libqemu-i386-softmmu.a.p/target_i386_gdbstub.c.o
[1090/1231] Compiling C object libqemu-i386-softmmu.a.p/target_i386_xsave_helper.c.o
[1091/1231] Compiling C object libqemu-i386-softmmu.a.p/target_i386_cpu-dump.c.o
[1092/1231] Compiling C object libqemu-i386-softmmu.a.p/target_i386_helper.c.o
[1093/1231] Compiling C object libqemu-i386-softmmu.a.p/hw_i386_pc.c.o
[1094/1231] Compiling C object libqemu-i386-softmmu.a.p/target_i386_tcg_access.c.o
[1095/1231] Compiling C object libqemu-i386-softmmu.a.p/target_i386_cpu.c.o
[1096/1231] Compiling C object libqemu-i386-softmmu.a.p/target_i386_tcg_bpt_helper.c.o
[1097/1231] Compiling C object libqemu-i386-softmmu.a.p/target_i386_tcg_excp_helper.c.o
[1098/1231] Compiling C object libqemu-i386-softmmu.a.p/target_i386_tcg_cc_helper.c.o
[1099/1231] Compiling C object libqemu-i386-softmmu.a.p/target_i386_tcg_int_helper.c.o
[1100/1231] Compiling C object libqemu-i386-softmmu.a.p/target_i386_tcg_tcg-cpu.c.o
[1101/1231] Compiling C object libqemu-i386-softmmu.a.p/target_i386_tcg_mem_helper.c.o
[1102/1231] Compiling C object libqemu-i386-softmmu.a.p/target_i386_tcg_misc_helper.c.o
[1103/1231] Compiling C object libqemu-i386-softmmu.a.p/hw_i386_kvm_xen-stubs.c.o
[1104/1231] Compiling C object libqemu-i386-softmmu.a.p/target_i386_tcg_mpx_helper.c.o
[1105/1231] Compiling C object libqemu-i386-softmmu.a.p/hw_intc_apic_common.c.o
[1106/1231] Compiling C object libqemu-i386-softmmu.a.p/hw_nvram_fw_cfg-acpi.c.o
[1107/1231] Compiling C object libqemu-i386-softmmu.a.p/hw_intc_ioapic.c.o
[1108/1231] Compiling C object libqemu-i386-softmmu.a.p/hw_intc_apic.c.o
[1109/1231] Compiling C object libqemu-i386-softmmu.a.p/hw_xbox_eeprom_generation.c.o
[1110/1231] Compiling C object libqemu-i386-softmmu.a.p/hw_xbox_acpi_xbox.c.o
[1111/1231] Compiling C object libqemu-i386-softmmu.a.p/hw_xbox_amd_smbus.c.o
[1112/1231] Compiling C object libqemu-i386-softmmu.a.p/target_i386_tcg_fpu_helper_hard.c.o
[1113/1231] Compiling C object libqemu-i386-softmmu.a.p/hw_xbox_smbus_adm1032.c.o
[1114/1231] Compiling C object libqemu-i386-softmmu.a.p/hw_xbox_lpc47m157.c.o
[1115/1231] Compiling C object libqemu-i386-softmmu.a.p/hw_xbox_smbus_cx25871.c.o
[1116/1231] Compiling C object libqemu-i386-softmmu.a.p/hw_xbox_smbus_fs454.c.o
[1117/1231] Compiling C object libqemu-i386-softmmu.a.p/hw_xbox_smbus_xcalibur.c.o
[1118/1231] Compiling C object libqemu-i386-softmmu.a.p/hw_xbox_smbus_storage.c.o
[1119/1231] Compiling C object libqemu-i386-softmmu.a.p/target_i386_tcg_seg_helper.c.o
[1120/1231] Compiling C object libqemu-i386-softmmu.a.p/hw_xbox_smbus_xbox_smc.c.o
[1121/1231] Compiling C object libqemu-i386-softmmu.a.p/hw_xbox_xbox.c.o
[1122/1231] Compiling C object libqemu-i386-softmmu.a.p/hw_xbox_xbox_pci.c.o
[1123/1231] Compiling C object libqemu-i386-softmmu.a.p/hw_xbox_xblc.c.o
[1124/1231] Compiling C object libqemu-i386-softmmu.a.p/hw_xbox_xid.c.o
[1125/1231] Compiling C object libqemu-i386-softmmu.a.p/hw_xbox_xid-gamepad.c.o
[1126/1231] Compiling C object libqemu-i386-softmmu.a.p/hw_xbox_nv2a_nv2a.c.o
[1127/1231] Compiling C object libqemu-i386-softmmu.a.p/hw_xbox_nv2a_pbus.c.o
[1128/1231] Compiling C object libqemu-i386-softmmu.a.p/hw_xbox_nv2a_pcrtc.c.o
[1129/1231] Compiling C object libqemu-i386-softmmu.a.p/hw_xbox_nv2a_pfb.c.o
[1130/1231] Compiling C object libqemu-i386-softmmu.a.p/hw_xbox_nv2a_pfifo.c.o
[1131/1231] Compiling C object libqemu-i386-softmmu.a.p/hw_xbox_nv2a_pramdac.c.o
[1132/1231] Compiling C object libqemu-i386-softmmu.a.p/hw_xbox_nv2a_pmc.c.o
[1133/1231] Compiling C object libqemu-i386-softmmu.a.p/hw_xbox_nv2a_prmcio.c.o
[1134/1231] Compiling C object libqemu-i386-softmmu.a.p/hw_xbox_nv2a_prmdio.c.o
[1135/1231] Compiling C object libqemu-i386-softmmu.a.p/hw_xbox_nv2a_ptimer_core.c.o
[1136/1231] Compiling C object libqemu-i386-softmmu.a.p/hw_xbox_nv2a_prmvio.c.o
[1137/1231] Compiling C object libqemu-i386-softmmu.a.p/hw_xbox_nv2a_pvideo.c.o
[1138/1231] Compiling C object libqemu-i386-softmmu.a.p/hw_xbox_nv2a_user.c.o
[1139/1231] Compiling C object libqemu-i386-softmmu.a.p/hw_xbox_nv2a_stubs.c.o
[1140/1231] Compiling C object libqemu-i386-softmmu.a.p/hw_xbox_nv2a_ptimer.c.o
[1141/1231] Compiling C object libqemu-i386-softmmu.a.p/hw_xbox_nv2a_pgraph_renderer-switch.c.o
[1142/1231] Compiling C object libqemu-i386-softmmu.a.p/hw_xbox_nv2a_pgraph_profile.c.o
[1143/1231] Compiling C object libqemu-i386-softmmu.a.p/hw_xbox_nv2a_pgraph_rdi.c.o
[1144/1231] Compiling C object libqemu-i386-softmmu.a.p/hw_xbox_nv2a_pgraph_reports.c.o
[1145/1231] Compiling C object libqemu-i386-softmmu.a.p/hw_xbox_nv2a_pgraph_s3tc.c.o
[1146/1231] Compiling C object libqemu-i386-softmmu.a.p/hw_xbox_nv2a_pgraph_vertex.c.o
[1147/1231] Compiling C object libqemu-i386-softmmu.a.p/hw_xbox_nv2a_pgraph_null_renderer.c.o
[1148/1231] Compiling C object libqemu-i386-softmmu.a.p/hw_xbox_nv2a_pgraph_gl_blit.c.o
../hw/xbox/nv2a/pgraph/gl/blit.c: In function ‘pgraph_gl_image_blit’:
../hw/xbox/nv2a/pgraph/gl/blit.c:180:18: warning: declaration of ‘dest’ shadows a previous local [-Wshadow=compatible-local]
  180 |         uint8_t *dest =
      |                  ^~~~
../hw/xbox/nv2a/pgraph/gl/blit.c:112:14: note: shadowed declaration is here
  112 |     uint8_t *dest = (uint8_t *)nv_dma_map(d, context_surfaces->dma_image_dest,
      |              ^~~~
../hw/xbox/nv2a/pgraph/gl/blit.c:212:22: warning: declaration of ‘dest’ shadows a previous local [-Wshadow=compatible-local]
  212 |             uint8_t *dest =
      |                      ^~~~
../hw/xbox/nv2a/pgraph/gl/blit.c:112:14: note: shadowed declaration is here
  112 |     uint8_t *dest = (uint8_t *)nv_dma_map(d, context_surfaces->dma_image_dest,
      |              ^~~~
[1149/1231] Compiling C object libqemu-i386-softmmu.a.p/hw_xbox_nv2a_pgraph_texture.c.o
[1150/1231] Compiling C object libqemu-i386-softmmu.a.p/hw_xbox_nv2a_pgraph_gl_debug.c.o
[1151/1231] Compiling C object libqemu-i386-softmmu.a.p/hw_xbox_nv2a_pgraph_gl_draw-lifecycle.c.o
[1152/1231] Compiling C object libqemu-i386-softmmu.a.p/hw_xbox_nv2a_pgraph_gl_display.c.o
[1153/1231] Compiling C object libqemu-i386-softmmu.a.p/hw_xbox_nv2a_pgraph_gl_draw.c.o
[1154/1231] Compiling C object libqemu-i386-softmmu.a.p/hw_xbox_nv2a_pgraph_gl_gpuprops.c.o
[1155/1231] Compiling C object libqemu-i386-softmmu.a.p/hw_xbox_nv2a_pgraph_gl_renderer.c.o
[1156/1231] Compiling C object libqemu-i386-softmmu.a.p/hw_xbox_nv2a_pgraph_gl_reports.c.o
[1157/1231] Compiling C object libqemu-i386-softmmu.a.p/hw_xbox_nv2a_pgraph_gl_texture-stage.c.o
[1158/1231] Compiling C object libqemu-i386-softmmu.a.p/target_i386_tcg_fpu_helper.c.o
[1159/1231] Compiling C object libqemu-i386-softmmu.a.p/hw_xbox_nv2a_pgraph_gl_shaders.c.o
[1160/1231] Compiling C object libqemu-i386-softmmu.a.p/hw_xbox_nv2a_pgraph_pgraph.c.o
[1161/1231] Compiling C object libqemu-i386-softmmu.a.p/hw_xbox_nv2a_pgraph_glsl_common.c.o
[1162/1231] Compiling C object libqemu-i386-softmmu.a.p/hw_xbox_nv2a_pgraph_gl_texture.c.o
[1163/1231] Compiling C object libqemu-i386-softmmu.a.p/hw_xbox_nv2a_pgraph_glsl_psh-uber.c.o
[1164/1231] Compiling C object libqemu-i386-softmmu.a.p/hw_xbox_nv2a_pgraph_glsl_geom.c.o
[1165/1231] Compiling C object libqemu-i386-softmmu.a.p/hw_xbox_nv2a_pgraph_gl_vertex.c.o
[1166/1231] Compiling C object libcommon.a.p/fpu_softfloat.c.o
[1167/1231] Compiling C object libqemu-i386-softmmu.a.p/hw_xbox_nv2a_pgraph_glsl_shaders.c.o
[1168/1231] Compiling C object libqemu-i386-softmmu.a.p/hw_xbox_nv2a_pgraph_gl_surface.c.o
[1169/1231] Compiling C object libqemu-i386-softmmu.a.p/hw_xbox_nv2a_pgraph_vk_device-selection.c.o
[1170/1231] Compiling C object libqemu-i386-softmmu.a.p/hw_xbox_nv2a_pgraph_glsl_vsh.c.o
[1171/1231] Compiling C object libqemu-i386-softmmu.a.p/hw_xbox_nv2a_pgraph_glsl_vsh-prog.c.o
[1172/1231] Compiling C object libqemu-i386-softmmu.a.p/hw_xbox_nv2a_pgraph_glsl_vsh-ff.c.o
[1173/1231] Compiling C object libqemu-i386-softmmu.a.p/hw_xbox_nv2a_pgraph_vk_device-inventory.c.o
[1174/1231] Compiling C object libqemu-i386-softmmu.a.p/hw_xbox_nv2a_pgraph_vk_blit.c.o
../hw/xbox/nv2a/pgraph/vk/blit.c: In function ‘pgraph_vk_image_blit’:
../hw/xbox/nv2a/pgraph/vk/blit.c:191:18: warning: declaration of ‘dest’ shadows a previous local [-Wshadow=compatible-local]
  191 |         uint8_t *dest =
      |                  ^~~~
../hw/xbox/nv2a/pgraph/vk/blit.c:117:14: note: shadowed declaration is here
  117 |     uint8_t *dest = (uint8_t *)nv_dma_map(d, context_surfaces->dma_image_dest,
      |              ^~~~
../hw/xbox/nv2a/pgraph/vk/blit.c:223:22: warning: declaration of ‘dest’ shadows a previous local [-Wshadow=compatible-local]
  223 |             uint8_t *dest =
      |                      ^~~~
../hw/xbox/nv2a/pgraph/vk/blit.c:117:14: note: shadowed declaration is here
  117 |     uint8_t *dest = (uint8_t *)nv_dma_map(d, context_surfaces->dma_image_dest,
      |              ^~~~
[1175/1231] Compiling C object libqemu-i386-softmmu.a.p/hw_xbox_nv2a_pgraph_glsl_psh.c.o
[1176/1231] Compiling C object libqemu-i386-softmmu.a.p/hw_xbox_nv2a_pgraph_vk_buffer.c.o
[1177/1231] Compiling C object libqemu-i386-softmmu.a.p/hw_xbox_nv2a_pgraph_vk_failpoint.c.o
[1178/1231] Compiling C object libqemu-i386-softmmu.a.p/hw_xbox_nv2a_pgraph_vk_command.c.o
[1179/1231] Compiling C object libqemu-i386-softmmu.a.p/hw_xbox_nv2a_pgraph_vk_debug.c.o
[1180/1231] Compiling C object libqemu-i386-softmmu.a.p/hw_xbox_nv2a_pgraph_vk_hybrid-compiler.c.o
[1181/1231] Compiling C object libqemu-i386-softmmu.a.p/hw_xbox_nv2a_pgraph_vk_gpuprops.c.o
[1182/1231] Compiling C object libqemu-i386-softmmu.a.p/hw_xbox_nv2a_pgraph_vk_display.c.o
[1183/1231] Compiling C object libqemu-i386-softmmu.a.p/hw_xbox_nv2a_pgraph_vk_glsl.c.o
[1184/1231] Compiling C object libqemu-i386-softmmu.a.p/hw_xbox_nv2a_pgraph_vk_hybrid-prewarm.c.o
[1185/1231] Compiling C object libqemu-i386-softmmu.a.p/hw_xbox_nv2a_pgraph_vk_hybrid-pipeline-builder.c.o
[1186/1231] Compiling C object libqemu-i386-softmmu.a.p/hw_xbox_nv2a_pgraph_vk_hybrid-trace.c.o
[1187/1231] Compiling C object libqemu-i386-softmmu.a.p/hw_xbox_nv2a_pgraph_vk_hybrid-family.c.o
[1188/1231] Compiling C object libqemu-i386-softmmu.a.p/hw_xbox_nv2a_pgraph_vk_hybrid-family-codec.c.o
[1189/1231] Compiling C object libqemu-i386-softmmu.a.p/hw_xbox_nv2a_pgraph_vk_hybrid-prewarm-runtime.c.o
[1190/1231] Compiling C object libqemu-i386-softmmu.a.p/hw_xbox_nv2a_pgraph_vk_hybrid-wake.c.o
[1191/1231] Compiling C object libqemu-i386-softmmu.a.p/hw_xbox_nv2a_pgraph_vk_image.c.o
[1192/1231] Compiling C object libqemu-i386-softmmu.a.p/hw_xbox_nv2a_pgraph_vk_perf.c.o
[1193/1231] Compiling C object libqemu-i386-softmmu.a.p/hw_xbox_nv2a_pgraph_vk_instance.c.o
[1194/1231] Compiling C object libqemu-i386-softmmu.a.p/hw_xbox_nv2a_pgraph_vk_reports.c.o
[1195/1231] Compiling C object libqemu-i386-softmmu.a.p/hw_xbox_nv2a_pgraph_vk_renderer.c.o
[1196/1231] Compiling C object libqemu-i386-softmmu.a.p/hw_xbox_nv2a_pgraph_vk_draw.c.o
[1197/1231] Compiling C object libqemu-i386-softmmu.a.p/hw_xbox_mcpx_aci.c.o
[1198/1231] Compiling C object libqemu-i386-softmmu.a.p/target_i386_tcg_translate.c.o
[1199/1231] Compiling C object libqemu-i386-softmmu.a.p/hw_xbox_nv2a_pgraph_vk_surface-compute.c.o
[1200/1231] Compiling C object libqemu-i386-softmmu.a.p/hw_xbox_mcpx_apu_debug.c.o
[1201/1231] Compiling C object libqemu-i386-softmmu.a.p/hw_xbox_mcpx_apu_monitor.c.o
[1202/1231] Compiling C object libqemu-i386-softmmu.a.p/hw_xbox_nv2a_pgraph_vk_vertex.c.o
[1203/1231] Compiling C object libqemu-i386-softmmu.a.p/hw_xbox_mcpx_apu_apu.c.o
[1204/1231] Compiling C object libqemu-i386-softmmu.a.p/dump_win_dump.c.o
[1205/1231] Compiling C object libqemu-i386-softmmu.a.p/xemu-version.c.o
[1206/1231] Compiling C object libqemu-i386-softmmu.a.p/xemu-xbe.c.o
[1207/1231] Compiling C object libqemu-i386-softmmu.a.p/system_arch_init.c.o
[1208/1231] Compiling C object libqemu-i386-softmmu.a.p/hw_xbox_mcpx_apu_dsp_gp_ep.c.o
[1209/1231] Compiling C object libqemu-i386-softmmu.a.p/system_globals-target.c.o
[1210/1231] Compiling C object libqemu-i386-softmmu.a.p/page-vary-target.c.o
[1211/1231] Compiling C object libqemu-i386-softmmu.a.p/hw_xbox_nv2a_pgraph_vk_shaders.c.o
[1212/1231] Compiling C object libqemu-i386-softmmu.a.p/hw_xbox_nv2a_pgraph_vk_surface.c.o
[1213/1231] Compiling C object libqemu-i386-softmmu.a.p/hw_xbox_nv2a_pgraph_vk_texture.c.o
[1214/1231] Compiling C object libqemu-i386-softmmu.a.p/hw_xbox_mcpx_nvnet_nvnet.c.o
[1215/1231] Compiling C object libqemu-i386-softmmu.a.p/accel_accel-target.c.o
[1216/1231] Compiling C object libqemu-i386-softmmu.a.p/accel_stubs_xen-stub.c.o
[1217/1231] Compiling C object libqemu-i386-softmmu.a.p/accel_stubs_hvf-stub.c.o
[1218/1231] Compiling C object libqemu-i386-softmmu.a.p/accel_stubs_nvmm-stub.c.o
[1219/1231] Compiling C object libqemu-i386-softmmu.a.p/monitor_hmp-target.c.o
[1220/1231] Compiling C object libqemu-i386-softmmu.a.p/accel_stubs_whpx-stub.c.o
[1221/1231] Compiling C object libqemu-i386-softmmu.a.p/accel_stubs_kvm-stub.c.o
[1222/1231] Compiling C object libqemu-i386-softmmu.a.p/monitor_hmp-cmds-target.c.o
[1223/1231] Compiling C object libqemu-i386-softmmu.a.p/accel_qtest_qtest.c.o
[1224/1231] Compiling C object libqemu-i386-softmmu.a.p/accel_stubs_mshv-stub.c.o
[1225/1231] Compiling C object tests/unit/test-tcg-jump-cache-validity.p/test-tcg-jump-cache-validity.c.o
[1226/1231] Compiling C object tests/unit/test-tcg-jump-cache-probe.p/_home_codex_src_steamdeck-xemu_worktrees_research245-jump-cache_accel_tcg_jump-cache-probe.c.o
[1227/1231] Compiling C object libqemu-i386-softmmu.a.p/hw_xbox_mcpx_apu_vp_vp.c.o
[1228/1231] Compiling C object tests/unit/test-tcg-jump-cache-probe.p/test-tcg-jump-cache-probe.c.o
[1229/1231] Linking target tests/unit/test-tcg-jump-cache-validity
[1230/1231] Linking target tests/unit/test-tcg-jump-cache-probe
[1231/1231] Linking target qemu-system-i386
