TAP version 14
# random seed: R02Sbeb844bf6ec234958e6567cd90e23eea
1..8
# Start of mcpx-apu tests
# Start of resampler-state tests
# Start of sinc tests
state case: converter=sinc payload=mono-pcm frames=1 pitch=-8192
state case: converter=sinc payload=mono-pcm frames=1 pitch=-4096
state case: converter=sinc payload=mono-pcm frames=1 pitch=0
state case: converter=sinc payload=mono-pcm frames=1 pitch=4096
state case: converter=sinc payload=mono-pcm frames=1 pitch=8192
state case: converter=sinc payload=mono-pcm frames=2 pitch=-8192
state case: converter=sinc payload=mono-pcm frames=2 pitch=-4096
state case: converter=sinc payload=mono-pcm frames=2 pitch=0
state case: converter=sinc payload=mono-pcm frames=2 pitch=4096
state case: converter=sinc payload=mono-pcm frames=2 pitch=8192
state case: converter=sinc payload=mono-pcm frames=7 pitch=-8192
state case: converter=sinc payload=mono-pcm frames=7 pitch=-4096
state case: converter=sinc payload=mono-pcm frames=7 pitch=0
state case: converter=sinc payload=mono-pcm frames=7 pitch=4096
state case: converter=sinc payload=mono-pcm frames=7 pitch=8192
state case: converter=sinc payload=mono-pcm frames=31 pitch=-8192
state case: converter=sinc payload=mono-pcm frames=31 pitch=-4096
state case: converter=sinc payload=mono-pcm frames=31 pitch=0
state case: converter=sinc payload=mono-pcm frames=31 pitch=4096
state case: converter=sinc payload=mono-pcm frames=31 pitch=8192
state case: converter=sinc payload=mono-pcm frames=32 pitch=-8192
state case: converter=sinc payload=mono-pcm frames=32 pitch=-4096
state case: converter=sinc payload=mono-pcm frames=32 pitch=0
state case: converter=sinc payload=mono-pcm frames=32 pitch=4096
state case: converter=sinc payload=mono-pcm frames=32 pitch=8192
state case: converter=sinc payload=mono-pcm frames=33 pitch=-8192
state case: converter=sinc payload=mono-pcm frames=33 pitch=-4096
state case: converter=sinc payload=mono-pcm frames=33 pitch=0
state case: converter=sinc payload=mono-pcm frames=33 pitch=4096
state case: converter=sinc payload=mono-pcm frames=33 pitch=8192
state case: converter=sinc payload=mono-pcm frames=63 pitch=-8192
state case: converter=sinc payload=mono-pcm frames=63 pitch=-4096
state case: converter=sinc payload=mono-pcm frames=63 pitch=0
state case: converter=sinc payload=mono-pcm frames=63 pitch=4096
state case: converter=sinc payload=mono-pcm frames=63 pitch=8192
state case: converter=sinc payload=mono-pcm frames=64 pitch=-8192
state case: converter=sinc payload=mono-pcm frames=64 pitch=-4096
state case: converter=sinc payload=mono-pcm frames=64 pitch=0
state case: converter=sinc payload=mono-pcm frames=64 pitch=4096
state case: converter=sinc payload=mono-pcm frames=64 pitch=8192
state case: converter=sinc payload=mono-pcm frames=65 pitch=-8192
state case: converter=sinc payload=mono-pcm frames=65 pitch=-4096
state case: converter=sinc payload=mono-pcm frames=65 pitch=0
state case: converter=sinc payload=mono-pcm frames=65 pitch=4096
state case: converter=sinc payload=mono-pcm frames=65 pitch=8192
state case: converter=sinc payload=mono-pcm frames=127 pitch=-8192
state case: converter=sinc payload=mono-pcm frames=127 pitch=-4096
state case: converter=sinc payload=mono-pcm frames=127 pitch=0
state case: converter=sinc payload=mono-pcm frames=127 pitch=4096
state case: converter=sinc payload=mono-pcm frames=127 pitch=8192
state case: converter=sinc payload=mono-pcm frames=128 pitch=-8192
state case: converter=sinc payload=mono-pcm frames=128 pitch=-4096
state case: converter=sinc payload=mono-pcm frames=128 pitch=0
state case: converter=sinc payload=mono-pcm frames=128 pitch=4096
state case: converter=sinc payload=mono-pcm frames=128 pitch=8192
state case: converter=sinc payload=mono-pcm frames=129 pitch=-8192
state case: converter=sinc payload=mono-pcm frames=129 pitch=-4096
state case: converter=sinc payload=mono-pcm frames=129 pitch=0
state case: converter=sinc payload=mono-pcm frames=129 pitch=4096
state case: converter=sinc payload=mono-pcm frames=129 pitch=8192
state case: converter=sinc payload=mono-pcm frames=255 pitch=-8192
state case: converter=sinc payload=mono-pcm frames=255 pitch=-4096
state case: converter=sinc payload=mono-pcm frames=255 pitch=0
state case: converter=sinc payload=mono-pcm frames=255 pitch=4096
state case: converter=sinc payload=mono-pcm frames=255 pitch=8192
state case: converter=sinc payload=mono-pcm frames=256 pitch=-8192
state case: converter=sinc payload=mono-pcm frames=256 pitch=-4096
state case: converter=sinc payload=mono-pcm frames=256 pitch=0
state case: converter=sinc payload=mono-pcm frames=256 pitch=4096
state case: converter=sinc payload=mono-pcm frames=256 pitch=8192
state case: converter=sinc payload=mono-pcm frames=257 pitch=-8192
state case: converter=sinc payload=mono-pcm frames=257 pitch=-4096
state case: converter=sinc payload=mono-pcm frames=257 pitch=0
state case: converter=sinc payload=mono-pcm frames=257 pitch=4096
state case: converter=sinc payload=mono-pcm frames=257 pitch=8192
ok 1 /mcpx-apu/resampler-state/sinc/mono-pcm
state case: converter=sinc payload=stereo-pcm frames=1 pitch=-8192
state case: converter=sinc payload=stereo-pcm frames=1 pitch=-4096
state case: converter=sinc payload=stereo-pcm frames=1 pitch=0
state case: converter=sinc payload=stereo-pcm frames=1 pitch=4096
state case: converter=sinc payload=stereo-pcm frames=1 pitch=8192
state case: converter=sinc payload=stereo-pcm frames=2 pitch=-8192
state case: converter=sinc payload=stereo-pcm frames=2 pitch=-4096
state case: converter=sinc payload=stereo-pcm frames=2 pitch=0
state case: converter=sinc payload=stereo-pcm frames=2 pitch=4096
state case: converter=sinc payload=stereo-pcm frames=2 pitch=8192
state case: converter=sinc payload=stereo-pcm frames=7 pitch=-8192
state case: converter=sinc payload=stereo-pcm frames=7 pitch=-4096
state case: converter=sinc payload=stereo-pcm frames=7 pitch=0
state case: converter=sinc payload=stereo-pcm frames=7 pitch=4096
state case: converter=sinc payload=stereo-pcm frames=7 pitch=8192
state case: converter=sinc payload=stereo-pcm frames=31 pitch=-8192
state case: converter=sinc payload=stereo-pcm frames=31 pitch=-4096
state case: converter=sinc payload=stereo-pcm frames=31 pitch=0
state case: converter=sinc payload=stereo-pcm frames=31 pitch=4096
state case: converter=sinc payload=stereo-pcm frames=31 pitch=8192
state case: converter=sinc payload=stereo-pcm frames=32 pitch=-8192
state case: converter=sinc payload=stereo-pcm frames=32 pitch=-4096
state case: converter=sinc payload=stereo-pcm frames=32 pitch=0
state case: converter=sinc payload=stereo-pcm frames=32 pitch=4096
state case: converter=sinc payload=stereo-pcm frames=32 pitch=8192
state case: converter=sinc payload=stereo-pcm frames=33 pitch=-8192
state case: converter=sinc payload=stereo-pcm frames=33 pitch=-4096
state case: converter=sinc payload=stereo-pcm frames=33 pitch=0
state case: converter=sinc payload=stereo-pcm frames=33 pitch=4096
state case: converter=sinc payload=stereo-pcm frames=33 pitch=8192
state case: converter=sinc payload=stereo-pcm frames=63 pitch=-8192
state case: converter=sinc payload=stereo-pcm frames=63 pitch=-4096
state case: converter=sinc payload=stereo-pcm frames=63 pitch=0
state case: converter=sinc payload=stereo-pcm frames=63 pitch=4096
state case: converter=sinc payload=stereo-pcm frames=63 pitch=8192
state case: converter=sinc payload=stereo-pcm frames=64 pitch=-8192
state case: converter=sinc payload=stereo-pcm frames=64 pitch=-4096
state case: converter=sinc payload=stereo-pcm frames=64 pitch=0
state case: converter=sinc payload=stereo-pcm frames=64 pitch=4096
state case: converter=sinc payload=stereo-pcm frames=64 pitch=8192
state case: converter=sinc payload=stereo-pcm frames=65 pitch=-8192
state case: converter=sinc payload=stereo-pcm frames=65 pitch=-4096
state case: converter=sinc payload=stereo-pcm frames=65 pitch=0
state case: converter=sinc payload=stereo-pcm frames=65 pitch=4096
state case: converter=sinc payload=stereo-pcm frames=65 pitch=8192
state case: converter=sinc payload=stereo-pcm frames=127 pitch=-8192
state case: converter=sinc payload=stereo-pcm frames=127 pitch=-4096
state case: converter=sinc payload=stereo-pcm frames=127 pitch=0
state case: converter=sinc payload=stereo-pcm frames=127 pitch=4096
state case: converter=sinc payload=stereo-pcm frames=127 pitch=8192
state case: converter=sinc payload=stereo-pcm frames=128 pitch=-8192
state case: converter=sinc payload=stereo-pcm frames=128 pitch=-4096
state case: converter=sinc payload=stereo-pcm frames=128 pitch=0
state case: converter=sinc payload=stereo-pcm frames=128 pitch=4096
state case: converter=sinc payload=stereo-pcm frames=128 pitch=8192
state case: converter=sinc payload=stereo-pcm frames=129 pitch=-8192
state case: converter=sinc payload=stereo-pcm frames=129 pitch=-4096
state case: converter=sinc payload=stereo-pcm frames=129 pitch=0
state case: converter=sinc payload=stereo-pcm frames=129 pitch=4096
state case: converter=sinc payload=stereo-pcm frames=129 pitch=8192
state case: converter=sinc payload=stereo-pcm frames=255 pitch=-8192
state case: converter=sinc payload=stereo-pcm frames=255 pitch=-4096
state case: converter=sinc payload=stereo-pcm frames=255 pitch=0
state case: converter=sinc payload=stereo-pcm frames=255 pitch=4096
state case: converter=sinc payload=stereo-pcm frames=255 pitch=8192
state case: converter=sinc payload=stereo-pcm frames=256 pitch=-8192
state case: converter=sinc payload=stereo-pcm frames=256 pitch=-4096
state case: converter=sinc payload=stereo-pcm frames=256 pitch=0
state case: converter=sinc payload=stereo-pcm frames=256 pitch=4096
state case: converter=sinc payload=stereo-pcm frames=256 pitch=8192
state case: converter=sinc payload=stereo-pcm frames=257 pitch=-8192
state case: converter=sinc payload=stereo-pcm frames=257 pitch=-4096
state case: converter=sinc payload=stereo-pcm frames=257 pitch=0
state case: converter=sinc payload=stereo-pcm frames=257 pitch=4096
state case: converter=sinc payload=stereo-pcm frames=257 pitch=8192
ok 2 /mcpx-apu/resampler-state/sinc/stereo-pcm
state case: converter=sinc payload=mono-adpcm frames=1 pitch=-8192
state case: converter=sinc payload=mono-adpcm frames=1 pitch=-4096
state case: converter=sinc payload=mono-adpcm frames=1 pitch=0
state case: converter=sinc payload=mono-adpcm frames=1 pitch=4096
state case: converter=sinc payload=mono-adpcm frames=1 pitch=8192
state case: converter=sinc payload=mono-adpcm frames=2 pitch=-8192
state case: converter=sinc payload=mono-adpcm frames=2 pitch=-4096
state case: converter=sinc payload=mono-adpcm frames=2 pitch=0
state case: converter=sinc payload=mono-adpcm frames=2 pitch=4096
state case: converter=sinc payload=mono-adpcm frames=2 pitch=8192
state case: converter=sinc payload=mono-adpcm frames=7 pitch=-8192
state case: converter=sinc payload=mono-adpcm frames=7 pitch=-4096
state case: converter=sinc payload=mono-adpcm frames=7 pitch=0
state case: converter=sinc payload=mono-adpcm frames=7 pitch=4096
state case: converter=sinc payload=mono-adpcm frames=7 pitch=8192
state case: converter=sinc payload=mono-adpcm frames=31 pitch=-8192
state case: converter=sinc payload=mono-adpcm frames=31 pitch=-4096
state case: converter=sinc payload=mono-adpcm frames=31 pitch=0
state case: converter=sinc payload=mono-adpcm frames=31 pitch=4096
state case: converter=sinc payload=mono-adpcm frames=31 pitch=8192
state case: converter=sinc payload=mono-adpcm frames=32 pitch=-8192
state case: converter=sinc payload=mono-adpcm frames=32 pitch=-4096
state case: converter=sinc payload=mono-adpcm frames=32 pitch=0
state case: converter=sinc payload=mono-adpcm frames=32 pitch=4096
state case: converter=sinc payload=mono-adpcm frames=32 pitch=8192
state case: converter=sinc payload=mono-adpcm frames=33 pitch=-8192
state case: converter=sinc payload=mono-adpcm frames=33 pitch=-4096
state case: converter=sinc payload=mono-adpcm frames=33 pitch=0
state case: converter=sinc payload=mono-adpcm frames=33 pitch=4096
state case: converter=sinc payload=mono-adpcm frames=33 pitch=8192
state case: converter=sinc payload=mono-adpcm frames=63 pitch=-8192
state case: converter=sinc payload=mono-adpcm frames=63 pitch=-4096
state case: converter=sinc payload=mono-adpcm frames=63 pitch=0
state case: converter=sinc payload=mono-adpcm frames=63 pitch=4096
state case: converter=sinc payload=mono-adpcm frames=63 pitch=8192
state case: converter=sinc payload=mono-adpcm frames=64 pitch=-8192
state case: converter=sinc payload=mono-adpcm frames=64 pitch=-4096
state case: converter=sinc payload=mono-adpcm frames=64 pitch=0
state case: converter=sinc payload=mono-adpcm frames=64 pitch=4096
state case: converter=sinc payload=mono-adpcm frames=64 pitch=8192
state case: converter=sinc payload=mono-adpcm frames=65 pitch=-8192
state case: converter=sinc payload=mono-adpcm frames=65 pitch=-4096
state case: converter=sinc payload=mono-adpcm frames=65 pitch=0
state case: converter=sinc payload=mono-adpcm frames=65 pitch=4096
state case: converter=sinc payload=mono-adpcm frames=65 pitch=8192
state case: converter=sinc payload=mono-adpcm frames=127 pitch=-8192
state case: converter=sinc payload=mono-adpcm frames=127 pitch=-4096
state case: converter=sinc payload=mono-adpcm frames=127 pitch=0
state case: converter=sinc payload=mono-adpcm frames=127 pitch=4096
state case: converter=sinc payload=mono-adpcm frames=127 pitch=8192
state case: converter=sinc payload=mono-adpcm frames=128 pitch=-8192
state case: converter=sinc payload=mono-adpcm frames=128 pitch=-4096
state case: converter=sinc payload=mono-adpcm frames=128 pitch=0
state case: converter=sinc payload=mono-adpcm frames=128 pitch=4096
state case: converter=sinc payload=mono-adpcm frames=128 pitch=8192
state case: converter=sinc payload=mono-adpcm frames=129 pitch=-8192
state case: converter=sinc payload=mono-adpcm frames=129 pitch=-4096
state case: converter=sinc payload=mono-adpcm frames=129 pitch=0
state case: converter=sinc payload=mono-adpcm frames=129 pitch=4096
state case: converter=sinc payload=mono-adpcm frames=129 pitch=8192
state case: converter=sinc payload=mono-adpcm frames=255 pitch=-8192
state case: converter=sinc payload=mono-adpcm frames=255 pitch=-4096
state case: converter=sinc payload=mono-adpcm frames=255 pitch=0
state case: converter=sinc payload=mono-adpcm frames=255 pitch=4096
state case: converter=sinc payload=mono-adpcm frames=255 pitch=8192
state case: converter=sinc payload=mono-adpcm frames=256 pitch=-8192
state case: converter=sinc payload=mono-adpcm frames=256 pitch=-4096
state case: converter=sinc payload=mono-adpcm frames=256 pitch=0
state case: converter=sinc payload=mono-adpcm frames=256 pitch=4096
state case: converter=sinc payload=mono-adpcm frames=256 pitch=8192
state case: converter=sinc payload=mono-adpcm frames=257 pitch=-8192
state case: converter=sinc payload=mono-adpcm frames=257 pitch=-4096
state case: converter=sinc payload=mono-adpcm frames=257 pitch=0
state case: converter=sinc payload=mono-adpcm frames=257 pitch=4096
state case: converter=sinc payload=mono-adpcm frames=257 pitch=8192
ok 3 /mcpx-apu/resampler-state/sinc/mono-adpcm
state case: converter=sinc payload=stereo-adpcm frames=1 pitch=-8192
state case: converter=sinc payload=stereo-adpcm frames=1 pitch=-4096
state case: converter=sinc payload=stereo-adpcm frames=1 pitch=0
state case: converter=sinc payload=stereo-adpcm frames=1 pitch=4096
state case: converter=sinc payload=stereo-adpcm frames=1 pitch=8192
state case: converter=sinc payload=stereo-adpcm frames=2 pitch=-8192
state case: converter=sinc payload=stereo-adpcm frames=2 pitch=-4096
state case: converter=sinc payload=stereo-adpcm frames=2 pitch=0
state case: converter=sinc payload=stereo-adpcm frames=2 pitch=4096
state case: converter=sinc payload=stereo-adpcm frames=2 pitch=8192
state case: converter=sinc payload=stereo-adpcm frames=7 pitch=-8192
state case: converter=sinc payload=stereo-adpcm frames=7 pitch=-4096
state case: converter=sinc payload=stereo-adpcm frames=7 pitch=0
state case: converter=sinc payload=stereo-adpcm frames=7 pitch=4096
state case: converter=sinc payload=stereo-adpcm frames=7 pitch=8192
state case: converter=sinc payload=stereo-adpcm frames=31 pitch=-8192
state case: converter=sinc payload=stereo-adpcm frames=31 pitch=-4096
state case: converter=sinc payload=stereo-adpcm frames=31 pitch=0
state case: converter=sinc payload=stereo-adpcm frames=31 pitch=4096
state case: converter=sinc payload=stereo-adpcm frames=31 pitch=8192
state case: converter=sinc payload=stereo-adpcm frames=32 pitch=-8192
state case: converter=sinc payload=stereo-adpcm frames=32 pitch=-4096
state case: converter=sinc payload=stereo-adpcm frames=32 pitch=0
state case: converter=sinc payload=stereo-adpcm frames=32 pitch=4096
state case: converter=sinc payload=stereo-adpcm frames=32 pitch=8192
state case: converter=sinc payload=stereo-adpcm frames=33 pitch=-8192
state case: converter=sinc payload=stereo-adpcm frames=33 pitch=-4096
state case: converter=sinc payload=stereo-adpcm frames=33 pitch=0
state case: converter=sinc payload=stereo-adpcm frames=33 pitch=4096
state case: converter=sinc payload=stereo-adpcm frames=33 pitch=8192
state case: converter=sinc payload=stereo-adpcm frames=63 pitch=-8192
state case: converter=sinc payload=stereo-adpcm frames=63 pitch=-4096
state case: converter=sinc payload=stereo-adpcm frames=63 pitch=0
state case: converter=sinc payload=stereo-adpcm frames=63 pitch=4096
state case: converter=sinc payload=stereo-adpcm frames=63 pitch=8192
state case: converter=sinc payload=stereo-adpcm frames=64 pitch=-8192
state case: converter=sinc payload=stereo-adpcm frames=64 pitch=-4096
state case: converter=sinc payload=stereo-adpcm frames=64 pitch=0
state case: converter=sinc payload=stereo-adpcm frames=64 pitch=4096
state case: converter=sinc payload=stereo-adpcm frames=64 pitch=8192
state case: converter=sinc payload=stereo-adpcm frames=65 pitch=-8192
state case: converter=sinc payload=stereo-adpcm frames=65 pitch=-4096
state case: converter=sinc payload=stereo-adpcm frames=65 pitch=0
state case: converter=sinc payload=stereo-adpcm frames=65 pitch=4096
state case: converter=sinc payload=stereo-adpcm frames=65 pitch=8192
state case: converter=sinc payload=stereo-adpcm frames=127 pitch=-8192
state case: converter=sinc payload=stereo-adpcm frames=127 pitch=-4096
state case: converter=sinc payload=stereo-adpcm frames=127 pitch=0
state case: converter=sinc payload=stereo-adpcm frames=127 pitch=4096
state case: converter=sinc payload=stereo-adpcm frames=127 pitch=8192
state case: converter=sinc payload=stereo-adpcm frames=128 pitch=-8192
state case: converter=sinc payload=stereo-adpcm frames=128 pitch=-4096
state case: converter=sinc payload=stereo-adpcm frames=128 pitch=0
state case: converter=sinc payload=stereo-adpcm frames=128 pitch=4096
state case: converter=sinc payload=stereo-adpcm frames=128 pitch=8192
state case: converter=sinc payload=stereo-adpcm frames=129 pitch=-8192
state case: converter=sinc payload=stereo-adpcm frames=129 pitch=-4096
state case: converter=sinc payload=stereo-adpcm frames=129 pitch=0
state case: converter=sinc payload=stereo-adpcm frames=129 pitch=4096
state case: converter=sinc payload=stereo-adpcm frames=129 pitch=8192
state case: converter=sinc payload=stereo-adpcm frames=255 pitch=-8192
state case: converter=sinc payload=stereo-adpcm frames=255 pitch=-4096
state case: converter=sinc payload=stereo-adpcm frames=255 pitch=0
state case: converter=sinc payload=stereo-adpcm frames=255 pitch=4096
state case: converter=sinc payload=stereo-adpcm frames=255 pitch=8192
state case: converter=sinc payload=stereo-adpcm frames=256 pitch=-8192
state case: converter=sinc payload=stereo-adpcm frames=256 pitch=-4096
state case: converter=sinc payload=stereo-adpcm frames=256 pitch=0
state case: converter=sinc payload=stereo-adpcm frames=256 pitch=4096
state case: converter=sinc payload=stereo-adpcm frames=256 pitch=8192
state case: converter=sinc payload=stereo-adpcm frames=257 pitch=-8192
state case: converter=sinc payload=stereo-adpcm frames=257 pitch=-4096
state case: converter=sinc payload=stereo-adpcm frames=257 pitch=0
state case: converter=sinc payload=stereo-adpcm frames=257 pitch=4096
state case: converter=sinc payload=stereo-adpcm frames=257 pitch=8192
ok 4 /mcpx-apu/resampler-state/sinc/stereo-adpcm
# End of sinc tests
# Start of linear tests
state case: converter=linear payload=mono-pcm frames=1 pitch=-8192
state case: converter=linear payload=mono-pcm frames=1 pitch=-4096
state case: converter=linear payload=mono-pcm frames=1 pitch=0
state case: converter=linear payload=mono-pcm frames=1 pitch=4096
state case: converter=linear payload=mono-pcm frames=1 pitch=8192
state case: converter=linear payload=mono-pcm frames=2 pitch=-8192
state case: converter=linear payload=mono-pcm frames=2 pitch=-4096
state case: converter=linear payload=mono-pcm frames=2 pitch=0
state case: converter=linear payload=mono-pcm frames=2 pitch=4096
state case: converter=linear payload=mono-pcm frames=2 pitch=8192
state case: converter=linear payload=mono-pcm frames=7 pitch=-8192
state case: converter=linear payload=mono-pcm frames=7 pitch=-4096
state case: converter=linear payload=mono-pcm frames=7 pitch=0
state case: converter=linear payload=mono-pcm frames=7 pitch=4096
state case: converter=linear payload=mono-pcm frames=7 pitch=8192
state case: converter=linear payload=mono-pcm frames=31 pitch=-8192
state case: converter=linear payload=mono-pcm frames=31 pitch=-4096
state case: converter=linear payload=mono-pcm frames=31 pitch=0
state case: converter=linear payload=mono-pcm frames=31 pitch=4096
state case: converter=linear payload=mono-pcm frames=31 pitch=8192
state case: converter=linear payload=mono-pcm frames=32 pitch=-8192
state case: converter=linear payload=mono-pcm frames=32 pitch=-4096
state case: converter=linear payload=mono-pcm frames=32 pitch=0
state case: converter=linear payload=mono-pcm frames=32 pitch=4096
state case: converter=linear payload=mono-pcm frames=32 pitch=8192
state case: converter=linear payload=mono-pcm frames=33 pitch=-8192
state case: converter=linear payload=mono-pcm frames=33 pitch=-4096
state case: converter=linear payload=mono-pcm frames=33 pitch=0
state case: converter=linear payload=mono-pcm frames=33 pitch=4096
state case: converter=linear payload=mono-pcm frames=33 pitch=8192
state case: converter=linear payload=mono-pcm frames=63 pitch=-8192
state case: converter=linear payload=mono-pcm frames=63 pitch=-4096
state case: converter=linear payload=mono-pcm frames=63 pitch=0
state case: converter=linear payload=mono-pcm frames=63 pitch=4096
state case: converter=linear payload=mono-pcm frames=63 pitch=8192
state case: converter=linear payload=mono-pcm frames=64 pitch=-8192
state case: converter=linear payload=mono-pcm frames=64 pitch=-4096
state case: converter=linear payload=mono-pcm frames=64 pitch=0
state case: converter=linear payload=mono-pcm frames=64 pitch=4096
state case: converter=linear payload=mono-pcm frames=64 pitch=8192
state case: converter=linear payload=mono-pcm frames=65 pitch=-8192
state case: converter=linear payload=mono-pcm frames=65 pitch=-4096
state case: converter=linear payload=mono-pcm frames=65 pitch=0
state case: converter=linear payload=mono-pcm frames=65 pitch=4096
state case: converter=linear payload=mono-pcm frames=65 pitch=8192
state case: converter=linear payload=mono-pcm frames=127 pitch=-8192
state case: converter=linear payload=mono-pcm frames=127 pitch=-4096
state case: converter=linear payload=mono-pcm frames=127 pitch=0
state case: converter=linear payload=mono-pcm frames=127 pitch=4096
state case: converter=linear payload=mono-pcm frames=127 pitch=8192
state case: converter=linear payload=mono-pcm frames=128 pitch=-8192
state case: converter=linear payload=mono-pcm frames=128 pitch=-4096
state case: converter=linear payload=mono-pcm frames=128 pitch=0
state case: converter=linear payload=mono-pcm frames=128 pitch=4096
state case: converter=linear payload=mono-pcm frames=128 pitch=8192
state case: converter=linear payload=mono-pcm frames=129 pitch=-8192
state case: converter=linear payload=mono-pcm frames=129 pitch=-4096
state case: converter=linear payload=mono-pcm frames=129 pitch=0
state case: converter=linear payload=mono-pcm frames=129 pitch=4096
state case: converter=linear payload=mono-pcm frames=129 pitch=8192
state case: converter=linear payload=mono-pcm frames=255 pitch=-8192
state case: converter=linear payload=mono-pcm frames=255 pitch=-4096
state case: converter=linear payload=mono-pcm frames=255 pitch=0
state case: converter=linear payload=mono-pcm frames=255 pitch=4096
state case: converter=linear payload=mono-pcm frames=255 pitch=8192
state case: converter=linear payload=mono-pcm frames=256 pitch=-8192
state case: converter=linear payload=mono-pcm frames=256 pitch=-4096
state case: converter=linear payload=mono-pcm frames=256 pitch=0
state case: converter=linear payload=mono-pcm frames=256 pitch=4096
state case: converter=linear payload=mono-pcm frames=256 pitch=8192
state case: converter=linear payload=mono-pcm frames=257 pitch=-8192
state case: converter=linear payload=mono-pcm frames=257 pitch=-4096
state case: converter=linear payload=mono-pcm frames=257 pitch=0
state case: converter=linear payload=mono-pcm frames=257 pitch=4096
state case: converter=linear payload=mono-pcm frames=257 pitch=8192
ok 5 /mcpx-apu/resampler-state/linear/mono-pcm
state case: converter=linear payload=stereo-pcm frames=1 pitch=-8192
state case: converter=linear payload=stereo-pcm frames=1 pitch=-4096
state case: converter=linear payload=stereo-pcm frames=1 pitch=0
state case: converter=linear payload=stereo-pcm frames=1 pitch=4096
state case: converter=linear payload=stereo-pcm frames=1 pitch=8192
state case: converter=linear payload=stereo-pcm frames=2 pitch=-8192
state case: converter=linear payload=stereo-pcm frames=2 pitch=-4096
state case: converter=linear payload=stereo-pcm frames=2 pitch=0
state case: converter=linear payload=stereo-pcm frames=2 pitch=4096
state case: converter=linear payload=stereo-pcm frames=2 pitch=8192
state case: converter=linear payload=stereo-pcm frames=7 pitch=-8192
state case: converter=linear payload=stereo-pcm frames=7 pitch=-4096
state case: converter=linear payload=stereo-pcm frames=7 pitch=0
state case: converter=linear payload=stereo-pcm frames=7 pitch=4096
state case: converter=linear payload=stereo-pcm frames=7 pitch=8192
state case: converter=linear payload=stereo-pcm frames=31 pitch=-8192
state case: converter=linear payload=stereo-pcm frames=31 pitch=-4096
state case: converter=linear payload=stereo-pcm frames=31 pitch=0
state case: converter=linear payload=stereo-pcm frames=31 pitch=4096
state case: converter=linear payload=stereo-pcm frames=31 pitch=8192
state case: converter=linear payload=stereo-pcm frames=32 pitch=-8192
state case: converter=linear payload=stereo-pcm frames=32 pitch=-4096
state case: converter=linear payload=stereo-pcm frames=32 pitch=0
state case: converter=linear payload=stereo-pcm frames=32 pitch=4096
state case: converter=linear payload=stereo-pcm frames=32 pitch=8192
state case: converter=linear payload=stereo-pcm frames=33 pitch=-8192
state case: converter=linear payload=stereo-pcm frames=33 pitch=-4096
state case: converter=linear payload=stereo-pcm frames=33 pitch=0
state case: converter=linear payload=stereo-pcm frames=33 pitch=4096
state case: converter=linear payload=stereo-pcm frames=33 pitch=8192
state case: converter=linear payload=stereo-pcm frames=63 pitch=-8192
state case: converter=linear payload=stereo-pcm frames=63 pitch=-4096
state case: converter=linear payload=stereo-pcm frames=63 pitch=0
state case: converter=linear payload=stereo-pcm frames=63 pitch=4096
state case: converter=linear payload=stereo-pcm frames=63 pitch=8192
state case: converter=linear payload=stereo-pcm frames=64 pitch=-8192
state case: converter=linear payload=stereo-pcm frames=64 pitch=-4096
state case: converter=linear payload=stereo-pcm frames=64 pitch=0
state case: converter=linear payload=stereo-pcm frames=64 pitch=4096
state case: converter=linear payload=stereo-pcm frames=64 pitch=8192
state case: converter=linear payload=stereo-pcm frames=65 pitch=-8192
state case: converter=linear payload=stereo-pcm frames=65 pitch=-4096
state case: converter=linear payload=stereo-pcm frames=65 pitch=0
state case: converter=linear payload=stereo-pcm frames=65 pitch=4096
state case: converter=linear payload=stereo-pcm frames=65 pitch=8192
state case: converter=linear payload=stereo-pcm frames=127 pitch=-8192
state case: converter=linear payload=stereo-pcm frames=127 pitch=-4096
state case: converter=linear payload=stereo-pcm frames=127 pitch=0
state case: converter=linear payload=stereo-pcm frames=127 pitch=4096
state case: converter=linear payload=stereo-pcm frames=127 pitch=8192
state case: converter=linear payload=stereo-pcm frames=128 pitch=-8192
state case: converter=linear payload=stereo-pcm frames=128 pitch=-4096
state case: converter=linear payload=stereo-pcm frames=128 pitch=0
state case: converter=linear payload=stereo-pcm frames=128 pitch=4096
state case: converter=linear payload=stereo-pcm frames=128 pitch=8192
state case: converter=linear payload=stereo-pcm frames=129 pitch=-8192
state case: converter=linear payload=stereo-pcm frames=129 pitch=-4096
state case: converter=linear payload=stereo-pcm frames=129 pitch=0
state case: converter=linear payload=stereo-pcm frames=129 pitch=4096
state case: converter=linear payload=stereo-pcm frames=129 pitch=8192
state case: converter=linear payload=stereo-pcm frames=255 pitch=-8192
state case: converter=linear payload=stereo-pcm frames=255 pitch=-4096
state case: converter=linear payload=stereo-pcm frames=255 pitch=0
state case: converter=linear payload=stereo-pcm frames=255 pitch=4096
state case: converter=linear payload=stereo-pcm frames=255 pitch=8192
state case: converter=linear payload=stereo-pcm frames=256 pitch=-8192
state case: converter=linear payload=stereo-pcm frames=256 pitch=-4096
state case: converter=linear payload=stereo-pcm frames=256 pitch=0
state case: converter=linear payload=stereo-pcm frames=256 pitch=4096
state case: converter=linear payload=stereo-pcm frames=256 pitch=8192
state case: converter=linear payload=stereo-pcm frames=257 pitch=-8192
state case: converter=linear payload=stereo-pcm frames=257 pitch=-4096
state case: converter=linear payload=stereo-pcm frames=257 pitch=0
state case: converter=linear payload=stereo-pcm frames=257 pitch=4096
state case: converter=linear payload=stereo-pcm frames=257 pitch=8192
ok 6 /mcpx-apu/resampler-state/linear/stereo-pcm
state case: converter=linear payload=mono-adpcm frames=1 pitch=-8192
state case: converter=linear payload=mono-adpcm frames=1 pitch=-4096
state case: converter=linear payload=mono-adpcm frames=1 pitch=0
state case: converter=linear payload=mono-adpcm frames=1 pitch=4096
state case: converter=linear payload=mono-adpcm frames=1 pitch=8192
state case: converter=linear payload=mono-adpcm frames=2 pitch=-8192
state case: converter=linear payload=mono-adpcm frames=2 pitch=-4096
state case: converter=linear payload=mono-adpcm frames=2 pitch=0
state case: converter=linear payload=mono-adpcm frames=2 pitch=4096
state case: converter=linear payload=mono-adpcm frames=2 pitch=8192
state case: converter=linear payload=mono-adpcm frames=7 pitch=-8192
state case: converter=linear payload=mono-adpcm frames=7 pitch=-4096
state case: converter=linear payload=mono-adpcm frames=7 pitch=0
state case: converter=linear payload=mono-adpcm frames=7 pitch=4096
state case: converter=linear payload=mono-adpcm frames=7 pitch=8192
state case: converter=linear payload=mono-adpcm frames=31 pitch=-8192
state case: converter=linear payload=mono-adpcm frames=31 pitch=-4096
state case: converter=linear payload=mono-adpcm frames=31 pitch=0
state case: converter=linear payload=mono-adpcm frames=31 pitch=4096
state case: converter=linear payload=mono-adpcm frames=31 pitch=8192
state case: converter=linear payload=mono-adpcm frames=32 pitch=-8192
state case: converter=linear payload=mono-adpcm frames=32 pitch=-4096
state case: converter=linear payload=mono-adpcm frames=32 pitch=0
state case: converter=linear payload=mono-adpcm frames=32 pitch=4096
state case: converter=linear payload=mono-adpcm frames=32 pitch=8192
state case: converter=linear payload=mono-adpcm frames=33 pitch=-8192
state case: converter=linear payload=mono-adpcm frames=33 pitch=-4096
state case: converter=linear payload=mono-adpcm frames=33 pitch=0
state case: converter=linear payload=mono-adpcm frames=33 pitch=4096
state case: converter=linear payload=mono-adpcm frames=33 pitch=8192
state case: converter=linear payload=mono-adpcm frames=63 pitch=-8192
state case: converter=linear payload=mono-adpcm frames=63 pitch=-4096
state case: converter=linear payload=mono-adpcm frames=63 pitch=0
state case: converter=linear payload=mono-adpcm frames=63 pitch=4096
state case: converter=linear payload=mono-adpcm frames=63 pitch=8192
state case: converter=linear payload=mono-adpcm frames=64 pitch=-8192
state case: converter=linear payload=mono-adpcm frames=64 pitch=-4096
state case: converter=linear payload=mono-adpcm frames=64 pitch=0
state case: converter=linear payload=mono-adpcm frames=64 pitch=4096
state case: converter=linear payload=mono-adpcm frames=64 pitch=8192
state case: converter=linear payload=mono-adpcm frames=65 pitch=-8192
state case: converter=linear payload=mono-adpcm frames=65 pitch=-4096
state case: converter=linear payload=mono-adpcm frames=65 pitch=0
state case: converter=linear payload=mono-adpcm frames=65 pitch=4096
state case: converter=linear payload=mono-adpcm frames=65 pitch=8192
state case: converter=linear payload=mono-adpcm frames=127 pitch=-8192
state case: converter=linear payload=mono-adpcm frames=127 pitch=-4096
state case: converter=linear payload=mono-adpcm frames=127 pitch=0
state case: converter=linear payload=mono-adpcm frames=127 pitch=4096
state case: converter=linear payload=mono-adpcm frames=127 pitch=8192
state case: converter=linear payload=mono-adpcm frames=128 pitch=-8192
state case: converter=linear payload=mono-adpcm frames=128 pitch=-4096
state case: converter=linear payload=mono-adpcm frames=128 pitch=0
state case: converter=linear payload=mono-adpcm frames=128 pitch=4096
state case: converter=linear payload=mono-adpcm frames=128 pitch=8192
state case: converter=linear payload=mono-adpcm frames=129 pitch=-8192
state case: converter=linear payload=mono-adpcm frames=129 pitch=-4096
state case: converter=linear payload=mono-adpcm frames=129 pitch=0
state case: converter=linear payload=mono-adpcm frames=129 pitch=4096
state case: converter=linear payload=mono-adpcm frames=129 pitch=8192
state case: converter=linear payload=mono-adpcm frames=255 pitch=-8192
state case: converter=linear payload=mono-adpcm frames=255 pitch=-4096
state case: converter=linear payload=mono-adpcm frames=255 pitch=0
state case: converter=linear payload=mono-adpcm frames=255 pitch=4096
state case: converter=linear payload=mono-adpcm frames=255 pitch=8192
state case: converter=linear payload=mono-adpcm frames=256 pitch=-8192
state case: converter=linear payload=mono-adpcm frames=256 pitch=-4096
state case: converter=linear payload=mono-adpcm frames=256 pitch=0
state case: converter=linear payload=mono-adpcm frames=256 pitch=4096
state case: converter=linear payload=mono-adpcm frames=256 pitch=8192
state case: converter=linear payload=mono-adpcm frames=257 pitch=-8192
state case: converter=linear payload=mono-adpcm frames=257 pitch=-4096
state case: converter=linear payload=mono-adpcm frames=257 pitch=0
state case: converter=linear payload=mono-adpcm frames=257 pitch=4096
state case: converter=linear payload=mono-adpcm frames=257 pitch=8192
ok 7 /mcpx-apu/resampler-state/linear/mono-adpcm
state case: converter=linear payload=stereo-adpcm frames=1 pitch=-8192
state case: converter=linear payload=stereo-adpcm frames=1 pitch=-4096
state case: converter=linear payload=stereo-adpcm frames=1 pitch=0
state case: converter=linear payload=stereo-adpcm frames=1 pitch=4096
state case: converter=linear payload=stereo-adpcm frames=1 pitch=8192
state case: converter=linear payload=stereo-adpcm frames=2 pitch=-8192
state case: converter=linear payload=stereo-adpcm frames=2 pitch=-4096
state case: converter=linear payload=stereo-adpcm frames=2 pitch=0
state case: converter=linear payload=stereo-adpcm frames=2 pitch=4096
state case: converter=linear payload=stereo-adpcm frames=2 pitch=8192
state case: converter=linear payload=stereo-adpcm frames=7 pitch=-8192
state case: converter=linear payload=stereo-adpcm frames=7 pitch=-4096
state case: converter=linear payload=stereo-adpcm frames=7 pitch=0
state case: converter=linear payload=stereo-adpcm frames=7 pitch=4096
state case: converter=linear payload=stereo-adpcm frames=7 pitch=8192
state case: converter=linear payload=stereo-adpcm frames=31 pitch=-8192
state case: converter=linear payload=stereo-adpcm frames=31 pitch=-4096
state case: converter=linear payload=stereo-adpcm frames=31 pitch=0
state case: converter=linear payload=stereo-adpcm frames=31 pitch=4096
state case: converter=linear payload=stereo-adpcm frames=31 pitch=8192
state case: converter=linear payload=stereo-adpcm frames=32 pitch=-8192
state case: converter=linear payload=stereo-adpcm frames=32 pitch=-4096
state case: converter=linear payload=stereo-adpcm frames=32 pitch=0
state case: converter=linear payload=stereo-adpcm frames=32 pitch=4096
state case: converter=linear payload=stereo-adpcm frames=32 pitch=8192
state case: converter=linear payload=stereo-adpcm frames=33 pitch=-8192
state case: converter=linear payload=stereo-adpcm frames=33 pitch=-4096
state case: converter=linear payload=stereo-adpcm frames=33 pitch=0
state case: converter=linear payload=stereo-adpcm frames=33 pitch=4096
state case: converter=linear payload=stereo-adpcm frames=33 pitch=8192
state case: converter=linear payload=stereo-adpcm frames=63 pitch=-8192
state case: converter=linear payload=stereo-adpcm frames=63 pitch=-4096
state case: converter=linear payload=stereo-adpcm frames=63 pitch=0
state case: converter=linear payload=stereo-adpcm frames=63 pitch=4096
state case: converter=linear payload=stereo-adpcm frames=63 pitch=8192
state case: converter=linear payload=stereo-adpcm frames=64 pitch=-8192
state case: converter=linear payload=stereo-adpcm frames=64 pitch=-4096
state case: converter=linear payload=stereo-adpcm frames=64 pitch=0
state case: converter=linear payload=stereo-adpcm frames=64 pitch=4096
state case: converter=linear payload=stereo-adpcm frames=64 pitch=8192
state case: converter=linear payload=stereo-adpcm frames=65 pitch=-8192
state case: converter=linear payload=stereo-adpcm frames=65 pitch=-4096
state case: converter=linear payload=stereo-adpcm frames=65 pitch=0
state case: converter=linear payload=stereo-adpcm frames=65 pitch=4096
state case: converter=linear payload=stereo-adpcm frames=65 pitch=8192
state case: converter=linear payload=stereo-adpcm frames=127 pitch=-8192
state case: converter=linear payload=stereo-adpcm frames=127 pitch=-4096
state case: converter=linear payload=stereo-adpcm frames=127 pitch=0
state case: converter=linear payload=stereo-adpcm frames=127 pitch=4096
state case: converter=linear payload=stereo-adpcm frames=127 pitch=8192
state case: converter=linear payload=stereo-adpcm frames=128 pitch=-8192
state case: converter=linear payload=stereo-adpcm frames=128 pitch=-4096
state case: converter=linear payload=stereo-adpcm frames=128 pitch=0
state case: converter=linear payload=stereo-adpcm frames=128 pitch=4096
state case: converter=linear payload=stereo-adpcm frames=128 pitch=8192
state case: converter=linear payload=stereo-adpcm frames=129 pitch=-8192
state case: converter=linear payload=stereo-adpcm frames=129 pitch=-4096
state case: converter=linear payload=stereo-adpcm frames=129 pitch=0
state case: converter=linear payload=stereo-adpcm frames=129 pitch=4096
state case: converter=linear payload=stereo-adpcm frames=129 pitch=8192
state case: converter=linear payload=stereo-adpcm frames=255 pitch=-8192
state case: converter=linear payload=stereo-adpcm frames=255 pitch=-4096
state case: converter=linear payload=stereo-adpcm frames=255 pitch=0
state case: converter=linear payload=stereo-adpcm frames=255 pitch=4096
state case: converter=linear payload=stereo-adpcm frames=255 pitch=8192
state case: converter=linear payload=stereo-adpcm frames=256 pitch=-8192
state case: converter=linear payload=stereo-adpcm frames=256 pitch=-4096
state case: converter=linear payload=stereo-adpcm frames=256 pitch=0
state case: converter=linear payload=stereo-adpcm frames=256 pitch=4096
state case: converter=linear payload=stereo-adpcm frames=256 pitch=8192
state case: converter=linear payload=stereo-adpcm frames=257 pitch=-8192
state case: converter=linear payload=stereo-adpcm frames=257 pitch=-4096
state case: converter=linear payload=stereo-adpcm frames=257 pitch=0
state case: converter=linear payload=stereo-adpcm frames=257 pitch=4096
state case: converter=linear payload=stereo-adpcm frames=257 pitch=8192
ok 8 /mcpx-apu/resampler-state/linear/stereo-adpcm
# End of linear tests
# End of resampler-state tests
# End of mcpx-apu tests
