device=llvmpipe (LLVM 19.1.7, 256 bits) actualX=1024 actualInv=1024
PASS format=129 unpack scale=1 pixels=1024 deviceX=1024 inv=1024
PASS format=129 unpack scale=2 pixels=4096 deviceX=1024 inv=1024
PASS format=129 pack scale=1 pixels=1024 deviceX=1024 inv=1024
PASS format=129 pack scale=2 pixels=1024 deviceX=1024 inv=1024
PASS format=130 unpack scale=1 pixels=1024 deviceX=1024 inv=1024
PASS format=130 unpack scale=2 pixels=4096 deviceX=1024 inv=1024
PASS format=130 pack scale=1 pixels=1024 deviceX=1024 inv=1024
PASS format=130 pack scale=2 pixels=1024 deviceX=1024 inv=1024
PASS format=129 unpack scale=1 pixels=1024 deviceX=256 inv=1024
PASS format=129 unpack scale=2 pixels=4096 deviceX=256 inv=1024
PASS format=129 pack scale=1 pixels=1024 deviceX=256 inv=1024
PASS format=129 pack scale=2 pixels=1024 deviceX=256 inv=1024
PASS format=130 unpack scale=1 pixels=1024 deviceX=256 inv=1024
PASS format=130 unpack scale=2 pixels=4096 deviceX=256 inv=1024
PASS format=130 pack scale=1 pixels=1024 deviceX=256 inv=1024
PASS format=130 pack scale=2 pixels=1024 deviceX=256 inv=1024
PASS format=129 unpack scale=1 pixels=1024 deviceX=256 inv=128
PASS format=129 unpack scale=2 pixels=4096 deviceX=256 inv=128
PASS format=129 pack scale=1 pixels=1024 deviceX=256 inv=128
PASS format=129 pack scale=2 pixels=1024 deviceX=256 inv=128
PASS format=130 unpack scale=1 pixels=1024 deviceX=256 inv=128
PASS format=130 unpack scale=2 pixels=4096 deviceX=256 inv=128
PASS format=130 pack scale=1 pixels=1024 deviceX=256 inv=128
PASS format=130 pack scale=2 pixels=1024 deviceX=256 inv=128
PASS format=129 unpack scale=1 pixels=1000 deviceX=192 inv=1024
PASS format=129 unpack scale=2 pixels=4000 deviceX=192 inv=1024
PASS format=129 pack scale=1 pixels=1000 deviceX=192 inv=1024
PASS format=129 pack scale=2 pixels=1000 deviceX=192 inv=1024
PASS format=130 unpack scale=1 pixels=1000 deviceX=192 inv=1024
PASS format=130 unpack scale=2 pixels=4000 deviceX=192 inv=1024
PASS format=130 pack scale=1 pixels=1000 deviceX=192 inv=1024
PASS format=130 pack scale=2 pixels=1000 deviceX=192 inv=1024
PASS native alias format=129 64x16->4x4 generation=0 pixels=16
PASS native alias format=129 64x16->4x4 generation=1 pixels=16
PASS native alias format=129 640x480->32x32 generation=0 pixels=1024
PASS native alias format=129 640x480->32x32 generation=1 pixels=1024
PASS native alias format=130 64x16->4x4 generation=0 pixels=16
PASS native alias format=130 64x16->4x4 generation=1 pixels=16
PASS native alias format=130 640x480->32x32 generation=0 pixels=1024
PASS native alias format=130 640x480->32x32 generation=1 pixels=1024
PASS 32 actual adapter dispatches
