xemu_version: 0.8.136-0-g3e7d71ac140d
xemu_commit: 3e7d71ac140dfad4701750d2868535ba7b3c0e04
xemu_date: Mon Oct  5 06:36:32 UTC 2026
xemu_settings_set_path: config path: /home/deck/xemu-performance/pr30-disk-assets-live/workspace/Results/20261005-064820799-05ede93f6d50437ab135b9b42cd28b73/diagnostics/run-state/effective-live.toml
CPU: AMD Custom APU 0405
OS_Version: SteamOS
GL_VENDOR: AMD
GL_RENDERER: AMD Custom GPU 0405 (radeonsi, vangogh, LLVM 20.1.8, DRM 3.64, 6.16.12-valve24.5-1-neptune-616-gb2f7cfe85e45)
GL_VERSION: 4.6 (Core Profile) Mesa 25.3.0 (git-59b552c765)
GL_SHADING_LANGUAGE_VERSION: 4.60
GL geometry shader winding: 0, 0, 0, 0
2026-10-05T06:48:23.448221Z xemu: info: MCPX APU voice resampler: requested=sinc effective=Fastest Sinc Interpolator libsamplerate=libsamplerate-0.2.2 (c) 2002-2008 Erik de Castro Lopo
2026-10-05T06:48:23.448349Z xemu: info: MCPX APU voice workers: configured=0 effective=8 logical_cpus=8 resampler=sinc
Available physical devices:
- AMD Custom GPU 0405 (RADV VANGOGH) [00000000040000000000000000000000]: compatible
Selected physical device: AMD Custom GPU 0405 (RADV VANGOGH) [00000000040000000000000000000000]
- Vendor: 1002, Device: 163f
- Driver Version: 25.99.99
Enabled device extensions:
- VK_KHR_external_memory_fd
- VK_KHR_external_semaphore_fd
- VK_EXT_custom_border_color
- VK_EXT_memory_budget
- VK_EXT_shader_demote_to_helper_invocation
Vulkan presentation transport: shared external memory
xemu_settings_get_base_path: base path: /home/deck/xemu-performance/pr30-disk-assets-live/workspace/Queue/Testing/agent-p189200-deck-morrowind-02-candidate-v1-t001/
VK geometry shader winding: 0, 0, 0, 0
nv2a/vk: SPIR-V prewarm hits=3 misses=54 rejections=0 fallbacks=0 records=54 source_bytes=506681 spirv_bytes=1080936 loaded_bytes=0 queued_bytes=1587617 write=published
nv2a/vk: family prewarm considered=0 attempted=0 scheduled=0 ready=0 missing=0 deferred=0 rejected=0 retry_exhausted=0 owner_attempts=0 owner_us_total=0 owner_us_max=0 worker_completions=0 worker_us_total=0 worker_us_max=0 demand_hits=0
2026-10-05T06:49:06.364996Z xemu: GLib: g_source_destroy: assertion 'g_atomic_int_get (&source->ref_count) > 0' failed
