device=llvmpipe (LLVM 19.1.7, 256 bits) actualX=1024 actualInv=1024
vendor=10005 device=0000 api=4211036 driver=109056002 type=4
PASS retained format=124 GPU-readback-owned-bytes/padding/eviction/full-rebind-no-upload
PASS retained format=124 partial-guest-write/reject-reuse/dirty-page-supersedes
Vulkan surface readback map failed: -5
Vulkan surface readback invalidate failed: -5
PASS retained format=124 failed-map/failed-invalidate/no-publication/recovery
PASS retained format=124 newer-producer-blocks/flush-releases-image-and-reference
PASS retained format=124 prune12-to10/reset-flush-destroys-all
PASS retained format=129 GPU-readback-owned-bytes/padding/eviction/full-rebind-no-upload
PASS retained format=129 partial-guest-write/reject-reuse/dirty-page-supersedes
Vulkan surface readback map failed: -5
Vulkan surface readback invalidate failed: -5
PASS retained format=129 failed-map/failed-invalidate/no-publication/recovery
PASS retained format=129 newer-producer-blocks/flush-releases-image-and-reference
PASS retained format=129 prune12-to10/reset-flush-destroys-all
PASS retained format=130 GPU-readback-owned-bytes/padding/eviction/full-rebind-no-upload
PASS retained format=130 partial-guest-write/reject-reuse/dirty-page-supersedes
Vulkan surface readback map failed: -5
Vulkan surface readback invalidate failed: -5
PASS retained format=130 failed-map/failed-invalidate/no-publication/recovery
PASS retained format=130 newer-producer-blocks/flush-releases-image-and-reference
PASS retained format=130 prune12-to10/reset-flush-destroys-all
PASS native blit-consumer format=129 mode=partial-copy GPU-readbacks=2 all64bytes=exact
PASS native blit-consumer format=129 mode=full-copy GPU-readbacks=1 all64bytes=exact
PASS native blit-consumer format=129 mode=full-blend GPU-readbacks=2 all64bytes=exact
PASS native blit-consumer format=130 mode=partial-copy GPU-readbacks=2 all64bytes=exact
PASS native blit-consumer format=130 mode=full-copy GPU-readbacks=1 all64bytes=exact
PASS native blit-consumer format=130 mode=full-blend GPU-readbacks=2 all64bytes=exact
image format=129 admission=0
PASS producer roundtrip format=129 generation=0 pixels=1024
PASS native texture-consumer format=129 pixels=16
PASS native alias format=129 64x16->4x4 generation=0 repeat=0 pixels=16 zeroCanonicalized=0
PASS native texture-consumer format=129 pixels=16
PASS native alias format=129 64x16->4x4 generation=0 repeat=1 pixels=16 zeroCanonicalized=0
PASS producer roundtrip format=129 generation=1 pixels=1024
PASS native texture-consumer format=129 pixels=16
PASS native alias format=129 64x16->4x4 generation=1 repeat=0 pixels=16 zeroCanonicalized=0
PASS native texture-consumer format=129 pixels=16
PASS native alias format=129 64x16->4x4 generation=1 repeat=1 pixels=16 zeroCanonicalized=0
PASS runtime admission/rewrite/reuse/failure-recovery format=129 width=64
PASS runtime CPU-read/partial-write/dirty-page/writable-transition format=129 width=64
image format=129 admission=0
PASS producer roundtrip format=129 generation=0 pixels=307200
PASS native texture-consumer format=129 pixels=1024
PASS native alias format=129 640x480->32x32 generation=0 repeat=0 pixels=1024 zeroCanonicalized=0
PASS native texture-consumer format=129 pixels=1024
PASS native alias format=129 640x480->32x32 generation=0 repeat=1 pixels=1024 zeroCanonicalized=0
PASS producer roundtrip format=129 generation=1 pixels=307200
PASS native texture-consumer format=129 pixels=1024
PASS native alias format=129 640x480->32x32 generation=1 repeat=0 pixels=1024 zeroCanonicalized=0
PASS native texture-consumer format=129 pixels=1024
PASS native alias format=129 640x480->32x32 generation=1 repeat=1 pixels=1024 zeroCanonicalized=0
PASS runtime admission/rewrite/reuse/failure-recovery format=129 width=640
PASS runtime CPU-read/partial-write/dirty-page/writable-transition format=129 width=640
image format=129 admission=0
PASS producer roundtrip format=129 generation=0 pixels=2176
PASS native texture-consumer format=129 pixels=1024
PASS native alias format=129 34x64->32x32 generation=0 repeat=0 pixels=1024 zeroCanonicalized=0
PASS native texture-consumer format=129 pixels=1024
PASS native alias format=129 34x64->32x32 generation=0 repeat=1 pixels=1024 zeroCanonicalized=0
PASS producer roundtrip format=129 generation=1 pixels=2176
PASS native texture-consumer format=129 pixels=1024
PASS native alias format=129 34x64->32x32 generation=1 repeat=0 pixels=1024 zeroCanonicalized=0
PASS native texture-consumer format=129 pixels=1024
PASS native alias format=129 34x64->32x32 generation=1 repeat=1 pixels=1024 zeroCanonicalized=0
PASS runtime admission/rewrite/reuse/failure-recovery format=129 width=34
PASS runtime CPU-read/partial-write/dirty-page/writable-transition format=129 width=34
image format=129 admission=0
PASS producer roundtrip format=129 generation=0 pixels=2240
PASS native texture-consumer format=129 pixels=1024
PASS native alias format=129 35x64->32x32 generation=0 repeat=0 pixels=1024 zeroCanonicalized=0
PASS native texture-consumer format=129 pixels=1024
PASS native alias format=129 35x64->32x32 generation=0 repeat=1 pixels=1024 zeroCanonicalized=0
PASS producer roundtrip format=129 generation=1 pixels=2240
PASS native texture-consumer format=129 pixels=1024
PASS native alias format=129 35x64->32x32 generation=1 repeat=0 pixels=1024 zeroCanonicalized=0
PASS native texture-consumer format=129 pixels=1024
PASS native alias format=129 35x64->32x32 generation=1 repeat=1 pixels=1024 zeroCanonicalized=0
PASS runtime admission/rewrite/reuse/failure-recovery format=129 width=35
PASS runtime CPU-read/partial-write/dirty-page/writable-transition format=129 width=35
image format=130 admission=0
PASS producer roundtrip format=130 generation=0 pixels=1024
PASS native texture-consumer format=130 pixels=16
PASS native alias format=130 64x16->4x4 generation=0 repeat=0 pixels=16 zeroCanonicalized=0
PASS native texture-consumer format=130 pixels=16
PASS native alias format=130 64x16->4x4 generation=0 repeat=1 pixels=16 zeroCanonicalized=0
PASS producer roundtrip format=130 generation=1 pixels=1024
PASS native texture-consumer format=130 pixels=16
PASS native alias format=130 64x16->4x4 generation=1 repeat=0 pixels=16 zeroCanonicalized=0
PASS native texture-consumer format=130 pixels=16
PASS native alias format=130 64x16->4x4 generation=1 repeat=1 pixels=16 zeroCanonicalized=0
PASS runtime admission/rewrite/reuse/failure-recovery format=130 width=64
PASS runtime CPU-read/partial-write/dirty-page/writable-transition format=130 width=64
image format=130 admission=0
PASS producer roundtrip format=130 generation=0 pixels=307200
PASS native texture-consumer format=130 pixels=1024
PASS native alias format=130 640x480->32x32 generation=0 repeat=0 pixels=1024 zeroCanonicalized=0
PASS native texture-consumer format=130 pixels=1024
PASS native alias format=130 640x480->32x32 generation=0 repeat=1 pixels=1024 zeroCanonicalized=0
PASS producer roundtrip format=130 generation=1 pixels=307200
PASS native texture-consumer format=130 pixels=1024
PASS native alias format=130 640x480->32x32 generation=1 repeat=0 pixels=1024 zeroCanonicalized=0
PASS native texture-consumer format=130 pixels=1024
PASS native alias format=130 640x480->32x32 generation=1 repeat=1 pixels=1024 zeroCanonicalized=0
PASS runtime admission/rewrite/reuse/failure-recovery format=130 width=640
PASS runtime CPU-read/partial-write/dirty-page/writable-transition format=130 width=640
image format=130 admission=0
PASS producer roundtrip format=130 generation=0 pixels=2176
PASS native texture-consumer format=130 pixels=1024
PASS native alias format=130 34x64->32x32 generation=0 repeat=0 pixels=1024 zeroCanonicalized=0
PASS native texture-consumer format=130 pixels=1024
PASS native alias format=130 34x64->32x32 generation=0 repeat=1 pixels=1024 zeroCanonicalized=0
PASS producer roundtrip format=130 generation=1 pixels=2176
PASS native texture-consumer format=130 pixels=1024
PASS native alias format=130 34x64->32x32 generation=1 repeat=0 pixels=1024 zeroCanonicalized=0
PASS native texture-consumer format=130 pixels=1024
PASS native alias format=130 34x64->32x32 generation=1 repeat=1 pixels=1024 zeroCanonicalized=0
PASS runtime admission/rewrite/reuse/failure-recovery format=130 width=34
PASS runtime CPU-read/partial-write/dirty-page/writable-transition format=130 width=34
image format=130 admission=0
PASS producer roundtrip format=130 generation=0 pixels=2240
PASS native texture-consumer format=130 pixels=1024
PASS native alias format=130 35x64->32x32 generation=0 repeat=0 pixels=1024 zeroCanonicalized=0
PASS native texture-consumer format=130 pixels=1024
PASS native alias format=130 35x64->32x32 generation=0 repeat=1 pixels=1024 zeroCanonicalized=0
PASS producer roundtrip format=130 generation=1 pixels=2240
PASS native texture-consumer format=130 pixels=1024
PASS native alias format=130 35x64->32x32 generation=1 repeat=0 pixels=1024 zeroCanonicalized=0
PASS native texture-consumer format=130 pixels=1024
PASS native alias format=130 35x64->32x32 generation=1 repeat=1 pixels=1024 zeroCanonicalized=0
PASS runtime admission/rewrite/reuse/failure-recovery format=130 width=35
PASS runtime CPU-read/partial-write/dirty-page/writable-transition format=130 width=35
PASS native retirement format=129 pending10/prune-protected/bound-drain11/queued-image-oracle/flush
PASS native retirement format=130 pending10/prune-protected/bound-drain11/queued-image-oracle/flush
RESULT validation=enabled errors=0
