xemu_version: 0.8.136-0-gee5ce48b4878
xemu_commit: ee5ce48b48784f999af374c1452003f8b2b1230f
xemu_date: Thu Oct  1 08:59:42 UTC 2026
xemu_settings_set_path: config path: /home/deck/xemu-research/workspace/Results/20261001-185009712-57d17139e3434e3daf4d07eeb402e64b/diagnostics/run-state/effective-live.toml
CPU: AMD Custom APU 0405
OS_Version: SteamOS
GL_VENDOR: AMD
GL_RENDERER: AMD Custom GPU 0405 (radeonsi, vangogh, LLVM 20.1.8, DRM 3.64, 6.16.12-valve24.5-1-neptune-616-gb2f7cfe85e45)
GL_VERSION: 4.6 (Core Profile) Mesa 25.3.0 (git-59b552c765)
GL_SHADING_LANGUAGE_VERSION: 4.60
GL geometry shader winding: 0, 0, 0, 0
Available physical devices:
- AMD Custom GPU 0405 (RADV VANGOGH) [00000000040000000000000000000000]: compatible
Selected physical device: AMD Custom GPU 0405 (RADV VANGOGH) [00000000040000000000000000000000]
- Vendor: 1002, Device: 163f
- Driver Version: 25.99.99
Enabled device extensions:
- VK_KHR_external_memory_fd
- VK_KHR_external_semaphore_fd
- VK_EXT_custom_border_color
- VK_EXT_memory_budget
- VK_EXT_shader_demote_to_helper_invocation
Vulkan presentation transport: shared external memory
xemu_settings_get_base_path: base path: /home/deck/xemu-research/workspace/Queue/Testing/agent-issue229-deck-parent-stationary-v2-20261001/
VK geometry shader winding: 0, 0, 0, 0
nv2a/vk: SPIR-V prewarm hits=181 misses=251 rejections=0 fallbacks=0 records=251 source_bytes=3027358 spirv_bytes=4969352 loaded_bytes=0 queued_bytes=7996710 write=published
nv2a/vk: family prewarm considered=0 attempted=0 scheduled=0 ready=0 missing=0 deferred=0 rejected=0 retry_exhausted=0 owner_attempts=0 owner_us_total=0 owner_us_max=0 worker_completions=0 worker_us_total=0 worker_us_max=0 demand_hits=0
